../Core/Inc/servo.h:46:20:Servo_Center	16	static
../Core/Src/main.c:201:6:HAL_UART_RxCpltCallback	24	static
../Core/Src/main.c:222:6:HAL_UART_ErrorCallback	16	static
../Core/Src/main.c:230:15:parse_instruction_plan	48	static
../Core/Src/main.c:280:13:configure_servo_for_motion	32	static
../Core/Src/main.c:296:13:perform_initial_calibration	16	static
../Core/Src/main.c:312:13:perform_first_uart_calibration	8	static
../Core/Src/main.c:330:13:reset_motion_state	8	static
../Core/Src/main.c:338:13:run_instruction_plan	216	static
../Core/Src/main.c:372:13:execute_straight_move	16	static
../Core/Src/main.c:387:13:execute_turn_move	32	static
../Core/Src/main.c:404:5:main	16	static
../Core/Src/main.c:529:6:SystemClock_Config	88	static
../Core/Src/main.c:571:13:MX_I2C2_Init	8	static
../Core/Src/main.c:605:13:MX_TIM2_Init	56	static
../Core/Src/main.c:654:13:MX_TIM3_Init	56	static
../Core/Src/main.c:703:13:MX_TIM4_Init	64	static
../Core/Src/main.c:766:13:MX_TIM5_Init	32	static
../Core/Src/main.c:811:13:MX_TIM8_Init	96	static
../Core/Src/main.c:886:13:MX_TIM9_Init	56	static
../Core/Src/main.c:942:13:MX_TIM12_Init	40	static
../Core/Src/main.c:993:13:MX_USART3_UART_Init	8	static
../Core/Src/main.c:1026:13:MX_GPIO_Init	48	static
../Core/Src/main.c:1084:13:oled_draw_default_layout	8	static
../Core/Src/main.c:1093:13:format_rate_line	56	static
../Core/Src/main.c:1103:13:oled_show_avg_screen	64	static
../Core/Src/main.c:1137:13:uart_send_response	24	static
../Core/Src/main.c:1155:17:ring_advance	16	static
../Core/Src/main.c:1160:13:process_serial_input	16	static
../Core/Src/main.c:1184:13:wait_for_motion_completion	8	static
../Core/Src/main.c:1192:13:determine_turn_opcode	16	static
../Core/Src/main.c:1205:13:command_display_code	24	static
../Core/Src/main.c:1261:13:execute_command	72	static
../Core/Src/main.c:1430:6:StartDefaultTask	24	static
../Core/Src/main.c:1497:6:control_task	16	static
../Core/Src/main.c:1518:6:oled_task	80	static
../Core/Src/main.c:1609:6:uart_task	32	static
../Core/Src/main.c:1662:6:Error_Handler	4	static,ignoring_inline_asm
