Archive member included to satisfy reference by file (symbol)

/Applications/STM32CubeIDE.app/Contents/Eclipse/plugins/com.st.stm32cube.ide.mcu.externaltools.gnu-tools-for-stm32.13.3.rel1.macos64_1.0.0.202411102158/tools/bin/../lib/gcc/arm-none-eabi/13.3.1/../../../../arm-none-eabi/lib/thumb/v7e-m+fp/hard/libc_nano.a(libc_a-exit.o)
                              /Applications/STM32CubeIDE.app/Contents/Eclipse/plugins/com.st.stm32cube.ide.mcu.externaltools.gnu-tools-for-stm32.13.3.rel1.macos64_1.0.0.202411102158/tools/bin/../lib/gcc/arm-none-eabi/13.3.1/../../../../arm-none-eabi/lib/thumb/v7e-m+fp/hard/crt0.o (exit)
/Applications/STM32CubeIDE.app/Contents/Eclipse/plugins/com.st.stm32cube.ide.mcu.externaltools.gnu-tools-for-stm32.13.3.rel1.macos64_1.0.0.202411102158/tools/bin/../lib/gcc/arm-none-eabi/13.3.1/../../../../arm-none-eabi/lib/thumb/v7e-m+fp/hard/libc_nano.a(libc_a-nano-vfprintf_float.o)
                              (_printf_float)
/Applications/STM32CubeIDE.app/Contents/Eclipse/plugins/com.st.stm32cube.ide.mcu.externaltools.gnu-tools-for-stm32.13.3.rel1.macos64_1.0.0.202411102158/tools/bin/../lib/gcc/arm-none-eabi/13.3.1/../../../../arm-none-eabi/lib/thumb/v7e-m+fp/hard/libc_nano.a(libc_a-nano-vfprintf_i.o)
                              /Applications/STM32CubeIDE.app/Contents/Eclipse/plugins/com.st.stm32cube.ide.mcu.externaltools.gnu-tools-for-stm32.13.3.rel1.macos64_1.0.0.202411102158/tools/bin/../lib/gcc/arm-none-eabi/13.3.1/../../../../arm-none-eabi/lib/thumb/v7e-m+fp/hard/libc_nano.a(libc_a-nano-vfprintf_float.o) (_printf_common)
/Applications/STM32CubeIDE.app/Contents/Eclipse/plugins/com.st.stm32cube.ide.mcu.externaltools.gnu-tools-for-stm32.13.3.rel1.macos64_1.0.0.202411102158/tools/bin/../lib/gcc/arm-none-eabi/13.3.1/../../../../arm-none-eabi/lib/thumb/v7e-m+fp/hard/libc_nano.a(libc_a-findfp.o)
                              /Applications/STM32CubeIDE.app/Contents/Eclipse/plugins/com.st.stm32cube.ide.mcu.externaltools.gnu-tools-for-stm32.13.3.rel1.macos64_1.0.0.202411102158/tools/bin/../lib/gcc/arm-none-eabi/13.3.1/../../../../arm-none-eabi/lib/thumb/v7e-m+fp/hard/libc_nano.a(libc_a-exit.o) (__stdio_exit_handler)
/Applications/STM32CubeIDE.app/Contents/Eclipse/plugins/com.st.stm32cube.ide.mcu.externaltools.gnu-tools-for-stm32.13.3.rel1.macos64_1.0.0.202411102158/tools/bin/../lib/gcc/arm-none-eabi/13.3.1/../../../../arm-none-eabi/lib/thumb/v7e-m+fp/hard/libc_nano.a(libc_a-fwalk.o)
                              /Applications/STM32CubeIDE.app/Contents/Eclipse/plugins/com.st.stm32cube.ide.mcu.externaltools.gnu-tools-for-stm32.13.3.rel1.macos64_1.0.0.202411102158/tools/bin/../lib/gcc/arm-none-eabi/13.3.1/../../../../arm-none-eabi/lib/thumb/v7e-m+fp/hard/libc_nano.a(libc_a-findfp.o) (_fwalk_sglue)
/Applications/STM32CubeIDE.app/Contents/Eclipse/plugins/com.st.stm32cube.ide.mcu.externaltools.gnu-tools-for-stm32.13.3.rel1.macos64_1.0.0.202411102158/tools/bin/../lib/gcc/arm-none-eabi/13.3.1/../../../../arm-none-eabi/lib/thumb/v7e-m+fp/hard/libc_nano.a(libc_a-memset.o)
                              /Applications/STM32CubeIDE.app/Contents/Eclipse/plugins/com.st.stm32cube.ide.mcu.externaltools.gnu-tools-for-stm32.13.3.rel1.macos64_1.0.0.202411102158/tools/bin/../lib/gcc/arm-none-eabi/13.3.1/../../../../arm-none-eabi/lib/thumb/v7e-m+fp/hard/crt0.o (memset)
/Applications/STM32CubeIDE.app/Contents/Eclipse/plugins/com.st.stm32cube.ide.mcu.externaltools.gnu-tools-for-stm32.13.3.rel1.macos64_1.0.0.202411102158/tools/bin/../lib/gcc/arm-none-eabi/13.3.1/../../../../arm-none-eabi/lib/thumb/v7e-m+fp/hard/libc_nano.a(libc_a-errno.o)
                              ./Core/Src/syscalls.o (__errno)
/Applications/STM32CubeIDE.app/Contents/Eclipse/plugins/com.st.stm32cube.ide.mcu.externaltools.gnu-tools-for-stm32.13.3.rel1.macos64_1.0.0.202411102158/tools/bin/../lib/gcc/arm-none-eabi/13.3.1/../../../../arm-none-eabi/lib/thumb/v7e-m+fp/hard/libc_nano.a(libc_a-init.o)
                              /Applications/STM32CubeIDE.app/Contents/Eclipse/plugins/com.st.stm32cube.ide.mcu.externaltools.gnu-tools-for-stm32.13.3.rel1.macos64_1.0.0.202411102158/tools/bin/../lib/gcc/arm-none-eabi/13.3.1/../../../../arm-none-eabi/lib/thumb/v7e-m+fp/hard/crt0.o (__libc_init_array)
/Applications/STM32CubeIDE.app/Contents/Eclipse/plugins/com.st.stm32cube.ide.mcu.externaltools.gnu-tools-for-stm32.13.3.rel1.macos64_1.0.0.202411102158/tools/bin/../lib/gcc/arm-none-eabi/13.3.1/../../../../arm-none-eabi/lib/thumb/v7e-m+fp/hard/libc_nano.a(libc_a-lock.o)
                              /Applications/STM32CubeIDE.app/Contents/Eclipse/plugins/com.st.stm32cube.ide.mcu.externaltools.gnu-tools-for-stm32.13.3.rel1.macos64_1.0.0.202411102158/tools/bin/../lib/gcc/arm-none-eabi/13.3.1/../../../../arm-none-eabi/lib/thumb/v7e-m+fp/hard/libc_nano.a(libc_a-findfp.o) (__retarget_lock_init_recursive)
[...]
Memory Configuration

Name             Origin             Length             Attributes
CCMRAM           0x10000000         0x00010000         xrw
RAM              0x20000000         0x00020000         xrw
FLASH            0x08000000         0x00080000         xr
*default*        0x00000000         0xffffffff

Linker script and memory map

LOAD /Applications/STM32CubeIDE.app/Contents/Eclipse/plugins/com.st.stm32cube.ide.mcu.externaltools.gnu-tools-for-stm32.13.3.rel1.macos64_1.0.0.202411102158/tools/bin/../lib/gcc/arm-none-eabi/13.3.1/thumb/v7e-m+fp/hard/crti.o
LOAD /Applications/STM32CubeIDE.app/Contents/Eclipse/plugins/com.st.stm32cube.ide.mcu.externaltools.gnu-tools-for-stm32.13.3.rel1.macos64_1.0.0.202411102158/tools/bin/../lib/gcc/arm-none-eabi/13.3.1/thumb/v7e-m+fp/hard/crtbegin.o
LOAD /Applications/STM32CubeIDE.app/Contents/Eclipse/plugins/com.st.stm32cube.ide.mcu.externaltools.gnu-tools-for-stm32.13.3.rel1.macos64_1.0.0.202411102158/tools/bin/../lib/gcc/arm-none-eabi/13.3.1/../../../../arm-none-eabi/lib/thumb/v7e-m+fp/hard/crt0.o
LOAD ./Core/Src/ICM20948.o
LOAD ./Core/Src/control.o
LOAD ./Core/Src/freertos.o
LOAD ./Core/Src/imu.o
LOAD ./Core/Src/madgwick.o
LOAD ./Core/Src/main.o
LOAD ./Core/Src/motor.o
LOAD ./Core/Src/movements.o
LOAD ./Core/Src/oled.o
LOAD ./Core/Src/pid.o
LOAD ./Core/Src/sensor.o
LOAD ./Core/Src/servo.o
LOAD ./Core/Src/stm32f4xx_hal_msp.o
LOAD ./Core/Src/stm32f4xx_it.o
LOAD ./Core/Src/syscalls.o
LOAD ./Core/Src/sysmem.o
LOAD ./Core/Src/system_stm32f4xx.o
LOAD ./Core/Src/userButton.o
LOAD ./Core/Startup/startup_stm32f407vetx.o
LOAD ./Drivers/STM32F4xx_HAL_Driver/Src/stm32f4xx_hal.o
LOAD ./Drivers/STM32F4xx_HAL_Driver/Src/stm32f4xx_hal_cortex.o
LOAD ./Drivers/STM32F4xx_HAL_Driver/Src/stm32f4xx_hal_dma.o
LOAD ./Drivers/STM32F4xx_HAL_Driver/Src/stm32f4xx_hal_dma_ex.o
LOAD ./Drivers/STM32F4xx_HAL_Driver/Src/stm32f4xx_hal_exti.o
LOAD ./Drivers/STM32F4xx_HAL_Driver/Src/stm32f4xx_hal_flash.o
LOAD ./Drivers/STM32F4xx_HAL_Driver/Src/stm32f4xx_hal_flash_ex.o
LOAD ./Drivers/STM32F4xx_HAL_Driver/Src/stm32f4xx_hal_flash_ramfunc.o
LOAD ./Drivers/STM32F4xx_HAL_Driver/Src/stm32f4xx_hal_gpio.o
LOAD ./Drivers/STM32F4xx_HAL_Driver/Src/stm32f4xx_hal_i2c.o
LOAD ./Drivers/STM32F4xx_HAL_Driver/Src/stm32f4xx_hal_i2c_ex.o
LOAD ./Drivers/STM32F4xx_HAL_Driver/Src/stm32f4xx_hal_pwr.o
LOAD ./Drivers/STM32F4xx_HAL_Driver/Src/stm32f4xx_hal_pwr_ex.o
LOAD ./Drivers/STM32F4xx_HAL_Driver/Src/stm32f4xx_hal_rcc.o
LOAD ./Drivers/STM32F4xx_HAL_Driver/Src/stm32f4xx_hal_rcc_ex.o
LOAD ./Drivers/STM32F4xx_HAL_Driver/Src/stm32f4xx_hal_tim.o
LOAD ./Drivers/STM32F4xx_HAL_Driver/Src/stm32f4xx_hal_tim_ex.o
LOAD ./Drivers/STM32F4xx_HAL_Driver/Src/stm32f4xx_hal_uart.o
LOAD ./Middlewares/Third_Party/FreeRTOS/Source/CMSIS_RTOS_V2/cmsis_os2.o
LOAD ./Middlewares/Third_Party/FreeRTOS/Source/croutine.o
LOAD ./Middlewares/Third_Party/FreeRTOS/Source/event_groups.o
LOAD ./Middlewares/Third_Party/FreeRTOS/Source/list.o
LOAD ./Middlewares/Third_Party/FreeRTOS/Source/queue.o
LOAD ./Middlewares/Third_Party/FreeRTOS/Source/stream_buffer.o
LOAD ./Middlewares/Third_Party/FreeRTOS/Source/tasks.o
LOAD ./Middlewares/Third_Party/FreeRTOS/Source/timers.o
LOAD ./Middlewares/Third_Party/FreeRTOS/Source/portable/GCC/ARM_CM4F/port.o
LOAD ./Middlewares/Third_Party/FreeRTOS/Source/portable/MemMang/heap_4.o
START GROUP
LOAD /Applications/STM32CubeIDE.app/Contents/Eclipse/plugins/com.st.stm32cube.ide.mcu.externaltools.gnu-tools-for-stm32.13.3.rel1.macos64_1.0.0.202411102158/tools/bin/../lib/gcc/arm-none-eabi/13.3.1/../../../../arm-none-eabi/lib/thumb/v7e-m+fp/hard/libc_nano.a
LOAD /Applications/STM32CubeIDE.app/Contents/Eclipse/plugins/com.st.stm32cube.ide.mcu.externaltools.gnu-tools-for-stm32.13.3.rel1.macos64_1.0.0.202411102158/tools/bin/../lib/gcc/arm-none-eabi/13.3.1/../../../../arm-none-eabi/lib/thumb/v7e-m+fp/hard/libm.a
END GROUP
START GROUP
LOAD /Applications/STM32CubeIDE.app/Contents/Eclipse/plugins/com.st.stm32cube.ide.mcu.externaltools.gnu-tools-for-stm32.13.3.rel1.macos64_1.0.0.202411102158/tools/bin/../lib/gcc/arm-none-eabi/13.3.1/thumb/v7e-m+fp/hard/libgcc.a
LOAD /Applications/STM32CubeIDE.app/Contents/Eclipse/plugins/com.st.stm32cube.ide.mcu.externaltools.gnu-tools-for-stm32.13.3.rel1.macos64_1.0.0.202411102158/tools/bin/../lib/gcc/arm-none-eabi/13.3.1/../../../../arm-none-eabi/lib/thumb/v7e-m+fp/hard/libc_nano.a
END GROUP
START GROUP
LOAD /Applications/STM32CubeIDE.app/Contents/Eclipse/plugins/com.st.stm32cube.ide.mcu.externaltools.gnu-tools-for-stm32.13.3.rel1.macos64_1.0.0.202411102158/tools/bin/../lib/gcc/arm-none-eabi/13.3.1/thumb/v7e-m+fp/hard/libgcc.a
LOAD /Applications/STM32CubeIDE.app/Contents/Eclipse/plugins/com.st.stm32cube.ide.mcu.externaltools.gnu-tools-for-stm32.13.3.rel1.macos64_1.0.0.202411102158/tools/bin/../lib/gcc/arm-none-eabi/13.3.1/../../../../arm-none-eabi/lib/thumb/v7e-m+fp/hard/libc_nano.a
LOAD /Applications/STM32CubeIDE.app/Contents/Eclipse/plugins/com.st.stm32cube.ide.mcu.externaltools.gnu-tools-for-stm32.13.3.rel1.macos64_1.0.0.202411102158/tools/bin/../lib/gcc/arm-none-eabi/13.3.1/../../../../arm-none-eabi/lib/thumb/v7e-m+fp/hard/libnosys.a
END GROUP
START GROUP
LOAD /Applications/STM32CubeIDE.app/Contents/Eclipse/plugins/com.st.stm32cube.ide.mcu.externaltools.gnu-tools-for-stm32.13.3.rel1.macos64_1.0.0.202411102158/tools/bin/../lib/gcc/arm-none-eabi/13.3.1/thumb/v7e-m+fp/hard/libgcc.a
LOAD /Applications/STM32CubeIDE.app/Contents/Eclipse/plugins/com.st.stm32cube.ide.mcu.externaltools.gnu-tools-for-stm32.13.3.rel1.macos64_1.0.0.202411102158/tools/bin/../lib/gcc/arm-none-eabi/13.3.1/../../../../arm-none-eabi/lib/thumb/v7e-m+fp/hard/libc_nano.a
LOAD /Applications/STM32CubeIDE.app/Contents/Eclipse/plugins/com.st.stm32cube.ide.mcu.externaltools.gnu-tools-for-stm32.13.3.rel1.macos64_1.0.0.202411102158/tools/bin/../lib/gcc/arm-none-eabi/13.3.1/../../../../arm-none-eabi/lib/thumb/v7e-m+fp/hard/libnosys.a
END GROUP
LOAD /Applications/STM32CubeIDE.app/Contents/Eclipse/plugins/com.st.stm32cube.ide.mcu.externaltools.gnu-tools-for-stm32.13.3.rel1.macos64_1.0.0.202411102158/tools/bin/../lib/gcc/arm-none-eabi/13.3.1/thumb/v7e-m+fp/hard/crtend.o
LOAD /Applications/STM32CubeIDE.app/Contents/Eclipse/plugins/com.st.stm32cube.ide.mcu.externaltools.gnu-tools-for-stm32.13.3.rel1.macos64_1.0.0.202411102158/tools/bin/../lib/gcc/arm-none-eabi/13.3.1/thumb/v7e-m+fp/hard/crtn.o
                0x20020000                        _estack = (ORIGIN (RAM) + LENGTH (RAM))
                0x00000200                        _Min_Heap_Size = 0x200
                0x00000400                        _Min_Stack_Size = 0x400

.isr_vector     0x08000000      0x188
                0x08000000                        . = ALIGN (0x4)
 *(.isr_vector)
 .isr_vector    0x08000000      0x188 ./Core/Startup/startup_stm32f407vetx.o
                0x08000000                g_pfnVectors
                0x08000188                        . = ALIGN (0x4)

.text           0x08000190     0xf888
                0x08000190                        . = ALIGN (0x4)
 *(.text)
 .text          0x08000190       0x40 /Applications/STM32CubeIDE.app/Contents/Eclipse/plugins/com.st.stm32cube.ide.mcu.externaltools.gnu-tools-for-stm32.13.3.rel1.macos64_1.0.0.202411102158/tools/bin/../lib/gcc/arm-none-eabi/13.3.1/thumb/v7e-m+fp/hard/crtbegin.o
 .text          0x080001d0       0xa0 /Applications/STM32CubeIDE.app/Contents/Eclipse/plugins/com.st.stm32cube.ide.mcu.externaltools.gnu-tools-for-stm32.13.3.rel1.macos64_1.0.0.202411102158/tools/bin/../lib/gcc/arm-none-eabi/13.3.1/../../../../arm-none-eabi/lib/thumb/v7e-m+fp/hard/libc_nano.a(libc_a-memchr.o)
                0x080001d0                memchr
 .text          0x08000270       0x10 /Applications/STM32CubeIDE.app/Contents/Eclipse/plugins/com.st.stm32cube.ide.mcu.externaltools.gnu-tools-for-stm32.13.3.rel1.macos64_1.0.0.202411102158/tools/bin/../lib/gcc/arm-none-eabi/13.3.1/../../../../arm-none-eabi/lib/thumb/v7e-m+fp/hard/libc_nano.a(libc_a-strlen.o)
                0x08000270                strlen
 .text          0x08000280      0x378 /Applications/STM32CubeIDE.app/Contents/Eclipse/plugins/com.st.stm32cube.ide.mcu.externaltools.gnu-tools-for-stm32.13.3.rel1.macos64_1.0.0.202411102158/tools/bin/../lib/gcc/arm-none-eabi/13.3.1/thumb/v7e-m+fp/hard/libgcc.a(_arm_addsubdf3.o)
                0x08000280                __aeabi_drsub
                0x08000288                __subdf3
                0x08000288                __aeabi_dsub
                0x0800028c                __aeabi_dadd
                0x0800028c                __adddf3
                0x08000504                __aeabi_ui2d
                0x08000504                __floatunsidf
                0x08000524                __floatsidf
                0x08000524                __aeabi_i2d
                0x08000548                __extendsfdf2
                0x08000548                __aeabi_f2d
                0x0800058c                __aeabi_ul2d
                0x0800058c                __floatundidf
                0x0800059c                __aeabi_l2d
                0x0800059c                __floatdidf
 .text          0x080005f8      0x424 /Applications/STM32CubeIDE.app/Contents/Eclipse/plugins/com.st.stm32cube.ide.mcu.externaltools.gnu-tools-for-stm32.13.3.rel1.macos64_1.0.0.202411102158/tools/bin/../lib/gcc/arm-none-eabi/13.3.1/thumb/v7e-m+fp/hard/libgcc.a(_arm_muldivdf3.o)
                0x080005f8                __aeabi_dmul
                0x080005f8                __muldf3
                0x0800084c                __aeabi_ddiv
                0x0800084c                __divdf3
 .text          0x08000a1c      0x110 /Applications/STM32CubeIDE.app/Contents/Eclipse/plugins/com.st.stm32cube.ide.mcu.externaltools.gnu-tools-for-stm32.13.3.rel1.macos64_1.0.0.202411102158/tools/bin/../lib/gcc/arm-none-eabi/13.3.1/thumb/v7e-m+fp/hard/libgcc.a(_arm_cmpdf2.o)
                0x08000a1c                __gedf2
                0x08000a1c                __gtdf2
                0x08000a24                __ledf2
                0x08000a24                __ltdf2
                0x08000a2c                __cmpdf2
                0x08000a2c                __eqdf2
                0x08000a2c                __nedf2
                0x08000aa8                __aeabi_cdrcmple
                0x08000ab8                __aeabi_cdcmple
                0x08000ab8                __aeabi_cdcmpeq
                0x08000ac8                __aeabi_dcmpeq
                0x08000adc                __aeabi_dcmplt
                0x08000af0                __aeabi_dcmple
                0x08000b04                __aeabi_dcmpge
                0x08000b18                __aeabi_dcmpgt
 .text          0x08000b2c       0x2c /Applications/STM32CubeIDE.app/Contents/Eclipse/plugins/com.st.stm32cube.ide.mcu.externaltools.gnu-tools-for-stm32.13.3.rel1.macos64_1.0.0.202411102158/tools/bin/../lib/gcc/arm-none-eabi/13.3.1/thumb/v7e-m+fp/hard/libgcc.a(_arm_unorddf2.o)
                0x08000b2c                __aeabi_dcmpun
                0x08000b2c                __unorddf2
 .text          0x08000b58       0x50 /Applications/STM32CubeIDE.app/Contents/Eclipse/plugins/com.st.stm32cube.ide.mcu.externaltools.gnu-tools-for-stm32.13.3.rel1.macos64_1.0.0.202411102158/tools/bin/../lib/gcc/arm-none-eabi/13.3.1/thumb/v7e-m+fp/hard/libgcc.a(_arm_fixdfsi.o)
                0x08000b58                __fixdfsi
                0x08000b58                __aeabi_d2iz
 .text          0x08000ba8       0x30 /Applications/STM32CubeIDE.app/Contents/Eclipse/plugins/com.st.stm32cube.ide.mcu.externaltools.gnu-tools-for-stm32.13.3.rel1.macos64_1.0.0.202411102158/tools/bin/../lib/gcc/arm-none-eabi/13.3.1/thumb/v7e-m+fp/hard/libgcc.a(_aeabi_uldivmod.o)
                0x08000ba8                __aeabi_uldivmod
 .text          0x08000bd8      0x2f8 /Applications/STM32CubeIDE.app/Contents/Eclipse/plugins/com.st.stm32cube.ide.mcu.externaltools.gnu-tools-for-stm32.13.3.rel1.macos64_1.0.0.202411102158/tools/bin/../lib/gcc/arm-none-eabi/13.3.1/thumb/v7e-m+fp/hard/libgcc.a(_udivmoddi4.o)
                0x08000bd8                __udivmoddi4
 .text          0x08000ed0        0x4 /Applications/STM32CubeIDE.app/Contents/Eclipse/plugins/com.st.stm32cube.ide.mcu.externaltools.gnu-tools-for-stm32.13.3.rel1.macos64_1.0.0.202411102158/tools/bin/../lib/gcc/arm-none-eabi/13.3.1/thumb/v7e-m+fp/hard/libgcc.a(_dvmd_tls.o)
                0x08000ed0                __aeabi_ldiv0
                0x08000ed0                __aeabi_idiv0
 *(.text*)
 .text._ICM20948_SelectUserBank
                0x08000ed4       0x58 ./Core/Src/ICM20948.o
 .text._ICM20948_WriteByte
                0x08000f2c       0x5a ./Core/Src/ICM20948.o
 .text._ICM20948_BurstRead
                0x08000f86       0x5a ./Core/Src/ICM20948.o
 .text.ICM20948_isI2cAddress1
                0x08000fe0       0x2c ./Core/Src/ICM20948.o
                0x08000fe0                ICM20948_isI2cAddress1
 .text.ICM20948_isI2cAddress2
                0x0800100c       0x2c ./Core/Src/ICM20948.o
                0x0800100c                ICM20948_isI2cAddress2
 .text.ICM20948_init
                0x08001038       0xd8 ./Core/Src/ICM20948.o
                0x08001038                ICM20948_init
 .text.ICM20948_readGyroscope_Z
                0x08001110       0x48 ./Core/Src/ICM20948.o
                0x08001110                ICM20948_readGyroscope_Z
 .text.icm_enable_bypass_
                0x08001158       0x68 ./Core/Src/ICM20948.o
 .text.ICM20948_mag_enable
                0x080011c0       0xe4 ./Core/Src/ICM20948.o
                0x080011c0                ICM20948_mag_enable
 .text.control_is_due
                0x080012a4       0x18 ./Core/Src/control.o
                0x080012a4                control_is_due
 .text.control_clear_due
                0x080012bc       0x18 ./Core/Src/control.o
                0x080012bc                control_clear_due
 .text.control_init
                0x080012d4       0x94 ./Core/Src/control.o
                0x080012d4                control_init
 .text.control_set_target_ticks_per_dt
                0x08001368       0xe4 ./Core/Src/control.o
                0x08001368                control_set_target_ticks_per_dt
 .text.control_sync_encoders
                0x0800144c       0x30 ./Core/Src/control.o
                0x0800144c                control_sync_encoders
 .text.control_step
                0x0800147c      0x188 ./Core/Src/control.o
                0x0800147c                control_step
 .text.HAL_TIM_PeriodElapsedCallback
                0x08001604       0x2c ./Core/Src/control.o
                0x08001604                HAL_TIM_PeriodElapsedCallback
 .text.control_get_target_and_measured
                0x08001630       0x64 ./Core/Src/control.o
                0x08001630                control_get_target_and_measured
 .text.mag_cal_reset_
                0x08001694       0x38 ./Core/Src/imu.o
 .text.wrap180  0x080016cc       0x70 ./Core/Src/imu.o
 .text.imu_calibrate_bias_
                0x0800173c       0x9c ./Core/Src/imu.o
 .text.imu_init
                0x080017d8       0xa8 ./Core/Src/imu.o
                0x080017d8                imu_init
 .text.imu_calibrate_bias_blocking
                0x08001880       0x28 ./Core/Src/imu.o
                0x08001880                imu_calibrate_bias_blocking
 .text.imu_get_yaw
                0x080018a8       0x1c ./Core/Src/imu.o
                0x080018a8                imu_get_yaw
 .text.imu_zero_yaw
                0x080018c4       0x1c ./Core/Src/imu.o
                0x080018c4                imu_zero_yaw
 .text.imu_update_yaw_100Hz
                0x080018e0       0xc4 ./Core/Src/imu.o
                0x080018e0                imu_update_yaw_100Hz
 .text.Servo_Center
                0x080019a4       0x1c ./Core/Src/main.o
 .text.instruction_to_text
                0x080019c0       0xfc ./Core/Src/main.o
 .text.main     0x08001abc       0xe4 ./Core/Src/main.o
                0x08001abc                main
 .text.SystemClock_Config
                0x08001ba0       0xbc ./Core/Src/main.o
                0x08001ba0                SystemClock_Config
 .text.MX_I2C2_Init
                0x08001c5c       0x5c ./Core/Src/main.o
 .text.MX_TIM2_Init
                0x08001cb8       0xa8 ./Core/Src/main.o
 .text.MX_TIM3_Init
                0x08001d60       0xa8 ./Core/Src/main.o
 .text.MX_TIM4_Init
                0x08001e08      0x104 ./Core/Src/main.o
 .text.MX_TIM5_Init
                0x08001f0c       0x9c ./Core/Src/main.o
 .text.MX_TIM8_Init
                0x08001fa8      0x140 ./Core/Src/main.o
 .text.MX_TIM9_Init
                0x080020e8       0xdc ./Core/Src/main.o
 .text.MX_TIM12_Init
                0x080021c4       0xb8 ./Core/Src/main.o
 .text.MX_USART3_UART_Init
                0x0800227c       0x54 ./Core/Src/main.o
 .text.MX_GPIO_Init
                0x080022d0      0x124 ./Core/Src/main.o
 .text.StartDefaultTask
                0x080023f4      0x1fc ./Core/Src/main.o
                0x080023f4                StartDefaultTask
 .text.control_task
                0x080025f0       0x26 ./Core/Src/main.o
                0x080025f0                control_task
 *fill*         0x08002616        0x2 
 .text.oled_task
                0x08002618      0x288 ./Core/Src/main.o
                0x08002618                oled_task
 .text.Error_Handler
                0x080028a0        0xc ./Core/Src/main.o
                0x080028a0                Error_Handler
 .text.motor_init
                0x080028ac       0x4c ./Core/Src/motor.o
                0x080028ac                motor_init
 .text.motor_set_speeds
                0x080028f8      0x1a0 ./Core/Src/motor.o
                0x080028f8                motor_set_speeds
 .text.motor_stop
                0x08002a98       0x38 ./Core/Src/motor.o
                0x08002a98                motor_stop
 .text.motor_brake_ms
                0x08002ad0       0x78 ./Core/Src/motor.o
                0x08002ad0                motor_brake_ms
 .text.motor_get_left_encoder_counts
                0x08002b48       0x1c ./Core/Src/motor.o
                0x08002b48                motor_get_left_encoder_counts
 .text.motor_get_right_encoder_counts
                0x08002b64       0x1c ./Core/Src/motor.o
                0x08002b64                motor_get_right_encoder_counts
 .text.motor_reset_encoders
                0x08002b80       0x28 ./Core/Src/motor.o
                0x08002b80                motor_reset_encoders
 .text.Servo_Center
                0x08002ba8       0x1c ./Core/Src/movements.o
 .text.yaw_pid_reset
                0x08002bc4       0x28 ./Core/Src/movements.o
 .text.yaw_pid_step
                0x08002bec      0x10c ./Core/Src/movements.o
 .text.move_is_active
                0x08002cf8       0x18 ./Core/Src/movements.o
                0x08002cf8                move_is_active
 .text.move_start_straight
                0x08002d10      0x148 ./Core/Src/movements.o
                0x08002d10                move_start_straight
 .text.move_start_turn
                0x08002e58      0x110 ./Core/Src/movements.o
                0x08002e58                move_start_turn
 .text.move_tick_100Hz
                0x08002f68      0x5f4 ./Core/Src/movements.o
                0x08002f68                move_tick_100Hz
 .text.OLED_Refresh_Gram
                0x0800355c       0x70 ./Core/Src/oled.o
                0x0800355c                OLED_Refresh_Gram
 .text.OLED_WR_Byte
                0x080035cc       0x9c ./Core/Src/oled.o
                0x080035cc                OLED_WR_Byte
 .text.OLED_Clear
                0x08003668       0x4c ./Core/Src/oled.o
                0x08003668                OLED_Clear
 .text.OLED_DrawPoint
                0x080036b4       0xb4 ./Core/Src/oled.o
                0x080036b4                OLED_DrawPoint
 .text.OLED_ShowChar
                0x08003768       0xe4 ./Core/Src/oled.o
                0x08003768                OLED_ShowChar
 .text.oled_pow
                0x0800384c       0x38 ./Core/Src/oled.o
                0x0800384c                oled_pow
 .text.OLED_ShowNumber
                0x08003884       0xdc ./Core/Src/oled.o
                0x08003884                OLED_ShowNumber
 .text.OLED_ShowString
                0x08003960       0x64 ./Core/Src/oled.o
                0x08003960                OLED_ShowString
 .text.OLED_Init
                0x080039c4      0x11c ./Core/Src/oled.o
                0x080039c4                OLED_Init
 .text.PID_init_with_dt
                0x08003ae0       0xc8 ./Core/Src/pid.o
                0x08003ae0                PID_init_with_dt
 .text.PID_calc_with_dt
                0x08003ba8      0x1fa ./Core/Src/pid.o
                0x08003ba8                PID_calc_with_dt
 .text.PID_clear
                0x08003da2       0x7c ./Core/Src/pid.o
                0x08003da2                PID_clear
 *fill*         0x08003e1e        0x2 
 .text.HAL_TIM_IC_CaptureCallback
                0x08003e20      0x160 ./Core/Src/sensor.o
                0x08003e20                HAL_TIM_IC_CaptureCallback
 .text.Servo_Center
                0x08003f80       0x1c ./Core/Src/servo.o
 .text.Servo_US2CCR
                0x08003f9c       0x82 ./Core/Src/servo.o
 .text._get_arr
                0x0800401e       0x1a ./Core/Src/servo.o
 .text.Servo_Attach
                0x08004038       0x52 ./Core/Src/servo.o
                0x08004038                Servo_Attach
 .text.Servo_Start
                0x0800408a       0x48 ./Core/Src/servo.o
                0x0800408a                Servo_Start
 .text.Servo_WriteUS
                0x080040d2       0x96 ./Core/Src/servo.o
                0x080040d2                Servo_WriteUS
 .text.Servo_WriteAngle
                0x08004168       0xd4 ./Core/Src/servo.o
                0x08004168                Servo_WriteAngle
 .text.HAL_MspInit
                0x0800423c       0x58 ./Core/Src/stm32f4xx_hal_msp.o
                0x0800423c                HAL_MspInit
 .text.HAL_I2C_MspInit
                0x08004294       0x90 ./Core/Src/stm32f4xx_hal_msp.o
                0x08004294                HAL_I2C_MspInit
 .text.HAL_TIM_Encoder_MspInit
                0x08004324      0x134 ./Core/Src/stm32f4xx_hal_msp.o
                0x08004324                HAL_TIM_Encoder_MspInit
 .text.HAL_TIM_Base_MspInit
                0x08004458      0x170 ./Core/Src/stm32f4xx_hal_msp.o
                0x08004458                HAL_TIM_Base_MspInit
 .text.HAL_TIM_MspPostInit
                0x080045c8      0x114 ./Core/Src/stm32f4xx_hal_msp.o
                0x080045c8                HAL_TIM_MspPostInit
 .text.HAL_UART_MspInit
                0x080046dc       0xa0 ./Core/Src/stm32f4xx_hal_msp.o
                0x080046dc                HAL_UART_MspInit
 .text.NMI_Handler
                0x0800477c        0x8 ./Core/Src/stm32f4xx_it.o
                0x0800477c                NMI_Handler
 .text.HardFault_Handler
                0x08004784        0x8 ./Core/Src/stm32f4xx_it.o
                0x08004784                HardFault_Handler
 .text.MemManage_Handler
                0x0800478c        0x8 ./Core/Src/stm32f4xx_it.o
                0x0800478c                MemManage_Handler
 .text.BusFault_Handler
                0x08004794        0x8 ./Core/Src/stm32f4xx_it.o
                0x08004794                BusFault_Handler
 .text.UsageFault_Handler
                0x0800479c        0x8 ./Core/Src/stm32f4xx_it.o
                0x0800479c                UsageFault_Handler
 .text.DebugMon_Handler
                0x080047a4        0xe ./Core/Src/stm32f4xx_it.o
                0x080047a4                DebugMon_Handler
 .text.SysTick_Handler
                0x080047b2       0x1a ./Core/Src/stm32f4xx_it.o
                0x080047b2                SysTick_Handler
 .text.USART3_IRQHandler
                0x080047cc       0x14 ./Core/Src/stm32f4xx_it.o
                0x080047cc                USART3_IRQHandler
 .text.TIM8_BRK_TIM12_IRQHandler
                0x080047e0       0x1c ./Core/Src/stm32f4xx_it.o
                0x080047e0                TIM8_BRK_TIM12_IRQHandler
 .text.TIM5_IRQHandler
                0x080047fc       0x14 ./Core/Src/stm32f4xx_it.o
                0x080047fc                TIM5_IRQHandler
 .text._getpid  0x08004810       0x10 ./Core/Src/syscalls.o
                0x08004810                _getpid
 .text._kill    0x08004820       0x20 ./Core/Src/syscalls.o
                0x08004820                _kill
 .text._exit    0x08004840       0x16 ./Core/Src/syscalls.o
                0x08004840                _exit
 .text._read    0x08004856       0x3a ./Core/Src/syscalls.o
                0x08004856                _read
 .text._write   0x08004890       0x38 ./Core/Src/syscalls.o
                0x08004890                _write
 .text._close   0x080048c8       0x18 ./Core/Src/syscalls.o
                0x080048c8                _close
 .text._fstat   0x080048e0       0x20 ./Core/Src/syscalls.o
                0x080048e0                _fstat
 .text._isatty  0x08004900       0x16 ./Core/Src/syscalls.o
                0x08004900                _isatty
 .text._lseek   0x08004916       0x1a ./Core/Src/syscalls.o
                0x08004916                _lseek
 .text._sbrk    0x08004930       0x6c ./Core/Src/sysmem.o
                0x08004930                _sbrk
 .text.SystemInit
                0x0800499c       0x24 ./Core/Src/system_stm32f4xx.o
                0x0800499c                SystemInit
 .text.user_is_pressed
                0x080049c0       0x20 ./Core/Src/userButton.o
                0x080049c0                user_is_pressed
 .text.Reset_Handler
                0x080049e0       0x50 ./Core/Startup/startup_stm32f407vetx.o
                0x080049e0                Reset_Handler
 .text.Default_Handler
                0x08004a30        0x2 ./Core/Startup/startup_stm32f407vetx.o
                0x08004a30                DMA1_Stream3_IRQHandler
                0x08004a30                HASH_RNG_IRQHandler
                0x08004a30                EXTI2_IRQHandler
                0x08004a30                TIM8_CC_IRQHandler
                0x08004a30                TIM1_CC_IRQHandler
                0x08004a30                DMA2_Stream5_IRQHandler
                0x08004a30                DMA1_Stream5_IRQHandler
                0x08004a30                PVD_IRQHandler
                0x08004a30                SDIO_IRQHandler
                0x08004a30                TAMP_STAMP_IRQHandler
                0x08004a30                CAN2_RX1_IRQHandler
                0x08004a30                EXTI3_IRQHandler
                0x08004a30                TIM8_TRG_COM_TIM14_IRQHandler
                0x08004a30                TIM1_UP_TIM10_IRQHandler
                0x08004a30                TIM8_UP_TIM13_IRQHandler
                0x08004a30                I2C3_ER_IRQHandler
                0x08004a30                EXTI0_IRQHandler
                0x08004a30                I2C2_EV_IRQHandler
                0x08004a30                DMA1_Stream2_IRQHandler
                0x08004a30                CAN1_RX0_IRQHandler
                0x08004a30                FPU_IRQHandler
                0x08004a30                OTG_HS_WKUP_IRQHandler
                0x08004a30                CAN2_SCE_IRQHandler
                0x08004a30                DMA2_Stream2_IRQHandler
                0x08004a30                SPI1_IRQHandler
                0x08004a30                TIM6_DAC_IRQHandler
                0x08004a30                TIM1_BRK_TIM9_IRQHandler
                0x08004a30                DCMI_IRQHandler
                0x08004a30                CAN2_RX0_IRQHandler
                0x08004a30                DMA2_Stream3_IRQHandler
                0x08004a30                USART6_IRQHandler
                0x08004a30                CAN1_RX1_IRQHandler
                0x08004a30                UART5_IRQHandler
                0x08004a30                DMA2_Stream0_IRQHandler
                0x08004a30                TIM4_IRQHandler
                0x08004a30                I2C1_EV_IRQHandler
                0x08004a30                DMA1_Stream6_IRQHandler
                0x08004a30                DMA1_Stream1_IRQHandler
                0x08004a30                UART4_IRQHandler
                0x08004a30                TIM3_IRQHandler
                0x08004a30                RCC_IRQHandler
                0x08004a30                Default_Handler
                0x08004a30                EXTI15_10_IRQHandler
                0x08004a30                ADC_IRQHandler
                0x08004a30                DMA1_Stream7_IRQHandler
                0x08004a30                TIM7_IRQHandler
                0x08004a30                CAN2_TX_IRQHandler
                0x08004a30                DMA2_Stream7_IRQHandler
                0x08004a30                I2C3_EV_IRQHandler
                0x08004a30                EXTI9_5_IRQHandler
                0x08004a30                RTC_WKUP_IRQHandler
                0x08004a30                ETH_WKUP_IRQHandler
                0x08004a30                SPI2_IRQHandler
                0x08004a30                OTG_HS_EP1_IN_IRQHandler
                0x08004a30                DMA1_Stream0_IRQHandler
                0x08004a30                CAN1_TX_IRQHandler
                0x08004a30                EXTI4_IRQHandler
                0x08004a30                FSMC_IRQHandler
                0x08004a30                ETH_IRQHandler
                0x08004a30                OTG_HS_EP1_OUT_IRQHandler
                0x08004a30                WWDG_IRQHandler
                0x08004a30                TIM2_IRQHandler
                0x08004a30                OTG_FS_WKUP_IRQHandler
                0x08004a30                TIM1_TRG_COM_TIM11_IRQHandler
                0x08004a30                OTG_HS_IRQHandler
                0x08004a30                EXTI1_IRQHandler
                0x08004a30                USART2_IRQHandler
                0x08004a30                I2C2_ER_IRQHandler
                0x08004a30                CAN1_SCE_IRQHandler
                0x08004a30                FLASH_IRQHandler
                0x08004a30                DMA2_Stream4_IRQHandler
                0x08004a30                USART1_IRQHandler
                0x08004a30                OTG_FS_IRQHandler
                0x08004a30                SPI3_IRQHandler
                0x08004a30                DMA1_Stream4_IRQHandler
                0x08004a30                I2C1_ER_IRQHandler
                0x08004a30                DMA2_Stream6_IRQHandler
                0x08004a30                RTC_Alarm_IRQHandler
 *fill*         0x08004a32        0x2 
 .text.HAL_Init
                0x08004a34       0x44 ./Drivers/STM32F4xx_HAL_Driver/Src/stm32f4xx_hal.o
                0x08004a34                HAL_Init
 .text.HAL_InitTick
                0x08004a78       0x60 ./Drivers/STM32F4xx_HAL_Driver/Src/stm32f4xx_hal.o
                0x08004a78                HAL_InitTick
 .text.HAL_IncTick
                0x08004ad8       0x28 ./Drivers/STM32F4xx_HAL_Driver/Src/stm32f4xx_hal.o
                0x08004ad8                HAL_IncTick
 .text.HAL_GetTick
                0x08004b00       0x18 ./Drivers/STM32F4xx_HAL_Driver/Src/stm32f4xx_hal.o
                0x08004b00                HAL_GetTick
 .text.HAL_Delay
                0x08004b18       0x48 ./Drivers/STM32F4xx_HAL_Driver/Src/stm32f4xx_hal.o
                0x08004b18                HAL_Delay
 .text.__NVIC_SetPriorityGrouping
                0x08004b60       0x48 ./Drivers/STM32F4xx_HAL_Driver/Src/stm32f4xx_hal_cortex.o
 .text.__NVIC_GetPriorityGrouping
                0x08004ba8       0x1c ./Drivers/STM32F4xx_HAL_Driver/Src/stm32f4xx_hal_cortex.o
 .text.__NVIC_EnableIRQ
                0x08004bc4       0x3c ./Drivers/STM32F4xx_HAL_Driver/Src/stm32f4xx_hal_cortex.o
 .text.__NVIC_SetPriority
                0x08004c00       0x54 ./Drivers/STM32F4xx_HAL_Driver/Src/stm32f4xx_hal_cortex.o
 .text.NVIC_EncodePriority
                0x08004c54       0x66 ./Drivers/STM32F4xx_HAL_Driver/Src/stm32f4xx_hal_cortex.o
 *fill*         0x08004cba        0x2 
 .text.SysTick_Config
                0x08004cbc       0x44 ./Drivers/STM32F4xx_HAL_Driver/Src/stm32f4xx_hal_cortex.o
 .text.HAL_NVIC_SetPriorityGrouping
                0x08004d00       0x16 ./Drivers/STM32F4xx_HAL_Driver/Src/stm32f4xx_hal_cortex.o
                0x08004d00                HAL_NVIC_SetPriorityGrouping
 .text.HAL_NVIC_SetPriority
                0x08004d16       0x38 ./Drivers/STM32F4xx_HAL_Driver/Src/stm32f4xx_hal_cortex.o
                0x08004d16                HAL_NVIC_SetPriority
 .text.HAL_NVIC_EnableIRQ
                0x08004d4e       0x1c ./Drivers/STM32F4xx_HAL_Driver/Src/stm32f4xx_hal_cortex.o
                0x08004d4e                HAL_NVIC_EnableIRQ
 .text.HAL_SYSTICK_Config
                0x08004d6a       0x18 ./Drivers/STM32F4xx_HAL_Driver/Src/stm32f4xx_hal_cortex.o
                0x08004d6a                HAL_SYSTICK_Config
 .text.HAL_DMA_Abort
                0x08004d82       0xe0 ./Drivers/STM32F4xx_HAL_Driver/Src/stm32f4xx_hal_dma.o
                0x08004d82                HAL_DMA_Abort
 .text.HAL_DMA_Abort_IT
                0x08004e62       0x44 ./Drivers/STM32F4xx_HAL_Driver/Src/stm32f4xx_hal_dma.o
                0x08004e62                HAL_DMA_Abort_IT
 *fill*         0x08004ea6        0x2 
 .text.HAL_GPIO_Init
                0x08004ea8      0x338 ./Drivers/STM32F4xx_HAL_Driver/Src/stm32f4xx_hal_gpio.o
                0x08004ea8                HAL_GPIO_Init
 .text.HAL_GPIO_ReadPin
                0x080051e0       0x30 ./Drivers/STM32F4xx_HAL_Driver/Src/stm32f4xx_hal_gpio.o
                0x080051e0                HAL_GPIO_ReadPin
 .text.HAL_GPIO_WritePin
                0x08005210       0x32 ./Drivers/STM32F4xx_HAL_Driver/Src/stm32f4xx_hal_gpio.o
                0x08005210                HAL_GPIO_WritePin
 *fill*         0x08005242        0x2 
 .text.HAL_I2C_Init
                0x08005244      0x288 ./Drivers/STM32F4xx_HAL_Driver/Src/stm32f4xx_hal_i2c.o
                0x08005244                HAL_I2C_Init
 .text.HAL_I2C_Mem_Write
                0x080054cc      0x1f4 ./Drivers/STM32F4xx_HAL_Driver/Src/stm32f4xx_hal_i2c.o
                0x080054cc                HAL_I2C_Mem_Write
 .text.HAL_I2C_Mem_Read
                0x080056c0      0x464 ./Drivers/STM32F4xx_HAL_Driver/Src/stm32f4xx_hal_i2c.o
                0x080056c0                HAL_I2C_Mem_Read
 .text.HAL_I2C_IsDeviceReady
                0x08005b24      0x25c ./Drivers/STM32F4xx_HAL_Driver/Src/stm32f4xx_hal_i2c.o
                0x08005b24                HAL_I2C_IsDeviceReady
 .text.I2C_RequestMemoryWrite
                0x08005d80      0x12c ./Drivers/STM32F4xx_HAL_Driver/Src/stm32f4xx_hal_i2c.o
 .text.I2C_RequestMemoryRead
                0x08005eac      0x1d0 ./Drivers/STM32F4xx_HAL_Driver/Src/stm32f4xx_hal_i2c.o
 .text.I2C_WaitOnFlagUntilTimeout
                0x0800607c       0xf4 ./Drivers/STM32F4xx_HAL_Driver/Src/stm32f4xx_hal_i2c.o
 .text.I2C_WaitOnMasterAddressFlagUntilTimeout
                0x08006170      0x140 ./Drivers/STM32F4xx_HAL_Driver/Src/stm32f4xx_hal_i2c.o
 .text.I2C_WaitOnTXEFlagUntilTimeout
                0x080062b0       0x90 ./Drivers/STM32F4xx_HAL_Driver/Src/stm32f4xx_hal_i2c.o
 .text.I2C_WaitOnBTFFlagUntilTimeout
                0x08006340       0x90 ./Drivers/STM32F4xx_HAL_Driver/Src/stm32f4xx_hal_i2c.o
 .text.I2C_WaitOnRXNEFlagUntilTimeout
                0x080063d0       0xba ./Drivers/STM32F4xx_HAL_Driver/Src/stm32f4xx_hal_i2c.o
 .text.I2C_IsAcknowledgeFailed
                0x0800648a       0x5e ./Drivers/STM32F4xx_HAL_Driver/Src/stm32f4xx_hal_i2c.o
 .text.HAL_PWR_EnableBkUpAccess
                0x080064e8       0x28 ./Drivers/STM32F4xx_HAL_Driver/Src/stm32f4xx_hal_pwr.o
                0x080064e8                HAL_PWR_EnableBkUpAccess
 .text.HAL_PWR_DisableBkUpAccess
                0x08006510       0x28 ./Drivers/STM32F4xx_HAL_Driver/Src/stm32f4xx_hal_pwr.o
                0x08006510                HAL_PWR_DisableBkUpAccess
 .text.HAL_RCC_OscConfig
                0x08006538      0x4f0 ./Drivers/STM32F4xx_HAL_Driver/Src/stm32f4xx_hal_rcc.o
                0x08006538                HAL_RCC_OscConfig
 .text.HAL_RCC_ClockConfig
                0x08006a28      0x1cc ./Drivers/STM32F4xx_HAL_Driver/Src/stm32f4xx_hal_rcc.o
                0x08006a28                HAL_RCC_ClockConfig
 .text.HAL_RCC_GetSysClockFreq
                0x08006bf4      0x18c ./Drivers/STM32F4xx_HAL_Driver/Src/stm32f4xx_hal_rcc.o
                0x08006bf4                HAL_RCC_GetSysClockFreq
 .text.HAL_RCC_GetHCLKFreq
                0x08006d80       0x18 ./Drivers/STM32F4xx_HAL_Driver/Src/stm32f4xx_hal_rcc.o
                0x08006d80                HAL_RCC_GetHCLKFreq
 .text.HAL_RCC_GetPCLK1Freq
                0x08006d98       0x28 ./Drivers/STM32F4xx_HAL_Driver/Src/stm32f4xx_hal_rcc.o
                0x08006d98                HAL_RCC_GetPCLK1Freq
 .text.HAL_RCC_GetPCLK2Freq
                0x08006dc0       0x28 ./Drivers/STM32F4xx_HAL_Driver/Src/stm32f4xx_hal_rcc.o
                0x08006dc0                HAL_RCC_GetPCLK2Freq
 .text.HAL_TIM_Base_Init
                0x08006de8       0x9e ./Drivers/STM32F4xx_HAL_Driver/Src/stm32f4xx_hal_tim.o
                0x08006de8                HAL_TIM_Base_Init
 *fill*         0x08006e86        0x2 
 .text.HAL_TIM_Base_Start_IT
                0x08006e88       0xe0 ./Drivers/STM32F4xx_HAL_Driver/Src/stm32f4xx_hal_tim.o
                0x08006e88                HAL_TIM_Base_Start_IT
 .text.HAL_TIM_PWM_Init
                0x08006f68       0x9e ./Drivers/STM32F4xx_HAL_Driver/Src/stm32f4xx_hal_tim.o
                0x08006f68                HAL_TIM_PWM_Init
 .text.HAL_TIM_PWM_MspInit
                0x08007006       0x14 ./Drivers/STM32F4xx_HAL_Driver/Src/stm32f4xx_hal_tim.o
                0x08007006                HAL_TIM_PWM_MspInit
 *fill*         0x0800701a        0x2 
 .text.HAL_TIM_PWM_Start
                0x0800701c      0x190 ./Drivers/STM32F4xx_HAL_Driver/Src/stm32f4xx_hal_tim.o
                0x0800701c                HAL_TIM_PWM_Start
 .text.HAL_TIM_IC_Init
                0x080071ac       0x9e ./Drivers/STM32F4xx_HAL_Driver/Src/stm32f4xx_hal_tim.o
                0x080071ac                HAL_TIM_IC_Init
 .text.HAL_TIM_IC_MspInit
                0x0800724a       0x14 ./Drivers/STM32F4xx_HAL_Driver/Src/stm32f4xx_hal_tim.o
                0x0800724a                HAL_TIM_IC_MspInit
 *fill*         0x0800725e        0x2 
 .text.HAL_TIM_IC_Start_IT
                0x08007260      0x250 ./Drivers/STM32F4xx_HAL_Driver/Src/stm32f4xx_hal_tim.o
                0x08007260                HAL_TIM_IC_Start_IT
 .text.HAL_TIM_IC_Stop_IT
                0x080074b0      0x15c ./Drivers/STM32F4xx_HAL_Driver/Src/stm32f4xx_hal_tim.o
                0x080074b0                HAL_TIM_IC_Stop_IT
 .text.HAL_TIM_Encoder_Init
                0x0800760c      0x14c ./Drivers/STM32F4xx_HAL_Driver/Src/stm32f4xx_hal_tim.o
                0x0800760c                HAL_TIM_Encoder_Init
 .text.HAL_TIM_Encoder_Start
                0x08007758      0x11c ./Drivers/STM32F4xx_HAL_Driver/Src/stm32f4xx_hal_tim.o
                0x08007758                HAL_TIM_Encoder_Start
 .text.HAL_TIM_IRQHandler
                0x08007874      0x1e0 ./Drivers/STM32F4xx_HAL_Driver/Src/stm32f4xx_hal_tim.o
                0x08007874                HAL_TIM_IRQHandler
 .text.HAL_TIM_IC_ConfigChannel
                0x08007a54      0x138 ./Drivers/STM32F4xx_HAL_Driver/Src/stm32f4xx_hal_tim.o
                0x08007a54                HAL_TIM_IC_ConfigChannel
 .text.HAL_TIM_PWM_ConfigChannel
                0x08007b8c      0x184 ./Drivers/STM32F4xx_HAL_Driver/Src/stm32f4xx_hal_tim.o
                0x08007b8c                HAL_TIM_PWM_ConfigChannel
 .text.HAL_TIM_ConfigClockSource
                0x08007d10      0x18e ./Drivers/STM32F4xx_HAL_Driver/Src/stm32f4xx_hal_tim.o
                0x08007d10                HAL_TIM_ConfigClockSource
 *fill*         0x08007e9e        0x2 
 .text.HAL_TIM_ReadCapturedValue
                0x08007ea0       0x88 ./Drivers/STM32F4xx_HAL_Driver/Src/stm32f4xx_hal_tim.o
                0x08007ea0                HAL_TIM_ReadCapturedValue
 .text.HAL_TIM_OC_DelayElapsedCallback
                0x08007f28       0x14 ./Drivers/STM32F4xx_HAL_Driver/Src/stm32f4xx_hal_tim.o
                0x08007f28                HAL_TIM_OC_DelayElapsedCallback
 .text.HAL_TIM_PWM_PulseFinishedCallback
                0x08007f3c       0x14 ./Drivers/STM32F4xx_HAL_Driver/Src/stm32f4xx_hal_tim.o
                0x08007f3c                HAL_TIM_PWM_PulseFinishedCallback
 .text.HAL_TIM_TriggerCallback
                0x08007f50       0x14 ./Drivers/STM32F4xx_HAL_Driver/Src/stm32f4xx_hal_tim.o
                0x08007f50                HAL_TIM_TriggerCallback
 .text.TIM_Base_SetConfig
                0x08007f64      0x14c ./Drivers/STM32F4xx_HAL_Driver/Src/stm32f4xx_hal_tim.o
                0x08007f64                TIM_Base_SetConfig
 .text.TIM_OC1_SetConfig
                0x080080b0       0xe0 ./Drivers/STM32F4xx_HAL_Driver/Src/stm32f4xx_hal_tim.o
 .text.TIM_OC2_SetConfig
                0x08008190       0xec ./Drivers/STM32F4xx_HAL_Driver/Src/stm32f4xx_hal_tim.o
                0x08008190                TIM_OC2_SetConfig
 .text.TIM_OC3_SetConfig
                0x0800827c       0xe8 ./Drivers/STM32F4xx_HAL_Driver/Src/stm32f4xx_hal_tim.o
 .text.TIM_OC4_SetConfig
                0x08008364       0xac ./Drivers/STM32F4xx_HAL_Driver/Src/stm32f4xx_hal_tim.o
 .text.TIM_TI1_SetConfig
                0x08008410       0xe8 ./Drivers/STM32F4xx_HAL_Driver/Src/stm32f4xx_hal_tim.o
                0x08008410                TIM_TI1_SetConfig
 .text.TIM_TI1_ConfigInputStage
                0x080084f8       0x5e ./Drivers/STM32F4xx_HAL_Driver/Src/stm32f4xx_hal_tim.o
 .text.TIM_TI2_SetConfig
                0x08008556       0x7a ./Drivers/STM32F4xx_HAL_Driver/Src/stm32f4xx_hal_tim.o
 .text.TIM_TI2_ConfigInputStage
                0x080085d0       0x60 ./Drivers/STM32F4xx_HAL_Driver/Src/stm32f4xx_hal_tim.o
 .text.TIM_TI3_SetConfig
                0x08008630       0x78 ./Drivers/STM32F4xx_HAL_Driver/Src/stm32f4xx_hal_tim.o
 .text.TIM_TI4_SetConfig
                0x080086a8       0x7a ./Drivers/STM32F4xx_HAL_Driver/Src/stm32f4xx_hal_tim.o
 .text.TIM_ITRx_SetConfig
                0x08008722       0x36 ./Drivers/STM32F4xx_HAL_Driver/Src/stm32f4xx_hal_tim.o
 .text.TIM_ETR_SetConfig
                0x08008758       0x40 ./Drivers/STM32F4xx_HAL_Driver/Src/stm32f4xx_hal_tim.o
                0x08008758                TIM_ETR_SetConfig
 .text.TIM_CCxChannelCmd
                0x08008798       0x4a ./Drivers/STM32F4xx_HAL_Driver/Src/stm32f4xx_hal_tim.o
                0x08008798                TIM_CCxChannelCmd
 *fill*         0x080087e2        0x2 
 .text.HAL_TIMEx_MasterConfigSynchronization
                0x080087e4       0xf8 ./Drivers/STM32F4xx_HAL_Driver/Src/stm32f4xx_hal_tim_ex.o
                0x080087e4                HAL_TIMEx_MasterConfigSynchronization
 .text.HAL_TIMEx_ConfigBreakDeadTime
                0x080088dc       0xa4 ./Drivers/STM32F4xx_HAL_Driver/Src/stm32f4xx_hal_tim_ex.o
                0x080088dc                HAL_TIMEx_ConfigBreakDeadTime
 .text.HAL_TIMEx_CommutCallback
                0x08008980       0x14 ./Drivers/STM32F4xx_HAL_Driver/Src/stm32f4xx_hal_tim_ex.o
                0x08008980                HAL_TIMEx_CommutCallback
 .text.HAL_TIMEx_BreakCallback
                0x08008994       0x14 ./Drivers/STM32F4xx_HAL_Driver/Src/stm32f4xx_hal_tim_ex.o
                0x08008994                HAL_TIMEx_BreakCallback
 .text.HAL_UART_Init
                0x080089a8       0xa0 ./Drivers/STM32F4xx_HAL_Driver/Src/stm32f4xx_hal_uart.o
                0x080089a8                HAL_UART_Init
 .text.HAL_UART_Transmit
                0x08008a48      0x116 ./Drivers/STM32F4xx_HAL_Driver/Src/stm32f4xx_hal_uart.o
                0x08008a48                HAL_UART_Transmit
 .text.HAL_UART_Receive_IT
                0x08008b5e       0x4a ./Drivers/STM32F4xx_HAL_Driver/Src/stm32f4xx_hal_uart.o
                0x08008b5e                HAL_UART_Receive_IT
 .text.HAL_UART_IRQHandler
                0x08008ba8      0x554 ./Drivers/STM32F4xx_HAL_Driver/Src/stm32f4xx_hal_uart.o
                0x08008ba8                HAL_UART_IRQHandler
 .text.HAL_UART_TxCpltCallback
                0x080090fc       0x14 ./Drivers/STM32F4xx_HAL_Driver/Src/stm32f4xx_hal_uart.o
                0x080090fc                HAL_UART_TxCpltCallback
 .text.HAL_UART_RxCpltCallback
                0x08009110       0x14 ./Drivers/STM32F4xx_HAL_Driver/Src/stm32f4xx_hal_uart.o
                0x08009110                HAL_UART_RxCpltCallback
 .text.HAL_UART_ErrorCallback
                0x08009124       0x14 ./Drivers/STM32F4xx_HAL_Driver/Src/stm32f4xx_hal_uart.o
                0x08009124                HAL_UART_ErrorCallback
 .text.HAL_UARTEx_RxEventCallback
                0x08009138       0x18 ./Drivers/STM32F4xx_HAL_Driver/Src/stm32f4xx_hal_uart.o
                0x08009138                HAL_UARTEx_RxEventCallback
 .text.UART_WaitOnFlagUntilTimeout
                0x08009150       0xb2 ./Drivers/STM32F4xx_HAL_Driver/Src/stm32f4xx_hal_uart.o
 .text.UART_Start_Receive_IT
                0x08009202       0x74 ./Drivers/STM32F4xx_HAL_Driver/Src/stm32f4xx_hal_uart.o
                0x08009202                UART_Start_Receive_IT
 .text.UART_EndRxTransfer
                0x08009276       0xc6 ./Drivers/STM32F4xx_HAL_Driver/Src/stm32f4xx_hal_uart.o
 .text.UART_DMAAbortOnError
                0x0800933c       0x22 ./Drivers/STM32F4xx_HAL_Driver/Src/stm32f4xx_hal_uart.o
 .text.UART_Transmit_IT
                0x0800935e       0xa0 ./Drivers/STM32F4xx_HAL_Driver/Src/stm32f4xx_hal_uart.o
 .text.UART_EndTransmit_IT
                0x080093fe       0x30 ./Drivers/STM32F4xx_HAL_Driver/Src/stm32f4xx_hal_uart.o
 .text.UART_Receive_IT
                0x0800942e      0x17c ./Drivers/STM32F4xx_HAL_Driver/Src/stm32f4xx_hal_uart.o
 *fill*         0x080095aa        0x2 
 .text.UART_SetConfig
                0x080095ac      0x4e8 ./Drivers/STM32F4xx_HAL_Driver/Src/stm32f4xx_hal_uart.o
 .text.__NVIC_SetPriority
                0x08009a94       0x54 ./Middlewares/Third_Party/FreeRTOS/Source/CMSIS_RTOS_V2/cmsis_os2.o
 .text.SVC_Setup
                0x08009ae8       0x12 ./Middlewares/Third_Party/FreeRTOS/Source/CMSIS_RTOS_V2/cmsis_os2.o
 *fill*         0x08009afa        0x2 
 .text.osKernelInitialize
                0x08009afc       0x48 ./Middlewares/Third_Party/FreeRTOS/Source/CMSIS_RTOS_V2/cmsis_os2.o
                0x08009afc                osKernelInitialize
 .text.osKernelStart
                0x08009b44       0x4c ./Middlewares/Third_Party/FreeRTOS/Source/CMSIS_RTOS_V2/cmsis_os2.o
                0x08009b44                osKernelStart
 .text.osThreadNew
                0x08009b90      0x124 ./Middlewares/Third_Party/FreeRTOS/Source/CMSIS_RTOS_V2/cmsis_os2.o
                0x08009b90                osThreadNew
 .text.osDelay  0x08009cb4       0x36 ./Middlewares/Third_Party/FreeRTOS/Source/CMSIS_RTOS_V2/cmsis_os2.o
                0x08009cb4                osDelay
 *fill*         0x08009cea        0x2 
 .text.vApplicationGetIdleTaskMemory
                0x08009cec       0x34 ./Middlewares/Third_Party/FreeRTOS/Source/CMSIS_RTOS_V2/cmsis_os2.o
                0x08009cec                vApplicationGetIdleTaskMemory
 .text.vApplicationGetTimerTaskMemory
                0x08009d20       0x34 ./Middlewares/Third_Party/FreeRTOS/Source/CMSIS_RTOS_V2/cmsis_os2.o
                0x08009d20                vApplicationGetTimerTaskMemory
 .text.vListInitialise
                0x08009d54       0x40 ./Middlewares/Third_Party/FreeRTOS/Source/list.o
                0x08009d54                vListInitialise
 .text.vListInitialiseItem
                0x08009d94       0x1a ./Middlewares/Third_Party/FreeRTOS/Source/list.o
                0x08009d94                vListInitialiseItem
 .text.vListInsertEnd
                0x08009dae       0x48 ./Middlewares/Third_Party/FreeRTOS/Source/list.o
                0x08009dae                vListInsertEnd
 .text.vListInsert
                0x08009df6       0x72 ./Middlewares/Third_Party/FreeRTOS/Source/list.o
                0x08009df6                vListInsert
 .text.uxListRemove
                0x08009e68       0x54 ./Middlewares/Third_Party/FreeRTOS/Source/list.o
                0x08009e68                uxListRemove
 .text.xQueueGenericReset
                0x08009ebc       0xd4 ./Middlewares/Third_Party/FreeRTOS/Source/queue.o
                0x08009ebc                xQueueGenericReset
 .text.xQueueGenericCreateStatic
                0x08009f90       0xfa ./Middlewares/Third_Party/FreeRTOS/Source/queue.o
                0x08009f90                xQueueGenericCreateStatic
 .text.prvInitialiseNewQueue
                0x0800a08a       0x46 ./Middlewares/Third_Party/FreeRTOS/Source/queue.o
 .text.xQueueGenericSend
                0x0800a0d0      0x204 ./Middlewares/Third_Party/FreeRTOS/Source/queue.o
                0x0800a0d0                xQueueGenericSend
 .text.xQueueGenericSendFromISR
                0x0800a2d4      0x13c ./Middlewares/Third_Party/FreeRTOS/Source/queue.o
                0x0800a2d4                xQueueGenericSendFromISR
 .text.xQueueReceive
                0x0800a410      0x1c4 ./Middlewares/Third_Party/FreeRTOS/Source/queue.o
                0x0800a410                xQueueReceive
 .text.prvCopyDataToQueue
                0x0800a5d4       0xd4 ./Middlewares/Third_Party/FreeRTOS/Source/queue.o
 .text.prvCopyDataFromQueue
                0x0800a6a8       0x4c ./Middlewares/Third_Party/FreeRTOS/Source/queue.o
 .text.prvUnlockQueue
                0x0800a6f4       0xa4 ./Middlewares/Third_Party/FreeRTOS/Source/queue.o
 .text.prvIsQueueEmpty
                0x0800a798       0x2c ./Middlewares/Third_Party/FreeRTOS/Source/queue.o
 .text.prvIsQueueFull
                0x0800a7c4       0x30 ./Middlewares/Third_Party/FreeRTOS/Source/queue.o
 .text.vQueueAddToRegistry
                0x0800a7f4       0x54 ./Middlewares/Third_Party/FreeRTOS/Source/queue.o
                0x0800a7f4                vQueueAddToRegistry
 .text.vQueueWaitForMessageRestricted
                0x0800a848       0x68 ./Middlewares/Third_Party/FreeRTOS/Source/queue.o
                0x0800a848                vQueueWaitForMessageRestricted
 .text.xTaskCreateStatic
                0x0800a8b0       0xc0 ./Middlewares/Third_Party/FreeRTOS/Source/tasks.o
                0x0800a8b0                xTaskCreateStatic
 .text.xTaskCreate
                0x0800a970       0x8a ./Middlewares/Third_Party/FreeRTOS/Source/tasks.o
                0x0800a970                xTaskCreate
 .text.prvInitialiseNewTask
                0x0800a9fa      0x120 ./Middlewares/Third_Party/FreeRTOS/Source/tasks.o
 *fill*         0x0800ab1a        0x2 
 .text.prvAddNewTaskToReadyList
                0x0800ab1c       0xe0 ./Middlewares/Third_Party/FreeRTOS/Source/tasks.o
 .text.vTaskDelay
                0x0800abfc       0x6c ./Middlewares/Third_Party/FreeRTOS/Source/tasks.o
                0x0800abfc                vTaskDelay
 .text.vTaskStartScheduler
                0x0800ac68       0xd0 ./Middlewares/Third_Party/FreeRTOS/Source/tasks.o
                0x0800ac68                vTaskStartScheduler
 .text.vTaskSuspendAll
                0x0800ad38       0x1c ./Middlewares/Third_Party/FreeRTOS/Source/tasks.o
                0x0800ad38                vTaskSuspendAll
 .text.xTaskResumeAll
                0x0800ad54      0x13c ./Middlewares/Third_Party/FreeRTOS/Source/tasks.o
                0x0800ad54                xTaskResumeAll
 .text.xTaskGetTickCount
                0x0800ae90       0x20 ./Middlewares/Third_Party/FreeRTOS/Source/tasks.o
                0x0800ae90                xTaskGetTickCount
 .text.xTaskIncrementTick
                0x0800aeb0      0x174 ./Middlewares/Third_Party/FreeRTOS/Source/tasks.o
                0x0800aeb0                xTaskIncrementTick
 .text.vTaskSwitchContext
                0x0800b024       0xbc ./Middlewares/Third_Party/FreeRTOS/Source/tasks.o
                0x0800b024                vTaskSwitchContext
 .text.vTaskPlaceOnEventList
                0x0800b0e0       0x4c ./Middlewares/Third_Party/FreeRTOS/Source/tasks.o
                0x0800b0e0                vTaskPlaceOnEventList
 .text.vTaskPlaceOnEventListRestricted
                0x0800b12c       0x58 ./Middlewares/Third_Party/FreeRTOS/Source/tasks.o
                0x0800b12c                vTaskPlaceOnEventListRestricted
 .text.xTaskRemoveFromEventList
                0x0800b184       0xc8 ./Middlewares/Third_Party/FreeRTOS/Source/tasks.o
                0x0800b184                xTaskRemoveFromEventList
 .text.vTaskInternalSetTimeOutState
                0x0800b24c       0x2c ./Middlewares/Third_Party/FreeRTOS/Source/tasks.o
                0x0800b24c                vTaskInternalSetTimeOutState
 .text.xTaskCheckForTimeOut
                0x0800b278       0xc8 ./Middlewares/Third_Party/FreeRTOS/Source/tasks.o
                0x0800b278                xTaskCheckForTimeOut
 .text.vTaskMissedYield
                0x0800b340       0x18 ./Middlewares/Third_Party/FreeRTOS/Source/tasks.o
                0x0800b340                vTaskMissedYield
 .text.prvIdleTask
                0x0800b358       0x30 ./Middlewares/Third_Party/FreeRTOS/Source/tasks.o
 .text.prvInitialiseTaskLists
                0x0800b388       0x80 ./Middlewares/Third_Party/FreeRTOS/Source/tasks.o
 .text.prvCheckTasksWaitingTermination
                0x0800b408       0x5c ./Middlewares/Third_Party/FreeRTOS/Source/tasks.o
 .text.prvDeleteTCB
                0x0800b464       0x60 ./Middlewares/Third_Party/FreeRTOS/Source/tasks.o
 .text.prvResetNextTaskUnblockTime
                0x0800b4c4       0x40 ./Middlewares/Third_Party/FreeRTOS/Source/tasks.o
 .text.xTaskGetSchedulerState
                0x0800b504       0x3c ./Middlewares/Third_Party/FreeRTOS/Source/tasks.o
                0x0800b504                xTaskGetSchedulerState
 .text.xTaskPriorityDisinherit
                0x0800b540       0xe0 ./Middlewares/Third_Party/FreeRTOS/Source/tasks.o
                0x0800b540                xTaskPriorityDisinherit
 .text.prvAddCurrentTaskToDelayedList
                0x0800b620       0xa8 ./Middlewares/Third_Party/FreeRTOS/Source/tasks.o
 .text.xTimerCreateTimerTask
                0x0800b6c8       0x94 ./Middlewares/Third_Party/FreeRTOS/Source/timers.o
                0x0800b6c8                xTimerCreateTimerTask
 .text.xTimerGenericCommand
                0x0800b75c       0x9c ./Middlewares/Third_Party/FreeRTOS/Source/timers.o
                0x0800b75c                xTimerGenericCommand
 .text.prvProcessExpiredTimer
                0x0800b7f8       0x9c ./Middlewares/Third_Party/FreeRTOS/Source/timers.o
 .text.prvTimerTask
                0x0800b894       0x26 ./Middlewares/Third_Party/FreeRTOS/Source/timers.o
 *fill*         0x0800b8ba        0x2 
 .text.prvProcessTimerOrBlockTask
                0x0800b8bc       0x9c ./Middlewares/Third_Party/FreeRTOS/Source/timers.o
 .text.prvGetNextExpireTime
                0x0800b958       0x48 ./Middlewares/Third_Party/FreeRTOS/Source/timers.o
 .text.prvSampleTimeNow
                0x0800b9a0       0x40 ./Middlewares/Third_Party/FreeRTOS/Source/timers.o
 .text.prvInsertTimerInActiveList
                0x0800b9e0       0x84 ./Middlewares/Third_Party/FreeRTOS/Source/timers.o
 .text.prvProcessReceivedCommands
                0x0800ba64      0x1cc ./Middlewares/Third_Party/FreeRTOS/Source/timers.o
 .text.prvSwitchTimerLists
                0x0800bc30       0xcc ./Middlewares/Third_Party/FreeRTOS/Source/timers.o
 .text.prvCheckForValidListAndQueue
                0x0800bcfc       0x80 ./Middlewares/Third_Party/FreeRTOS/Source/timers.o
 .text.pxPortInitialiseStack
                0x0800bd7c       0x68 ./Middlewares/Third_Party/FreeRTOS/Source/portable/GCC/ARM_CM4F/port.o
                0x0800bd7c                pxPortInitialiseStack
 .text.prvTaskExitError
                0x0800bde4       0x5c ./Middlewares/Third_Party/FreeRTOS/Source/portable/GCC/ARM_CM4F/port.o
 .text.SVC_Handler
                0x0800be40       0x28 ./Middlewares/Third_Party/FreeRTOS/Source/portable/GCC/ARM_CM4F/port.o
                0x0800be40                SVC_Handler
 .text.prvPortStartFirstTask
                0x0800be68       0x28 ./Middlewares/Third_Party/FreeRTOS/Source/portable/GCC/ARM_CM4F/port.o
 .text.xPortStartScheduler
                0x0800be90      0x148 ./Middlewares/Third_Party/FreeRTOS/Source/portable/GCC/ARM_CM4F/port.o
                0x0800be90                xPortStartScheduler
 .text.vPortEnterCritical
                0x0800bfd8       0x64 ./Middlewares/Third_Party/FreeRTOS/Source/portable/GCC/ARM_CM4F/port.o
                0x0800bfd8                vPortEnterCritical
 .text.vPortExitCritical
                0x0800c03c       0x54 ./Middlewares/Third_Party/FreeRTOS/Source/portable/GCC/ARM_CM4F/port.o
                0x0800c03c                vPortExitCritical
 .text.PendSV_Handler
                0x0800c090       0x68 ./Middlewares/Third_Party/FreeRTOS/Source/portable/GCC/ARM_CM4F/port.o
                0x0800c090                PendSV_Handler
 .text.xPortSysTickHandler
                0x0800c0f8       0x44 ./Middlewares/Third_Party/FreeRTOS/Source/portable/GCC/ARM_CM4F/port.o
                0x0800c0f8                xPortSysTickHandler
 .text.vPortSetupTimerInterrupt
                0x0800c13c       0x48 ./Middlewares/Third_Party/FreeRTOS/Source/portable/GCC/ARM_CM4F/port.o
                0x0800c13c                vPortSetupTimerInterrupt
 .text.vPortEnableVFP
                0x0800c184       0x14 ./Middlewares/Third_Party/FreeRTOS/Source/portable/GCC/ARM_CM4F/port.o
 .text.vPortValidateInterruptPriority
                0x0800c198       0x84 ./Middlewares/Third_Party/FreeRTOS/Source/portable/GCC/ARM_CM4F/port.o
                0x0800c198                vPortValidateInterruptPriority
 .text.pvPortMalloc
                0x0800c21c      0x19c ./Middlewares/Third_Party/FreeRTOS/Source/portable/MemMang/heap_4.o
                0x0800c21c                pvPortMalloc
 .text.vPortFree
                0x0800c3b8       0xc8 ./Middlewares/Third_Party/FreeRTOS/Source/portable/MemMang/heap_4.o
                0x0800c3b8                vPortFree
 .text.prvHeapInit
                0x0800c480       0xc4 ./Middlewares/Third_Party/FreeRTOS/Source/portable/MemMang/heap_4.o
 .text.prvInsertBlockIntoFreeList
                0x0800c544       0xb4 ./Middlewares/Third_Party/FreeRTOS/Source/portable/MemMang/heap_4.o
 .text.__cvt    0x0800c5f8       0xca /Applications/STM32CubeIDE.app/Contents/Eclipse/plugins/com.st.stm32cube.ide.mcu.externaltools.gnu-tools-for-stm32.13.3.rel1.macos64_1.0.0.202411102158/tools/bin/../lib/gcc/arm-none-eabi/13.3.1/../../../../arm-none-eabi/lib/thumb/v7e-m+fp/hard/libc_nano.a(libc_a-nano-vfprintf_float.o)
                0x0800c5f8                __cvt
 .text.__exponent
                0x0800c6c2       0x74 /Applications/STM32CubeIDE.app/Contents/Eclipse/plugins/com.st.stm32cube.ide.mcu.externaltools.gnu-tools-for-stm32.13.3.rel1.macos64_1.0.0.202411102158/tools/bin/../lib/gcc/arm-none-eabi/13.3.1/../../../../arm-none-eabi/lib/thumb/v7e-m+fp/hard/libc_nano.a(libc_a-nano-vfprintf_float.o)
                0x0800c6c2                __exponent
 *fill*         0x0800c736        0x2 
 .text._printf_float
                0x0800c738      0x454 /Applications/STM32CubeIDE.app/Contents/Eclipse/plugins/com.st.stm32cube.ide.mcu.externaltools.gnu-tools-for-stm32.13.3.rel1.macos64_1.0.0.202411102158/tools/bin/../lib/gcc/arm-none-eabi/13.3.1/../../../../arm-none-eabi/lib/thumb/v7e-m+fp/hard/libc_nano.a(libc_a-nano-vfprintf_float.o)
                0x0800c738                _printf_float
 .text._printf_common
                0x0800cb8c       0xda /Applications/STM32CubeIDE.app/Contents/Eclipse/plugins/com.st.stm32cube.ide.mcu.externaltools.gnu-tools-for-stm32.13.3.rel1.macos64_1.0.0.202411102158/tools/bin/../lib/gcc/arm-none-eabi/13.3.1/../../../../arm-none-eabi/lib/thumb/v7e-m+fp/hard/libc_nano.a(libc_a-nano-vfprintf_i.o)
                0x0800cb8c                _printf_common
 *fill*         0x0800cc66        0x2 
 .text._printf_i
                0x0800cc68      0x23c /Applications/STM32CubeIDE.app/Contents/Eclipse/plugins/com.st.stm32cube.ide.mcu.externaltools.gnu-tools-for-stm32.13.3.rel1.macos64_1.0.0.202411102158/tools/bin/../lib/gcc/arm-none-eabi/13.3.1/../../../../arm-none-eabi/lib/thumb/v7e-m+fp/hard/libc_nano.a(libc_a-nano-vfprintf_i.o)
                0x0800cc68                _printf_i
 .text.std      0x0800cea4       0x6c /Applications/STM32CubeIDE.app/Contents/Eclipse/plugins/com.st.stm32cube.ide.mcu.externaltools.gnu-tools-for-stm32.13.3.rel1.macos64_1.0.0.202411102158/tools/bin/../lib/gcc/arm-none-eabi/13.3.1/../../../../arm-none-eabi/lib/thumb/v7e-m+fp/hard/libc_nano.a(libc_a-findfp.o)
 .text.stdio_exit_handler
                0x0800cf10       0x18 /Applications/STM32CubeIDE.app/Contents/Eclipse/plugins/com.st.stm32cube.ide.mcu.externaltools.gnu-tools-for-stm32.13.3.rel1.macos64_1.0.0.202411102158/tools/bin/../lib/gcc/arm-none-eabi/13.3.1/../../../../arm-none-eabi/lib/thumb/v7e-m+fp/hard/libc_nano.a(libc_a-findfp.o)
 .text.cleanup_stdio
                0x0800cf28       0x40 /Applications/STM32CubeIDE.app/Contents/Eclipse/plugins/com.st.stm32cube.ide.mcu.externaltools.gnu-tools-for-stm32.13.3.rel1.macos64_1.0.0.202411102158/tools/bin/../lib/gcc/arm-none-eabi/13.3.1/../../../../arm-none-eabi/lib/thumb/v7e-m+fp/hard/libc_nano.a(libc_a-findfp.o)
 .text.global_stdio_init.part.0
                0x0800cf68       0x3c /Applications/STM32CubeIDE.app/Contents/Eclipse/plugins/com.st.stm32cube.ide.mcu.externaltools.gnu-tools-for-stm32.13.3.rel1.macos64_1.0.0.202411102158/tools/bin/../lib/gcc/arm-none-eabi/13.3.1/../../../../arm-none-eabi/lib/thumb/v7e-m+fp/hard/libc_nano.a(libc_a-findfp.o)
 .text.__sfp_lock_acquire
                0x0800cfa4        0xc /Applications/STM32CubeIDE.app/Contents/Eclipse/plugins/com.st.stm32cube.ide.mcu.externaltools.gnu-tools-for-stm32.13.3.rel1.macos64_1.0.0.202411102158/tools/bin/../lib/gcc/arm-none-eabi/13.3.1/../../../../arm-none-eabi/lib/thumb/v7e-m+fp/hard/libc_nano.a(libc_a-findfp.o)
                0x0800cfa4                __sfp_lock_acquire
 .text.__sfp_lock_release
                0x0800cfb0        0xc /Applications/STM32CubeIDE.app/Contents/Eclipse/plugins/com.st.stm32cube.ide.mcu.externaltools.gnu-tools-for-stm32.13.3.rel1.macos64_1.0.0.202411102158/tools/bin/../lib/gcc/arm-none-eabi/13.3.1/../../../../arm-none-eabi/lib/thumb/v7e-m+fp/hard/libc_nano.a(libc_a-findfp.o)
                0x0800cfb0                __sfp_lock_release
 .text.__sinit  0x0800cfbc       0x30 /Applications/STM32CubeIDE.app/Contents/Eclipse/plugins/com.st.stm32cube.ide.mcu.externaltools.gnu-tools-for-stm32.13.3.rel1.macos64_1.0.0.202411102158/tools/bin/../lib/gcc/arm-none-eabi/13.3.1/../../../../arm-none-eabi/lib/thumb/v7e-m+fp/hard/libc_nano.a(libc_a-findfp.o)
                0x0800cfbc                __sinit
 .text._fwalk_sglue
                0x0800cfec       0x3c /Applications/STM32CubeIDE.app/Contents/Eclipse/plugins/com.st.stm32cube.ide.mcu.externaltools.gnu-tools-for-stm32.13.3.rel1.macos64_1.0.0.202411102158/tools/bin/../lib/gcc/arm-none-eabi/13.3.1/../../../../arm-none-eabi/lib/thumb/v7e-m+fp/hard/libc_nano.a(libc_a-fwalk.o)
                0x0800cfec                _fwalk_sglue
 .text.memset   0x0800d028       0x10 /Applications/STM32CubeIDE.app/Contents/Eclipse/plugins/com.st.stm32cube.ide.mcu.externaltools.gnu-tools-for-stm32.13.3.rel1.macos64_1.0.0.202411102158/tools/bin/../lib/gcc/arm-none-eabi/13.3.1/../../../../arm-none-eabi/lib/thumb/v7e-m+fp/hard/libc_nano.a(libc_a-memset.o)
                0x0800d028                memset
 .text.__errno  0x0800d038        0xc /Applications/STM32CubeIDE.app/Contents/Eclipse/plugins/com.st.stm32cube.ide.mcu.externaltools.gnu-tools-for-stm32.13.3.rel1.macos64_1.0.0.202411102158/tools/bin/../lib/gcc/arm-none-eabi/13.3.1/../../../../arm-none-eabi/lib/thumb/v7e-m+fp/hard/libc_nano.a(libc_a-errno.o)
                0x0800d038                __errno
 .text.__libc_init_array
                0x0800d044       0x48 /Applications/STM32CubeIDE.app/Contents/Eclipse/plugins/com.st.stm32cube.ide.mcu.externaltools.gnu-tools-for-stm32.13.3.rel1.macos64_1.0.0.202411102158/tools/bin/../lib/gcc/arm-none-eabi/13.3.1/../../../../arm-none-eabi/lib/thumb/v7e-m+fp/hard/libc_nano.a(libc_a-init.o)
                0x0800d044                __libc_init_array
 .text.__retarget_lock_init_recursive
                0x0800d08c        0x2 /Applications/STM32CubeIDE.app/Contents/Eclipse/plugins/com.st.stm32cube.ide.mcu.externaltools.gnu-tools-for-stm32.13.3.rel1.macos64_1.0.0.202411102158/tools/bin/../lib/gcc/arm-none-eabi/13.3.1/../../../../arm-none-eabi/lib/thumb/v7e-m+fp/hard/libc_nano.a(libc_a-lock.o)
                0x0800d08c                __retarget_lock_init_recursive
 .text.__retarget_lock_acquire_recursive
                0x0800d08e        0x2 /Applications/STM32CubeIDE.app/Contents/Eclipse/plugins/com.st.stm32cube.ide.mcu.externaltools.gnu-tools-for-stm32.13.3.rel1.macos64_1.0.0.202411102158/tools/bin/../lib/gcc/arm-none-eabi/13.3.1/../../../../arm-none-eabi/lib/thumb/v7e-m+fp/hard/libc_nano.a(libc_a-lock.o)
                0x0800d08e                __retarget_lock_acquire_recursive
 .text.__retarget_lock_release_recursive
                0x0800d090        0x2 /Applications/STM32CubeIDE.app/Contents/Eclipse/plugins/com.st.stm32cube.ide.mcu.externaltools.gnu-tools-for-stm32.13.3.rel1.macos64_1.0.0.202411102158/tools/bin/../lib/gcc/arm-none-eabi/13.3.1/../../../../arm-none-eabi/lib/thumb/v7e-m+fp/hard/libc_nano.a(libc_a-lock.o)
                0x0800d090                __retarget_lock_release_recursive
 *fill*         0x0800d092        0x2 
 .text._localeconv_r
                0x0800d094        0x8 /Applications/STM32CubeIDE.app/Contents/Eclipse/plugins/com.st.stm32cube.ide.mcu.externaltools.gnu-tools-for-stm32.13.3.rel1.macos64_1.0.0.202411102158/tools/bin/../lib/gcc/arm-none-eabi/13.3.1/../../../../arm-none-eabi/lib/thumb/v7e-m+fp/hard/libc_nano.a(libc_a-localeconv.o)
                0x0800d094                _localeconv_r
 .text.memcpy   0x0800d09c       0x1c /Applications/STM32CubeIDE.app/Contents/Eclipse/plugins/com.st.stm32cube.ide.mcu.externaltools.gnu-tools-for-stm32.13.3.rel1.macos64_1.0.0.202411102158/tools/bin/../lib/gcc/arm-none-eabi/13.3.1/../../../../arm-none-eabi/lib/thumb/v7e-m+fp/hard/libc_nano.a(libc_a-memcpy-stub.o)
                0x0800d09c                memcpy
 .text.quorem   0x0800d0b8      0x110 /Applications/STM32CubeIDE.app/Contents/Eclipse/plugins/com.st.stm32cube.ide.mcu.externaltools.gnu-tools-for-stm32.13.3.rel1.macos64_1.0.0.202411102158/tools/bin/../lib/gcc/arm-none-eabi/13.3.1/../../../../arm-none-eabi/lib/thumb/v7e-m+fp/hard/libc_nano.a(libc_a-dtoa.o)
 .text._dtoa_r  0x0800d1c8      0xba0 /Applications/STM32CubeIDE.app/Contents/Eclipse/plugins/com.st.stm32cube.ide.mcu.externaltools.gnu-tools-for-stm32.13.3.rel1.macos64_1.0.0.202411102158/tools/bin/../lib/gcc/arm-none-eabi/13.3.1/../../../../arm-none-eabi/lib/thumb/v7e-m+fp/hard/libc_nano.a(libc_a-dtoa.o)
                0x0800d1c8                _dtoa_r
 .text.malloc   0x0800dd68       0x10 /Applications/STM32CubeIDE.app/Contents/Eclipse/plugins/com.st.stm32cube.ide.mcu.externaltools.gnu-tools-for-stm32.13.3.rel1.macos64_1.0.0.202411102158/tools/bin/../lib/gcc/arm-none-eabi/13.3.1/../../../../arm-none-eabi/lib/thumb/v7e-m+fp/hard/libc_nano.a(libc_a-malloc.o)
                0x0800dd68                malloc
 .text.sbrk_aligned
                0x0800dd78       0x44 /Applications/STM32CubeIDE.app/Contents/Eclipse/plugins/com.st.stm32cube.ide.mcu.externaltools.gnu-tools-for-stm32.13.3.rel1.macos64_1.0.0.202411102158/tools/bin/../lib/gcc/arm-none-eabi/13.3.1/../../../../arm-none-eabi/lib/thumb/v7e-m+fp/hard/libc_nano.a(libc_a-mallocr.o)
 .text._malloc_r
                0x0800ddbc      0x100 /Applications/STM32CubeIDE.app/Contents/Eclipse/plugins/com.st.stm32cube.ide.mcu.externaltools.gnu-tools-for-stm32.13.3.rel1.macos64_1.0.0.202411102158/tools/bin/../lib/gcc/arm-none-eabi/13.3.1/../../../../arm-none-eabi/lib/thumb/v7e-m+fp/hard/libc_nano.a(libc_a-mallocr.o)
                0x0800ddbc                _malloc_r
 .text.__sflush_r
                0x0800debc      0x108 /Applications/STM32CubeIDE.app/Contents/Eclipse/plugins/com.st.stm32cube.ide.mcu.externaltools.gnu-tools-for-stm32.13.3.rel1.macos64_1.0.0.202411102158/tools/bin/../lib/gcc/arm-none-eabi/13.3.1/../../../../arm-none-eabi/lib/thumb/v7e-m+fp/hard/libc_nano.a(libc_a-fflush.o)
                0x0800debc                __sflush_r
 .text._fflush_r
                0x0800dfc4       0x50 /Applications/STM32CubeIDE.app/Contents/Eclipse/plugins/com.st.stm32cube.ide.mcu.externaltools.gnu-tools-for-stm32.13.3.rel1.macos64_1.0.0.202411102158/tools/bin/../lib/gcc/arm-none-eabi/13.3.1/../../../../arm-none-eabi/lib/thumb/v7e-m+fp/hard/libc_nano.a(libc_a-fflush.o)
                0x0800dfc4                _fflush_r
 .text.__malloc_lock
                0x0800e014        0xc /Applications/STM32CubeIDE.app/Contents/Eclipse/plugins/com.st.stm32cube.ide.mcu.externaltools.gnu-tools-for-stm32.13.3.rel1.macos64_1.0.0.202411102158/tools/bin/../lib/gcc/arm-none-eabi/13.3.1/../../../../arm-none-eabi/lib/thumb/v7e-m+fp/hard/libc_nano.a(libc_a-mlock.o)
                0x0800e014                __malloc_lock
 .text.__malloc_unlock
                0x0800e020        0xc /Applications/STM32CubeIDE.app/Contents/Eclipse/plugins/com.st.stm32cube.ide.mcu.externaltools.gnu-tools-for-stm32.13.3.rel1.macos64_1.0.0.202411102158/tools/bin/../lib/gcc/arm-none-eabi/13.3.1/../../../../arm-none-eabi/lib/thumb/v7e-m+fp/hard/libc_nano.a(libc_a-mlock.o)
                0x0800e020                __malloc_unlock
 .text._Balloc  0x0800e02c       0x80 /Applications/STM32CubeIDE.app/Contents/Eclipse/plugins/com.st.stm32cube.ide.mcu.externaltools.gnu-tools-for-stm32.13.3.rel1.macos64_1.0.0.202411102158/tools/bin/../lib/gcc/arm-none-eabi/13.3.1/../../../../arm-none-eabi/lib/thumb/v7e-m+fp/hard/libc_nano.a(libc_a-mprec.o)
                0x0800e02c                _Balloc
 .text._Bfree   0x0800e0ac       0x44 /Applications/STM32CubeIDE.app/Contents/Eclipse/plugins/com.st.stm32cube.ide.mcu.externaltools.gnu-tools-for-stm32.13.3.rel1.macos64_1.0.0.202411102158/tools/bin/../lib/gcc/arm-none-eabi/13.3.1/../../../../arm-none-eabi/lib/thumb/v7e-m+fp/hard/libc_nano.a(libc_a-mprec.o)
                0x0800e0ac                _Bfree
 .text.__multadd
                0x0800e0f0       0x8c /Applications/STM32CubeIDE.app/Contents/Eclipse/plugins/com.st.stm32cube.ide.mcu.externaltools.gnu-tools-for-stm32.13.3.rel1.macos64_1.0.0.202411102158/tools/bin/../lib/gcc/arm-none-eabi/13.3.1/../../../../arm-none-eabi/lib/thumb/v7e-m+fp/hard/libc_nano.a(libc_a-mprec.o)
                0x0800e0f0                __multadd
 .text.__hi0bits
                0x0800e17c       0x3e /Applications/STM32CubeIDE.app/Contents/Eclipse/plugins/com.st.stm32cube.ide.mcu.externaltools.gnu-tools-for-stm32.13.3.rel1.macos64_1.0.0.202411102158/tools/bin/../lib/gcc/arm-none-eabi/13.3.1/../../../../arm-none-eabi/lib/thumb/v7e-m+fp/hard/libc_nano.a(libc_a-mprec.o)
                0x0800e17c                __hi0bits
 .text.__lo0bits
                0x0800e1ba       0x5a /Applications/STM32CubeIDE.app/Contents/Eclipse/plugins/com.st.stm32cube.ide.mcu.externaltools.gnu-tools-for-stm32.13.3.rel1.macos64_1.0.0.202411102158/tools/bin/../lib/gcc/arm-none-eabi/13.3.1/../../../../arm-none-eabi/lib/thumb/v7e-m+fp/hard/libc_nano.a(libc_a-mprec.o)
                0x0800e1ba                __lo0bits
 .text.__i2b    0x0800e214       0x2c /Applications/STM32CubeIDE.app/Contents/Eclipse/plugins/com.st.stm32cube.ide.mcu.externaltools.gnu-tools-for-stm32.13.3.rel1.macos64_1.0.0.202411102158/tools/bin/../lib/gcc/arm-none-eabi/13.3.1/../../../../arm-none-eabi/lib/thumb/v7e-m+fp/hard/libc_nano.a(libc_a-mprec.o)
                0x0800e214                __i2b
 .text.__multiply
                0x0800e240      0x144 /Applications/STM32CubeIDE.app/Contents/Eclipse/plugins/com.st.stm32cube.ide.mcu.externaltools.gnu-tools-for-stm32.13.3.rel1.macos64_1.0.0.202411102158/tools/bin/../lib/gcc/arm-none-eabi/13.3.1/../../../../arm-none-eabi/lib/thumb/v7e-m+fp/hard/libc_nano.a(libc_a-mprec.o)
                0x0800e240                __multiply
 .text.__pow5mult
                0x0800e384       0xb4 /Applications/STM32CubeIDE.app/Contents/Eclipse/plugins/com.st.stm32cube.ide.mcu.externaltools.gnu-tools-for-stm32.13.3.rel1.macos64_1.0.0.202411102158/tools/bin/../lib/gcc/arm-none-eabi/13.3.1/../../../../arm-none-eabi/lib/thumb/v7e-m+fp/hard/libc_nano.a(libc_a-mprec.o)
                0x0800e384                __pow5mult
 .text.__lshift
                0x0800e438       0xd8 /Applications/STM32CubeIDE.app/Contents/Eclipse/plugins/com.st.stm32cube.ide.mcu.externaltools.gnu-tools-for-stm32.13.3.rel1.macos64_1.0.0.202411102158/tools/bin/../lib/gcc/arm-none-eabi/13.3.1/../../../../arm-none-eabi/lib/thumb/v7e-m+fp/hard/libc_nano.a(libc_a-mprec.o)
                0x0800e438                __lshift
 .text.__mcmp   0x0800e510       0x36 /Applications/STM32CubeIDE.app/Contents/Eclipse/plugins/com.st.stm32cube.ide.mcu.externaltools.gnu-tools-for-stm32.13.3.rel1.macos64_1.0.0.202411102158/tools/bin/../lib/gcc/arm-none-eabi/13.3.1/../../../../arm-none-eabi/lib/thumb/v7e-m+fp/hard/libc_nano.a(libc_a-mprec.o)
                0x0800e510                __mcmp
 *fill*         0x0800e546        0x2 
 .text.__mdiff  0x0800e548      0x128 /Applications/STM32CubeIDE.app/Contents/Eclipse/plugins/com.st.stm32cube.ide.mcu.externaltools.gnu-tools-for-stm32.13.3.rel1.macos64_1.0.0.202411102158/tools/bin/../lib/gcc/arm-none-eabi/13.3.1/../../../../arm-none-eabi/lib/thumb/v7e-m+fp/hard/libc_nano.a(libc_a-mprec.o)
                0x0800e548                __mdiff
 .text.__d2b    0x0800e670       0xb0 /Applications/STM32CubeIDE.app/Contents/Eclipse/plugins/com.st.stm32cube.ide.mcu.externaltools.gnu-tools-for-stm32.13.3.rel1.macos64_1.0.0.202411102158/tools/bin/../lib/gcc/arm-none-eabi/13.3.1/../../../../arm-none-eabi/lib/thumb/v7e-m+fp/hard/libc_nano.a(libc_a-mprec.o)
                0x0800e670                __d2b
 .text.__sread  0x0800e720       0x22 /Applications/STM32CubeIDE.app/Contents/Eclipse/plugins/com.st.stm32cube.ide.mcu.externaltools.gnu-tools-for-stm32.13.3.rel1.macos64_1.0.0.202411102158/tools/bin/../lib/gcc/arm-none-eabi/13.3.1/../../../../arm-none-eabi/lib/thumb/v7e-m+fp/hard/libc_nano.a(libc_a-stdio.o)
                0x0800e720                __sread
 .text.__swrite
                0x0800e742       0x38 /Applications/STM32CubeIDE.app/Contents/Eclipse/plugins/com.st.stm32cube.ide.mcu.externaltools.gnu-tools-for-stm32.13.3.rel1.macos64_1.0.0.202411102158/tools/bin/../lib/gcc/arm-none-eabi/13.3.1/../../../../arm-none-eabi/lib/thumb/v7e-m+fp/hard/libc_nano.a(libc_a-stdio.o)
                0x0800e742                __swrite
 .text.__sseek  0x0800e77a       0x24 /Applications/STM32CubeIDE.app/Contents/Eclipse/plugins/com.st.stm32cube.ide.mcu.externaltools.gnu-tools-for-stm32.13.3.rel1.macos64_1.0.0.202411102158/tools/bin/../lib/gcc/arm-none-eabi/13.3.1/../../../../arm-none-eabi/lib/thumb/v7e-m+fp/hard/libc_nano.a(libc_a-stdio.o)
                0x0800e77a                __sseek
 .text.__sclose
                0x0800e79e        0x8 /Applications/STM32CubeIDE.app/Contents/Eclipse/plugins/com.st.stm32cube.ide.mcu.externaltools.gnu-tools-for-stm32.13.3.rel1.macos64_1.0.0.202411102158/tools/bin/../lib/gcc/arm-none-eabi/13.3.1/../../../../arm-none-eabi/lib/thumb/v7e-m+fp/hard/libc_nano.a(libc_a-stdio.o)
                0x0800e79e                __sclose
 *fill*         0x0800e7a6        0x2 
 .text._lseek_r
                0x0800e7a8       0x24 /Applications/STM32CubeIDE.app/Contents/Eclipse/plugins/com.st.stm32cube.ide.mcu.externaltools.gnu-tools-for-stm32.13.3.rel1.macos64_1.0.0.202411102158/tools/bin/../lib/gcc/arm-none-eabi/13.3.1/../../../../arm-none-eabi/lib/thumb/v7e-m+fp/hard/libc_nano.a(libc_a-lseekr.o)
                0x0800e7a8                _lseek_r
 .text._read_r  0x0800e7cc       0x24 /Applications/STM32CubeIDE.app/Contents/Eclipse/plugins/com.st.stm32cube.ide.mcu.externaltools.gnu-tools-for-stm32.13.3.rel1.macos64_1.0.0.202411102158/tools/bin/../lib/gcc/arm-none-eabi/13.3.1/../../../../arm-none-eabi/lib/thumb/v7e-m+fp/hard/libc_nano.a(libc_a-readr.o)
                0x0800e7cc                _read_r
 .text._sbrk_r  0x0800e7f0       0x20 /Applications/STM32CubeIDE.app/Contents/Eclipse/plugins/com.st.stm32cube.ide.mcu.externaltools.gnu-tools-for-stm32.13.3.rel1.macos64_1.0.0.202411102158/tools/bin/../lib/gcc/arm-none-eabi/13.3.1/../../../../arm-none-eabi/lib/thumb/v7e-m+fp/hard/libc_nano.a(libc_a-sbrkr.o)
                0x0800e7f0                _sbrk_r
 .text._write_r
                0x0800e810       0x24 /Applications/STM32CubeIDE.app/Contents/Eclipse/plugins/com.st.stm32cube.ide.mcu.externaltools.gnu-tools-for-stm32.13.3.rel1.macos64_1.0.0.202411102158/tools/bin/../lib/gcc/arm-none-eabi/13.3.1/../../../../arm-none-eabi/lib/thumb/v7e-m+fp/hard/libc_nano.a(libc_a-writer.o)
                0x0800e810                _write_r
 .text._close_r
                0x0800e834       0x20 /Applications/STM32CubeIDE.app/Contents/Eclipse/plugins/com.st.stm32cube.ide.mcu.externaltools.gnu-tools-for-stm32.13.3.rel1.macos64_1.0.0.202411102158/tools/bin/../lib/gcc/arm-none-eabi/13.3.1/../../../../arm-none-eabi/lib/thumb/v7e-m+fp/hard/libc_nano.a(libc_a-closer.o)
                0x0800e834                _close_r
 .text.__assert_func
                0x0800e854       0x3c /Applications/STM32CubeIDE.app/Contents/Eclipse/plugins/com.st.stm32cube.ide.mcu.externaltools.gnu-tools-for-stm32.13.3.rel1.macos64_1.0.0.202411102158/tools/bin/../lib/gcc/arm-none-eabi/13.3.1/../../../../arm-none-eabi/lib/thumb/v7e-m+fp/hard/libc_nano.a(libc_a-assert.o)
                0x0800e854                __assert_func
 .text._calloc_r
                0x0800e890       0x28 /Applications/STM32CubeIDE.app/Contents/Eclipse/plugins/com.st.stm32cube.ide.mcu.externaltools.gnu-tools-for-stm32.13.3.rel1.macos64_1.0.0.202411102158/tools/bin/../lib/gcc/arm-none-eabi/13.3.1/../../../../arm-none-eabi/lib/thumb/v7e-m+fp/hard/libc_nano.a(libc_a-callocr.o)
                0x0800e890                _calloc_r
 .text._free_r  0x0800e8b8       0x94 /Applications/STM32CubeIDE.app/Contents/Eclipse/plugins/com.st.stm32cube.ide.mcu.externaltools.gnu-tools-for-stm32.13.3.rel1.macos64_1.0.0.202411102158/tools/bin/../lib/gcc/arm-none-eabi/13.3.1/../../../../arm-none-eabi/lib/thumb/v7e-m+fp/hard/libc_nano.a(libc_a-freer.o)
                0x0800e8b8                _free_r
 .text.__ascii_mbtowc
                0x0800e94c       0x24 /Applications/STM32CubeIDE.app/Contents/Eclipse/plugins/com.st.stm32cube.ide.mcu.externaltools.gnu-tools-for-stm32.13.3.rel1.macos64_1.0.0.202411102158/tools/bin/../lib/gcc/arm-none-eabi/13.3.1/../../../../arm-none-eabi/lib/thumb/v7e-m+fp/hard/libc_nano.a(libc_a-mbtowc_r.o)
                0x0800e94c                __ascii_mbtowc
 .text.fprintf  0x0800e970       0x24 /Applications/STM32CubeIDE.app/Contents/Eclipse/plugins/com.st.stm32cube.ide.mcu.externaltools.gnu-tools-for-stm32.13.3.rel1.macos64_1.0.0.202411102158/tools/bin/../lib/gcc/arm-none-eabi/13.3.1/../../../../arm-none-eabi/lib/thumb/v7e-m+fp/hard/libc_nano.a(libc_a-fprintf.o)
                0x0800e970                fprintf
                0x0800e970                fiprintf
 .text.__ascii_wctomb
                0x0800e994       0x1a /Applications/STM32CubeIDE.app/Contents/Eclipse/plugins/com.st.stm32cube.ide.mcu.externaltools.gnu-tools-for-stm32.13.3.rel1.macos64_1.0.0.202411102158/tools/bin/../lib/gcc/arm-none-eabi/13.3.1/../../../../arm-none-eabi/lib/thumb/v7e-m+fp/hard/libc_nano.a(libc_a-wctomb_r.o)
                0x0800e994                __ascii_wctomb
 .text.abort    0x0800e9ae        0xe /Applications/STM32CubeIDE.app/Contents/Eclipse/plugins/com.st.stm32cube.ide.mcu.externaltools.gnu-tools-for-stm32.13.3.rel1.macos64_1.0.0.202411102158/tools/bin/../lib/gcc/arm-none-eabi/13.3.1/../../../../arm-none-eabi/lib/thumb/v7e-m+fp/hard/libc_nano.a(libc_a-abort.o)
                0x0800e9ae                abort
 .text.__sfputc_r
                0x0800e9bc       0x2e /Applications/STM32CubeIDE.app/Contents/Eclipse/plugins/com.st.stm32cube.ide.mcu.externaltools.gnu-tools-for-stm32.13.3.rel1.macos64_1.0.0.202411102158/tools/bin/../lib/gcc/arm-none-eabi/13.3.1/../../../../arm-none-eabi/lib/thumb/v7e-m+fp/hard/libc_nano.a(libc_a-nano-vfprintf.o)
 .text.__sfputs_r
                0x0800e9ea       0x24 /Applications/STM32CubeIDE.app/Contents/Eclipse/plugins/com.st.stm32cube.ide.mcu.externaltools.gnu-tools-for-stm32.13.3.rel1.macos64_1.0.0.202411102158/tools/bin/../lib/gcc/arm-none-eabi/13.3.1/../../../../arm-none-eabi/lib/thumb/v7e-m+fp/hard/libc_nano.a(libc_a-nano-vfprintf.o)
                0x0800e9ea                __sfputs_r
 *fill*         0x0800ea0e        0x2 
 .text._vfprintf_r
                0x0800ea10      0x230 /Applications/STM32CubeIDE.app/Contents/Eclipse/plugins/com.st.stm32cube.ide.mcu.externaltools.gnu-tools-for-stm32.13.3.rel1.macos64_1.0.0.202411102158/tools/bin/../lib/gcc/arm-none-eabi/13.3.1/../../../../arm-none-eabi/lib/thumb/v7e-m+fp/hard/libc_nano.a(libc_a-nano-vfprintf.o)
                0x0800ea10                _vfiprintf_r
                0x0800ea10                _vfprintf_r
 .text.__swbuf_r
                0x0800ec40       0x7c /Applications/STM32CubeIDE.app/Contents/Eclipse/plugins/com.st.stm32cube.ide.mcu.externaltools.gnu-tools-for-stm32.13.3.rel1.macos64_1.0.0.202411102158/tools/bin/../lib/gcc/arm-none-eabi/13.3.1/../../../../arm-none-eabi/lib/thumb/v7e-m+fp/hard/libc_nano.a(libc_a-wbuf.o)
                0x0800ec40                __swbuf_r
 .text.__swsetup_r
                0x0800ecbc       0xac /Applications/STM32CubeIDE.app/Contents/Eclipse/plugins/com.st.stm32cube.ide.mcu.externaltools.gnu-tools-for-stm32.13.3.rel1.macos64_1.0.0.202411102158/tools/bin/../lib/gcc/arm-none-eabi/13.3.1/../../../../arm-none-eabi/lib/thumb/v7e-m+fp/hard/libc_nano.a(libc_a-wsetup.o)
                0x0800ecbc                __swsetup_r
 .text.__swhatbuf_r
                0x0800ed68       0x4c /Applications/STM32CubeIDE.app/Contents/Eclipse/plugins/com.st.stm32cube.ide.mcu.externaltools.gnu-tools-for-stm32.13.3.rel1.macos64_1.0.0.202411102158/tools/bin/../lib/gcc/arm-none-eabi/13.3.1/../../../../arm-none-eabi/lib/thumb/v7e-m+fp/hard/libc_nano.a(libc_a-makebuf.o)
                0x0800ed68                __swhatbuf_r
 .text.__smakebuf_r
                0x0800edb4       0x78 /Applications/STM32CubeIDE.app/Contents/Eclipse/plugins/com.st.stm32cube.ide.mcu.externaltools.gnu-tools-for-stm32.13.3.rel1.macos64_1.0.0.202411102158/tools/bin/../lib/gcc/arm-none-eabi/13.3.1/../../../../arm-none-eabi/lib/thumb/v7e-m+fp/hard/libc_nano.a(libc_a-makebuf.o)
                0x0800edb4                __smakebuf_r
 .text._raise_r
                0x0800ee2c       0x50 /Applications/STM32CubeIDE.app/Contents/Eclipse/plugins/com.st.stm32cube.ide.mcu.externaltools.gnu-tools-for-stm32.13.3.rel1.macos64_1.0.0.202411102158/tools/bin/../lib/gcc/arm-none-eabi/13.3.1/../../../../arm-none-eabi/lib/thumb/v7e-m+fp/hard/libc_nano.a(libc_a-signal.o)
                0x0800ee2c                _raise_r
 .text.raise    0x0800ee7c       0x10 /Applications/STM32CubeIDE.app/Contents/Eclipse/plugins/com.st.stm32cube.ide.mcu.externaltools.gnu-tools-for-stm32.13.3.rel1.macos64_1.0.0.202411102158/tools/bin/../lib/gcc/arm-none-eabi/13.3.1/../../../../arm-none-eabi/lib/thumb/v7e-m+fp/hard/libc_nano.a(libc_a-signal.o)
                0x0800ee7c                raise
 .text._isatty_r
                0x0800ee8c       0x20 /Applications/STM32CubeIDE.app/Contents/Eclipse/plugins/com.st.stm32cube.ide.mcu.externaltools.gnu-tools-for-stm32.13.3.rel1.macos64_1.0.0.202411102158/tools/bin/../lib/gcc/arm-none-eabi/13.3.1/../../../../arm-none-eabi/lib/thumb/v7e-m+fp/hard/libc_nano.a(libc_a-isattyr.o)
                0x0800ee8c                _isatty_r
 .text._kill_r  0x0800eeac       0x24 /Applications/STM32CubeIDE.app/Contents/Eclipse/plugins/com.st.stm32cube.ide.mcu.externaltools.gnu-tools-for-stm32.13.3.rel1.macos64_1.0.0.202411102158/tools/bin/../lib/gcc/arm-none-eabi/13.3.1/../../../../arm-none-eabi/lib/thumb/v7e-m+fp/hard/libc_nano.a(libc_a-signalr.o)
                0x0800eeac                _kill_r
 .text._getpid_r
                0x0800eed0        0x4 /Applications/STM32CubeIDE.app/Contents/Eclipse/plugins/com.st.stm32cube.ide.mcu.externaltools.gnu-tools-for-stm32.13.3.rel1.macos64_1.0.0.202411102158/tools/bin/../lib/gcc/arm-none-eabi/13.3.1/../../../../arm-none-eabi/lib/thumb/v7e-m+fp/hard/libc_nano.a(libc_a-signalr.o)
                0x0800eed0                _getpid_r
 .text._fstat_r
                0x0800eed4       0x24 /Applications/STM32CubeIDE.app/Contents/Eclipse/plugins/com.st.stm32cube.ide.mcu.externaltools.gnu-tools-for-stm32.13.3.rel1.macos64_1.0.0.202411102158/tools/bin/../lib/gcc/arm-none-eabi/13.3.1/../../../../arm-none-eabi/lib/thumb/v7e-m+fp/hard/libc_nano.a(libc_a-fstatr.o)
                0x0800eed4                _fstat_r
 .text.fabsf    0x0800eef8        0xe /Applications/STM32CubeIDE.app/Contents/Eclipse/plugins/com.st.stm32cube.ide.mcu.externaltools.gnu-tools-for-stm32.13.3.rel1.macos64_1.0.0.202411102158/tools/bin/../lib/gcc/arm-none-eabi/13.3.1/../../../../arm-none-eabi/lib/thumb/v7e-m+fp/hard/libm.a(libm_a-sf_fabs.o)
                0x0800eef8                fabsf
 *fill*         0x0800ef06        0x2 
 .text.tanf     0x0800ef08       0x58 /Applications/STM32CubeIDE.app/Contents/Eclipse/plugins/com.st.stm32cube.ide.mcu.externaltools.gnu-tools-for-stm32.13.3.rel1.macos64_1.0.0.202411102158/tools/bin/../lib/gcc/arm-none-eabi/13.3.1/../../../../arm-none-eabi/lib/thumb/v7e-m+fp/hard/libm.a(libm_a-sf_tan.o)
                0x0800ef08                tanf
 .text.__kernel_tanf
                0x0800ef60      0x1c0 /Applications/STM32CubeIDE.app/Contents/Eclipse/plugins/com.st.stm32cube.ide.mcu.externaltools.gnu-tools-for-stm32.13.3.rel1.macos64_1.0.0.202411102158/tools/bin/../lib/gcc/arm-none-eabi/13.3.1/../../../../arm-none-eabi/lib/thumb/v7e-m+fp/hard/libm.a(libm_a-kf_tan.o)
                0x0800ef60                __kernel_tanf
 .text.lroundf  0x0800f120       0x5a /Applications/STM32CubeIDE.app/Contents/Eclipse/plugins/com.st.stm32cube.ide.mcu.externaltools.gnu-tools-for-stm32.13.3.rel1.macos64_1.0.0.202411102158/tools/bin/../lib/gcc/arm-none-eabi/13.3.1/../../../../arm-none-eabi/lib/thumb/v7e-m+fp/hard/libm.a(libm_a-sf_lround.o)
                0x0800f120                lroundf
 *fill*         0x0800f17a        0x2 
 .text.__ieee754_rem_pio2f
                0x0800f17c      0x260 /Applications/STM32CubeIDE.app/Contents/Eclipse/plugins/com.st.stm32cube.ide.mcu.externaltools.gnu-tools-for-stm32.13.3.rel1.macos64_1.0.0.202411102158/tools/bin/../lib/gcc/arm-none-eabi/13.3.1/../../../../arm-none-eabi/lib/thumb/v7e-m+fp/hard/libm.a(libm_a-ef_rem_pio2.o)
                0x0800f17c                __ieee754_rem_pio2f
 .text.__kernel_rem_pio2f
                0x0800f3dc      0x4d0 /Applications/STM32CubeIDE.app/Contents/Eclipse/plugins/com.st.stm32cube.ide.mcu.externaltools.gnu-tools-for-stm32.13.3.rel1.macos64_1.0.0.202411102158/tools/bin/../lib/gcc/arm-none-eabi/13.3.1/../../../../arm-none-eabi/lib/thumb/v7e-m+fp/hard/libm.a(libm_a-kf_rem_pio2.o)
                0x0800f3dc                __kernel_rem_pio2f
 .text.floorf   0x0800f8ac       0x88 /Applications/STM32CubeIDE.app/Contents/Eclipse/plugins/com.st.stm32cube.ide.mcu.externaltools.gnu-tools-for-stm32.13.3.rel1.macos64_1.0.0.202411102158/tools/bin/../lib/gcc/arm-none-eabi/13.3.1/../../../../arm-none-eabi/lib/thumb/v7e-m+fp/hard/libm.a(libm_a-sf_floor.o)
                0x0800f8ac                floorf
 .text.scalbnf  0x0800f934       0xcc /Applications/STM32CubeIDE.app/Contents/Eclipse/plugins/com.st.stm32cube.ide.mcu.externaltools.gnu-tools-for-stm32.13.3.rel1.macos64_1.0.0.202411102158/tools/bin/../lib/gcc/arm-none-eabi/13.3.1/../../../../arm-none-eabi/lib/thumb/v7e-m+fp/hard/libm.a(libm_a-sf_scalbn.o)
                0x0800f934                scalbnf
 *(.glue_7)
 .glue_7        0x0800fa00        0x0 linker stubs
 *(.glue_7t)
 .glue_7t       0x0800fa00        0x0 linker stubs
 *(.eh_frame)
 .eh_frame      0x0800fa00        0x0 /Applications/STM32CubeIDE.app/Contents/Eclipse/plugins/com.st.stm32cube.ide.mcu.externaltools.gnu-tools-for-stm32.13.3.rel1.macos64_1.0.0.202411102158/tools/bin/../lib/gcc/arm-none-eabi/13.3.1/thumb/v7e-m+fp/hard/crtbegin.o
 *(.init)
 .init          0x0800fa00        0x4 /Applications/STM32CubeIDE.app/Contents/Eclipse/plugins/com.st.stm32cube.ide.mcu.externaltools.gnu-tools-for-stm32.13.3.rel1.macos64_1.0.0.202411102158/tools/bin/../lib/gcc/arm-none-eabi/13.3.1/thumb/v7e-m+fp/hard/crti.o
                0x0800fa00                _init
 .init          0x0800fa04        0x8 /Applications/STM32CubeIDE.app/Contents/Eclipse/plugins/com.st.stm32cube.ide.mcu.externaltools.gnu-tools-for-stm32.13.3.rel1.macos64_1.0.0.202411102158/tools/bin/../lib/gcc/arm-none-eabi/13.3.1/thumb/v7e-m+fp/hard/crtn.o
 *(.fini)
 .fini          0x0800fa0c        0x4 /Applications/STM32CubeIDE.app/Contents/Eclipse/plugins/com.st.stm32cube.ide.mcu.externaltools.gnu-tools-for-stm32.13.3.rel1.macos64_1.0.0.202411102158/tools/bin/../lib/gcc/arm-none-eabi/13.3.1/thumb/v7e-m+fp/hard/crti.o
                0x0800fa0c                _fini
 .fini          0x0800fa10        0x8 /Applications/STM32CubeIDE.app/Contents/Eclipse/plugins/com.st.stm32cube.ide.mcu.externaltools.gnu-tools-for-stm32.13.3.rel1.macos64_1.0.0.202411102158/tools/bin/../lib/gcc/arm-none-eabi/13.3.1/thumb/v7e-m+fp/hard/crtn.o
                0x0800fa18                        . = ALIGN (0x4)
                0x0800fa18                        _etext = .

.vfp11_veneer   0x0800fa18        0x0
 .vfp11_veneer  0x0800fa18        0x0 linker stubs

.v4_bx          0x0800fa18        0x0
 .v4_bx         0x0800fa18        0x0 linker stubs

.iplt           0x0800fa18        0x0
 .iplt          0x0800fa18        0x0 /Applications/STM32CubeIDE.app/Contents/Eclipse/plugins/com.st.stm32cube.ide.mcu.externaltools.gnu-tools-for-stm32.13.3.rel1.macos64_1.0.0.202411102158/tools/bin/../lib/gcc/arm-none-eabi/13.3.1/thumb/v7e-m+fp/hard/crtbegin.o

.rodata         0x0800fa18     0x1364
                0x0800fa18                        . = ALIGN (0x4)
 *(.rodata)
 .rodata        0x0800fa18        0xc ./Core/Src/control.o
 .rodata        0x0800fa24      0x10d ./Core/Src/main.o
 *fill*         0x0800fb31        0x3 
 .rodata        0x0800fb34        0x5 ./Middlewares/Third_Party/FreeRTOS/Source/tasks.o
 *fill*         0x0800fb39        0x3 
 .rodata        0x0800fb3c        0xd ./Middlewares/Third_Party/FreeRTOS/Source/timers.o
 *(.rodata*)
 *fill*         0x0800fb49        0x3 
 .rodata.defaultTask_attributes
                0x0800fb4c       0x24 ./Core/Src/main.o
                0x0800fb4c                defaultTask_attributes
 .rodata.controlTask_attributes
                0x0800fb70       0x24 ./Core/Src/main.o
                0x0800fb70                controlTask_attributes
 .rodata.oledTask_attributes
                0x0800fb94       0x24 ./Core/Src/main.o
                0x0800fb94                oledTask_attributes
 .rodata.oled_asc2_1206
                0x0800fbb8      0x474 ./Core/Src/oled.o
                0x0800fbb8                oled_asc2_1206
 .rodata.oled_asc2_1608
                0x0801002c      0x5f0 ./Core/Src/oled.o
                0x0801002c                oled_asc2_1608
 .rodata.AHBPrescTable
                0x0801061c       0x10 ./Core/Src/system_stm32f4xx.o
                0x0801061c                AHBPrescTable
 .rodata.APBPrescTable
                0x0801062c        0x8 ./Core/Src/system_stm32f4xx.o
                0x0801062c                APBPrescTable
 .rodata._printf_float.str1.1
                0x08010634      0x171 /Applications/STM32CubeIDE.app/Contents/Eclipse/plugins/com.st.stm32cube.ide.mcu.externaltools.gnu-tools-for-stm32.13.3.rel1.macos64_1.0.0.202411102158/tools/bin/../lib/gcc/arm-none-eabi/13.3.1/../../../../arm-none-eabi/lib/thumb/v7e-m+fp/hard/libc_nano.a(libc_a-nano-vfprintf_float.o)
                                 0x12 (size before relaxing)
 .rodata._printf_i.str1.1
                0x080107a5       0x22 /Applications/STM32CubeIDE.app/Contents/Eclipse/plugins/com.st.stm32cube.ide.mcu.externaltools.gnu-tools-for-stm32.13.3.rel1.macos64_1.0.0.202411102158/tools/bin/../lib/gcc/arm-none-eabi/13.3.1/../../../../arm-none-eabi/lib/thumb/v7e-m+fp/hard/libc_nano.a(libc_a-nano-vfprintf_i.o)
 .rodata._dtoa_r.str1.1
                0x080107a5       0x8f /Applications/STM32CubeIDE.app/Contents/Eclipse/plugins/com.st.stm32cube.ide.mcu.externaltools.gnu-tools-for-stm32.13.3.rel1.macos64_1.0.0.202411102158/tools/bin/../lib/gcc/arm-none-eabi/13.3.1/../../../../arm-none-eabi/lib/thumb/v7e-m+fp/hard/libc_nano.a(libc_a-dtoa.o)
 .rodata._Balloc.str1.1
                0x080107a5       0x70 /Applications/STM32CubeIDE.app/Contents/Eclipse/plugins/com.st.stm32cube.ide.mcu.externaltools.gnu-tools-for-stm32.13.3.rel1.macos64_1.0.0.202411102158/tools/bin/../lib/gcc/arm-none-eabi/13.3.1/../../../../arm-none-eabi/lib/thumb/v7e-m+fp/hard/libc_nano.a(libc_a-mprec.o)
 .rodata.__multadd.str1.1
                0x080107a5       0x11 /Applications/STM32CubeIDE.app/Contents/Eclipse/plugins/com.st.stm32cube.ide.mcu.externaltools.gnu-tools-for-stm32.13.3.rel1.macos64_1.0.0.202411102158/tools/bin/../lib/gcc/arm-none-eabi/13.3.1/../../../../arm-none-eabi/lib/thumb/v7e-m+fp/hard/libc_nano.a(libc_a-mprec.o)
 *fill*         0x080107a5        0x3 
 .rodata.p05.0  0x080107a8        0xc /Applications/STM32CubeIDE.app/Contents/Eclipse/plugins/com.st.stm32cube.ide.mcu.externaltools.gnu-tools-for-stm32.13.3.rel1.macos64_1.0.0.202411102158/tools/bin/../lib/gcc/arm-none-eabi/13.3.1/../../../../arm-none-eabi/lib/thumb/v7e-m+fp/hard/libc_nano.a(libc_a-mprec.o)
 *fill*         0x080107b4        0x4 
 .rodata.__mprec_bigtens