Archive member included to satisfy reference by file (symbol)

/Applications/STM32CubeIDE.app/Contents/Eclipse/plugins/com.st.stm32cube.ide.mcu.externaltools.gnu-tools-for-stm32.13.3.rel1.macos64_1.0.0.202411102158/tools/bin/../lib/gcc/arm-none-eabi/13.3.1/../../../../arm-none-eabi/lib/thumb/v7e-m+fp/hard/libc_nano.a(libc_a-exit.o)
                              /Applications/STM32CubeIDE.app/Contents/Eclipse/plugins/com.st.stm32cube.ide.mcu.externaltools.gnu-tools-for-stm32.13.3.rel1.macos64_1.0.0.202411102158/tools/bin/../lib/gcc/arm-none-eabi/13.3.1/../../../../arm-none-eabi/lib/thumb/v7e-m+fp/hard/crt0.o (exit)
/Applications/STM32CubeIDE.app/Contents/Eclipse/plugins/com.st.stm32cube.ide.mcu.externaltools.gnu-tools-for-stm32.13.3.rel1.macos64_1.0.0.202411102158/tools/bin/../lib/gcc/arm-none-eabi/13.3.1/../../../../arm-none-eabi/lib/thumb/v7e-m+fp/hard/libc_nano.a(libc_a-sprintf.o)
                              ./Core/Src/main.o (sprintf)
/Applications/STM32CubeIDE.app/Contents/Eclipse/plugins/com.st.stm32cube.ide.mcu.externaltools.gnu-tools-for-stm32.13.3.rel1.macos64_1.0.0.202411102158/tools/bin/../lib/gcc/arm-none-eabi/13.3.1/../../../../arm-none-eabi/lib/thumb/v7e-m+fp/hard/libc_nano.a(libc_a-findfp.o)
                              /Applications/STM32CubeIDE.app/Contents/Eclipse/plugins/com.st.stm32cube.ide.mcu.externaltools.gnu-tools-for-stm32.13.3.rel1.macos64_1.0.0.202411102158/tools/bin/../lib/gcc/arm-none-eabi/13.3.1/../../../../arm-none-eabi/lib/thumb/v7e-m+fp/hard/libc_nano.a(libc_a-exit.o) (__stdio_exit_handler)
/Applications/STM32CubeIDE.app/Contents/Eclipse/plugins/com.st.stm32cube.ide.mcu.externaltools.gnu-tools-for-stm32.13.3.rel1.macos64_1.0.0.202411102158/tools/bin/../lib/gcc/arm-none-eabi/13.3.1/../../../../arm-none-eabi/lib/thumb/v7e-m+fp/hard/libc_nano.a(libc_a-fwalk.o)
                              /Applications/STM32CubeIDE.app/Contents/Eclipse/plugins/com.st.stm32cube.ide.mcu.externaltools.gnu-tools-for-stm32.13.3.rel1.macos64_1.0.0.202411102158/tools/bin/../lib/gcc/arm-none-eabi/13.3.1/../../../../arm-none-eabi/lib/thumb/v7e-m+fp/hard/libc_nano.a(libc_a-findfp.o) (_fwalk_sglue)
/Applications/STM32CubeIDE.app/Contents/Eclipse/plugins/com.st.stm32cube.ide.mcu.externaltools.gnu-tools-for-stm32.13.3.rel1.macos64_1.0.0.202411102158/tools/bin/../lib/gcc/arm-none-eabi/13.3.1/../../../../arm-none-eabi/lib/thumb/v7e-m+fp/hard/libc_nano.a(libc_a-memset.o)
                              /Applications/STM32CubeIDE.app/Contents/Eclipse/plugins/com.st.stm32cube.ide.mcu.externaltools.gnu-tools-for-stm32.13.3.rel1.macos64_1.0.0.202411102158/tools/bin/../lib/gcc/arm-none-eabi/13.3.1/../../../../arm-none-eabi/lib/thumb/v7e-m+fp/hard/crt0.o (memset)
/Applications/STM32CubeIDE.app/Contents/Eclipse/plugins/com.st.stm32cube.ide.mcu.externaltools.gnu-tools-for-stm32.13.3.rel1.macos64_1.0.0.202411102158/tools/bin/../lib/gcc/arm-none-eabi/13.3.1/../../../../arm-none-eabi/lib/thumb/v7e-m+fp/hard/libc_nano.a(libc_a-errno.o)
                              ./Core/Src/syscalls.o (__errno)
/Applications/STM32CubeIDE.app/Contents/Eclipse/plugins/com.st.stm32cube.ide.mcu.externaltools.gnu-tools-for-stm32.13.3.rel1.macos64_1.0.0.202411102158/tools/bin/../lib/gcc/arm-none-eabi/13.3.1/../../../../arm-none-eabi/lib/thumb/v7e-m+fp/hard/libc_nano.a(libc_a-init.o)
                              /Applications/STM32CubeIDE.app/Contents/Eclipse/plugins/com.st.stm32cube.ide.mcu.externaltools.gnu-tools-for-stm32.13.3.rel1.macos64_1.0.0.202411102158/tools/bin/../lib/gcc/arm-none-eabi/13.3.1/../../../../arm-none-eabi/lib/thumb/v7e-m+fp/hard/crt0.o (__libc_init_array)
/Applications/STM32CubeIDE.app/Contents/Eclipse/plugins/com.st.stm32cube.ide.mcu.externaltools.gnu-tools-for-stm32.13.3.rel1.macos64_1.0.0.202411102158/tools/bin/../lib/gcc/arm-none-eabi/13.3.1/../../../../arm-none-eabi/lib/thumb/v7e-m+fp/hard/libc_nano.a(libc_a-lock.o)
                              /Applications/STM32CubeIDE.app/Contents/Eclipse/plugins/com.st.stm32cube.ide.mcu.externaltools.gnu-tools-for-stm32.13.3.rel1.macos64_1.0.0.202411102158/tools/bin/../lib/gcc/arm-none-eabi/13.3.1/../../../../arm-none-eabi/lib/thumb/v7e-m+fp/hard/libc_nano.a(libc_a-findfp.o) (__retarget_lock_init_recursive)
/Applications/STM32CubeIDE.app/Contents/Eclipse/plugins/com.st.stm32cube.ide.mcu.externaltools.gnu-tools-for-stm32.13.3.rel1.macos64_1.0.0.202411102158/tools/bin/../lib/gcc/arm-none-eabi/13.3.1/../../../../arm-none-eabi/lib/thumb/v7e-m+fp/hard/libc_nano.a(libc_a-impure.o)
                              /Applications/STM32CubeIDE.app/Contents/Eclipse/plugins/com.st.stm32cube.ide.mcu.externaltools.gnu-tools-for-stm32.13.3.rel1.macos64_1.0.0.202411102158/tools/bin/../lib/gcc/arm-none-eabi/13.3.1/../../../../arm-none-eabi/lib/thumb/v7e-m+fp/hard/libc_nano.a(libc_a-sprintf.o) (_impure_ptr)
[...]
Memory Configuration

Name             Origin             Length             Attributes
CCMRAM           0x10000000         0x00010000         xrw
RAM              0x20000000         0x00020000         xrw
FLASH            0x08000000         0x00080000         xr
*default*        0x00000000         0xffffffff

Linker script and memory map

LOAD /Applications/STM32CubeIDE.app/Contents/Eclipse/plugins/com.st.stm32cube.ide.mcu.externaltools.gnu-tools-for-stm32.13.3.rel1.macos64_1.0.0.202411102158/tools/bin/../lib/gcc/arm-none-eabi/13.3.1/thumb/v7e-m+fp/hard/crti.o
LOAD /Applications/STM32CubeIDE.app/Contents/Eclipse/plugins/com.st.stm32cube.ide.mcu.externaltools.gnu-tools-for-stm32.13.3.rel1.macos64_1.0.0.202411102158/tools/bin/../lib/gcc/arm-none-eabi/13.3.1/thumb/v7e-m+fp/hard/crtbegin.o
LOAD /Applications/STM32CubeIDE.app/Contents/Eclipse/plugins/com.st.stm32cube.ide.mcu.externaltools.gnu-tools-for-stm32.13.3.rel1.macos64_1.0.0.202411102158/tools/bin/../lib/gcc/arm-none-eabi/13.3.1/../../../../arm-none-eabi/lib/thumb/v7e-m+fp/hard/crt0.o
LOAD ./Core/Src/control.o
LOAD ./Core/Src/freertos.o
LOAD ./Core/Src/main.o
LOAD ./Core/Src/motor.o
LOAD ./Core/Src/oled.o
LOAD ./Core/Src/pid.o
LOAD ./Core/Src/stm32f4xx_hal_msp.o
LOAD ./Core/Src/stm32f4xx_it.o
LOAD ./Core/Src/syscalls.o
LOAD ./Core/Src/sysmem.o
LOAD ./Core/Src/system_stm32f4xx.o
LOAD ./Core/Src/userButton.o
LOAD ./Core/Startup/startup_stm32f407vetx.o
LOAD ./Drivers/STM32F4xx_HAL_Driver/Src/stm32f4xx_hal.o
LOAD ./Drivers/STM32F4xx_HAL_Driver/Src/stm32f4xx_hal_cortex.o
LOAD ./Drivers/STM32F4xx_HAL_Driver/Src/stm32f4xx_hal_dma.o
LOAD ./Drivers/STM32F4xx_HAL_Driver/Src/stm32f4xx_hal_dma_ex.o
LOAD ./Drivers/STM32F4xx_HAL_Driver/Src/stm32f4xx_hal_exti.o
LOAD ./Drivers/STM32F4xx_HAL_Driver/Src/stm32f4xx_hal_flash.o
LOAD ./Drivers/STM32F4xx_HAL_Driver/Src/stm32f4xx_hal_flash_ex.o
LOAD ./Drivers/STM32F4xx_HAL_Driver/Src/stm32f4xx_hal_flash_ramfunc.o
LOAD ./Drivers/STM32F4xx_HAL_Driver/Src/stm32f4xx_hal_gpio.o
LOAD ./Drivers/STM32F4xx_HAL_Driver/Src/stm32f4xx_hal_pwr.o
LOAD ./Drivers/STM32F4xx_HAL_Driver/Src/stm32f4xx_hal_pwr_ex.o
LOAD ./Drivers/STM32F4xx_HAL_Driver/Src/stm32f4xx_hal_rcc.o
LOAD ./Drivers/STM32F4xx_HAL_Driver/Src/stm32f4xx_hal_rcc_ex.o
LOAD ./Drivers/STM32F4xx_HAL_Driver/Src/stm32f4xx_hal_tim.o
LOAD ./Drivers/STM32F4xx_HAL_Driver/Src/stm32f4xx_hal_tim_ex.o
LOAD ./Middlewares/Third_Party/FreeRTOS/Source/CMSIS_RTOS_V2/cmsis_os2.o
LOAD ./Middlewares/Third_Party/FreeRTOS/Source/croutine.o
LOAD ./Middlewares/Third_Party/FreeRTOS/Source/event_groups.o
LOAD ./Middlewares/Third_Party/FreeRTOS/Source/list.o
LOAD ./Middlewares/Third_Party/FreeRTOS/Source/queue.o
LOAD ./Middlewares/Third_Party/FreeRTOS/Source/stream_buffer.o
LOAD ./Middlewares/Third_Party/FreeRTOS/Source/tasks.o
LOAD ./Middlewares/Third_Party/FreeRTOS/Source/timers.o
LOAD ./Middlewares/Third_Party/FreeRTOS/Source/portable/GCC/ARM_CM4F/port.o
LOAD ./Middlewares/Third_Party/FreeRTOS/Source/portable/MemMang/heap_4.o
START GROUP
LOAD /Applications/STM32CubeIDE.app/Contents/Eclipse/plugins/com.st.stm32cube.ide.mcu.externaltools.gnu-tools-for-stm32.13.3.rel1.macos64_1.0.0.202411102158/tools/bin/../lib/gcc/arm-none-eabi/13.3.1/../../../../arm-none-eabi/lib/thumb/v7e-m+fp/hard/libc_nano.a
LOAD /Applications/STM32CubeIDE.app/Contents/Eclipse/plugins/com.st.stm32cube.ide.mcu.externaltools.gnu-tools-for-stm32.13.3.rel1.macos64_1.0.0.202411102158/tools/bin/../lib/gcc/arm-none-eabi/13.3.1/../../../../arm-none-eabi/lib/thumb/v7e-m+fp/hard/libm.a
END GROUP
START GROUP
LOAD /Applications/STM32CubeIDE.app/Contents/Eclipse/plugins/com.st.stm32cube.ide.mcu.externaltools.gnu-tools-for-stm32.13.3.rel1.macos64_1.0.0.202411102158/tools/bin/../lib/gcc/arm-none-eabi/13.3.1/thumb/v7e-m+fp/hard/libgcc.a
LOAD /Applications/STM32CubeIDE.app/Contents/Eclipse/plugins/com.st.stm32cube.ide.mcu.externaltools.gnu-tools-for-stm32.13.3.rel1.macos64_1.0.0.202411102158/tools/bin/../lib/gcc/arm-none-eabi/13.3.1/../../../../arm-none-eabi/lib/thumb/v7e-m+fp/hard/libc_nano.a
END GROUP
START GROUP
LOAD /Applications/STM32CubeIDE.app/Contents/Eclipse/plugins/com.st.stm32cube.ide.mcu.externaltools.gnu-tools-for-stm32.13.3.rel1.macos64_1.0.0.202411102158/tools/bin/../lib/gcc/arm-none-eabi/13.3.1/thumb/v7e-m+fp/hard/libgcc.a
LOAD /Applications/STM32CubeIDE.app/Contents/Eclipse/plugins/com.st.stm32cube.ide.mcu.externaltools.gnu-tools-for-stm32.13.3.rel1.macos64_1.0.0.202411102158/tools/bin/../lib/gcc/arm-none-eabi/13.3.1/../../../../arm-none-eabi/lib/thumb/v7e-m+fp/hard/libc_nano.a
LOAD /Applications/STM32CubeIDE.app/Contents/Eclipse/plugins/com.st.stm32cube.ide.mcu.externaltools.gnu-tools-for-stm32.13.3.rel1.macos64_1.0.0.202411102158/tools/bin/../lib/gcc/arm-none-eabi/13.3.1/../../../../arm-none-eabi/lib/thumb/v7e-m+fp/hard/libnosys.a
END GROUP
START GROUP
LOAD /Applications/STM32CubeIDE.app/Contents/Eclipse/plugins/com.st.stm32cube.ide.mcu.externaltools.gnu-tools-for-stm32.13.3.rel1.macos64_1.0.0.202411102158/tools/bin/../lib/gcc/arm-none-eabi/13.3.1/thumb/v7e-m+fp/hard/libgcc.a
LOAD /Applications/STM32CubeIDE.app/Contents/Eclipse/plugins/com.st.stm32cube.ide.mcu.externaltools.gnu-tools-for-stm32.13.3.rel1.macos64_1.0.0.202411102158/tools/bin/../lib/gcc/arm-none-eabi/13.3.1/../../../../arm-none-eabi/lib/thumb/v7e-m+fp/hard/libc_nano.a
LOAD /Applications/STM32CubeIDE.app/Contents/Eclipse/plugins/com.st.stm32cube.ide.mcu.externaltools.gnu-tools-for-stm32.13.3.rel1.macos64_1.0.0.202411102158/tools/bin/../lib/gcc/arm-none-eabi/13.3.1/../../../../arm-none-eabi/lib/thumb/v7e-m+fp/hard/libnosys.a
END GROUP
LOAD /Applications/STM32CubeIDE.app/Contents/Eclipse/plugins/com.st.stm32cube.ide.mcu.externaltools.gnu-tools-for-stm32.13.3.rel1.macos64_1.0.0.202411102158/tools/bin/../lib/gcc/arm-none-eabi/13.3.1/thumb/v7e-m+fp/hard/crtend.o
LOAD /Applications/STM32CubeIDE.app/Contents/Eclipse/plugins/com.st.stm32cube.ide.mcu.externaltools.gnu-tools-for-stm32.13.3.rel1.macos64_1.0.0.202411102158/tools/bin/../lib/gcc/arm-none-eabi/13.3.1/thumb/v7e-m+fp/hard/crtn.o
                0x20020000                        _estack = (ORIGIN (RAM) + LENGTH (RAM))
                0x00000200                        _Min_Heap_Size = 0x200
                0x00000400                        _Min_Stack_Size = 0x400

.isr_vector     0x08000000      0x188
                0x08000000                        . = ALIGN (0x4)
 *(.isr_vector)
 .isr_vector    0x08000000      0x188 ./Core/Startup/startup_stm32f407vetx.o
                0x08000000                g_pfnVectors
                0x08000188                        . = ALIGN (0x4)

.text           0x08000190     0x7350
                0x08000190                        . = ALIGN (0x4)
 *(.text)
 .text          0x08000190       0x40 /Applications/STM32CubeIDE.app/Contents/Eclipse/plugins/com.st.stm32cube.ide.mcu.externaltools.gnu-tools-for-stm32.13.3.rel1.macos64_1.0.0.202411102158/tools/bin/../lib/gcc/arm-none-eabi/13.3.1/thumb/v7e-m+fp/hard/crtbegin.o
 .text          0x080001d0       0xa0 /Applications/STM32CubeIDE.app/Contents/Eclipse/plugins/com.st.stm32cube.ide.mcu.externaltools.gnu-tools-for-stm32.13.3.rel1.macos64_1.0.0.202411102158/tools/bin/../lib/gcc/arm-none-eabi/13.3.1/../../../../arm-none-eabi/lib/thumb/v7e-m+fp/hard/libc_nano.a(libc_a-memchr.o)
                0x080001d0                memchr
 .text          0x08000270       0x30 /Applications/STM32CubeIDE.app/Contents/Eclipse/plugins/com.st.stm32cube.ide.mcu.externaltools.gnu-tools-for-stm32.13.3.rel1.macos64_1.0.0.202411102158/tools/bin/../lib/gcc/arm-none-eabi/13.3.1/thumb/v7e-m+fp/hard/libgcc.a(_aeabi_uldivmod.o)
                0x08000270                __aeabi_uldivmod
 .text          0x080002a0      0x2f8 /Applications/STM32CubeIDE.app/Contents/Eclipse/plugins/com.st.stm32cube.ide.mcu.externaltools.gnu-tools-for-stm32.13.3.rel1.macos64_1.0.0.202411102158/tools/bin/../lib/gcc/arm-none-eabi/13.3.1/thumb/v7e-m+fp/hard/libgcc.a(_udivmoddi4.o)
                0x080002a0                __udivmoddi4
 .text          0x08000598        0x4 /Applications/STM32CubeIDE.app/Contents/Eclipse/plugins/com.st.stm32cube.ide.mcu.externaltools.gnu-tools-for-stm32.13.3.rel1.macos64_1.0.0.202411102158/tools/bin/../lib/gcc/arm-none-eabi/13.3.1/thumb/v7e-m+fp/hard/libgcc.a(_dvmd_tls.o)
                0x08000598                __aeabi_ldiv0
                0x08000598                __aeabi_idiv0
 *(.text*)
 .text.control_init
                0x0800059c       0x94 ./Core/Src/control.o
                0x0800059c                control_init
 .text.control_set_target_ticks_per_dt
                0x08000630       0x2c ./Core/Src/control.o
                0x08000630                control_set_target_ticks_per_dt
 .text.control_tick
                0x0800065c      0x10c ./Core/Src/control.o
                0x0800065c                control_tick
 .text.HAL_TIM_PeriodElapsedCallback
                0x08000768       0x24 ./Core/Src/control.o
                0x08000768                HAL_TIM_PeriodElapsedCallback
 .text.control_get_target_and_measured
                0x0800078c       0x64 ./Core/Src/control.o
                0x0800078c                control_get_target_and_measured
 .text.control_get_outputs
                0x080007f0       0x40 ./Core/Src/control.o
                0x080007f0                control_get_outputs
 .text.main     0x08000830       0x90 ./Core/Src/main.o
                0x08000830                main
 .text.SystemClock_Config
                0x080008c0       0xbc ./Core/Src/main.o
                0x080008c0                SystemClock_Config
 .text.MX_TIM2_Init
                0x0800097c       0xa8 ./Core/Src/main.o
 .text.MX_TIM3_Init
                0x08000a24       0xa8 ./Core/Src/main.o
 .text.MX_TIM4_Init
                0x08000acc      0x104 ./Core/Src/main.o
 .text.MX_TIM5_Init
                0x08000bd0       0x9c ./Core/Src/main.o
 .text.MX_TIM9_Init
                0x08000c6c       0xdc ./Core/Src/main.o
 .text.MX_GPIO_Init
                0x08000d48      0x108 ./Core/Src/main.o
 .text.StartDefaultTask
                0x08000e50       0x10 ./Core/Src/main.o
                0x08000e50                StartDefaultTask
 .text.encoder_task
                0x08000e60       0xe0 ./Core/Src/main.o
                0x08000e60                encoder_task
 .text.controlTask
                0x08000f40       0xb0 ./Core/Src/main.o
                0x08000f40                controlTask
 .text.Error_Handler
                0x08000ff0        0xc ./Core/Src/main.o
                0x08000ff0                Error_Handler
 .text.motor_init
                0x08000ffc       0x4c ./Core/Src/motor.o
                0x08000ffc                motor_init
 .text.motor_set_speeds
                0x08001048      0x198 ./Core/Src/motor.o
                0x08001048                motor_set_speeds
 .text.motor_stop
                0x080011e0       0x38 ./Core/Src/motor.o
                0x080011e0                motor_stop
 .text.motor_get_left_encoder_counts
                0x08001218       0x1c ./Core/Src/motor.o
                0x08001218                motor_get_left_encoder_counts
 .text.motor_get_right_encoder_counts
                0x08001234       0x1c ./Core/Src/motor.o
                0x08001234                motor_get_right_encoder_counts
 .text.OLED_Refresh_Gram
                0x08001250       0x70 ./Core/Src/oled.o
                0x08001250                OLED_Refresh_Gram
 .text.OLED_WR_Byte
                0x080012c0       0x9c ./Core/Src/oled.o
                0x080012c0                OLED_WR_Byte
 .text.OLED_Clear
                0x0800135c       0x4c ./Core/Src/oled.o
                0x0800135c                OLED_Clear
 .text.OLED_DrawPoint
                0x080013a8       0xb4 ./Core/Src/oled.o
                0x080013a8                OLED_DrawPoint
 .text.OLED_ShowChar
                0x0800145c       0xe4 ./Core/Src/oled.o
                0x0800145c                OLED_ShowChar
 .text.OLED_ShowString
                0x08001540       0x64 ./Core/Src/oled.o
                0x08001540                OLED_ShowString
 .text.OLED_Init
                0x080015a4      0x11c ./Core/Src/oled.o
                0x080015a4                OLED_Init
 .text.PID_init_with_dt
                0x080016c0       0xc8 ./Core/Src/pid.o
                0x080016c0                PID_init_with_dt
 .text.PID_calc_with_dt
                0x08001788      0x1fa ./Core/Src/pid.o
                0x08001788                PID_calc_with_dt
 *fill*         0x08001982        0x2 
 .text.HAL_MspInit
                0x08001984       0x58 ./Core/Src/stm32f4xx_hal_msp.o
                0x08001984                HAL_MspInit
 .text.HAL_TIM_Encoder_MspInit
                0x080019dc      0x134 ./Core/Src/stm32f4xx_hal_msp.o
                0x080019dc                HAL_TIM_Encoder_MspInit
 .text.HAL_TIM_Base_MspInit
                0x08001b10       0xa8 ./Core/Src/stm32f4xx_hal_msp.o
                0x08001b10                HAL_TIM_Base_MspInit
 .text.HAL_TIM_MspPostInit
                0x08001bb8       0xc4 ./Core/Src/stm32f4xx_hal_msp.o
                0x08001bb8                HAL_TIM_MspPostInit
 .text.NMI_Handler
                0x08001c7c        0x8 ./Core/Src/stm32f4xx_it.o
                0x08001c7c                NMI_Handler
 .text.HardFault_Handler
                0x08001c84        0x8 ./Core/Src/stm32f4xx_it.o
                0x08001c84                HardFault_Handler
 .text.MemManage_Handler
                0x08001c8c        0x8 ./Core/Src/stm32f4xx_it.o
                0x08001c8c                MemManage_Handler
 .text.BusFault_Handler
                0x08001c94        0x8 ./Core/Src/stm32f4xx_it.o
                0x08001c94                BusFault_Handler
 .text.UsageFault_Handler
                0x08001c9c        0x8 ./Core/Src/stm32f4xx_it.o
                0x08001c9c                UsageFault_Handler
 .text.DebugMon_Handler
                0x08001ca4        0xe ./Core/Src/stm32f4xx_it.o
                0x08001ca4                DebugMon_Handler
 .text.SysTick_Handler
                0x08001cb2       0x1a ./Core/Src/stm32f4xx_it.o
                0x08001cb2                SysTick_Handler
 .text.TIM5_IRQHandler
                0x08001ccc       0x14 ./Core/Src/stm32f4xx_it.o
                0x08001ccc                TIM5_IRQHandler
 .text._sbrk    0x08001ce0       0x6c ./Core/Src/sysmem.o
                0x08001ce0                _sbrk
 .text.SystemInit
                0x08001d4c       0x24 ./Core/Src/system_stm32f4xx.o
                0x08001d4c                SystemInit
 .text.user_is_pressed
                0x08001d70       0x20 ./Core/Src/userButton.o
                0x08001d70                user_is_pressed
 .text.Reset_Handler
                0x08001d90       0x50 ./Core/Startup/startup_stm32f407vetx.o
                0x08001d90                Reset_Handler
 .text.Default_Handler
                0x08001de0        0x2 ./Core/Startup/startup_stm32f407vetx.o
                0x08001de0                DMA1_Stream3_IRQHandler
                0x08001de0                HASH_RNG_IRQHandler
                0x08001de0                EXTI2_IRQHandler
                0x08001de0                TIM8_CC_IRQHandler
                0x08001de0                TIM1_CC_IRQHandler
                0x08001de0                DMA2_Stream5_IRQHandler
                0x08001de0                DMA1_Stream5_IRQHandler
                0x08001de0                PVD_IRQHandler
                0x08001de0                SDIO_IRQHandler
                0x08001de0                TAMP_STAMP_IRQHandler
                0x08001de0                CAN2_RX1_IRQHandler
                0x08001de0                EXTI3_IRQHandler
                0x08001de0                TIM8_TRG_COM_TIM14_IRQHandler
                0x08001de0                TIM1_UP_TIM10_IRQHandler
                0x08001de0                TIM8_UP_TIM13_IRQHandler
                0x08001de0                I2C3_ER_IRQHandler
                0x08001de0                EXTI0_IRQHandler
                0x08001de0                I2C2_EV_IRQHandler
                0x08001de0                DMA1_Stream2_IRQHandler
                0x08001de0                CAN1_RX0_IRQHandler
                0x08001de0                FPU_IRQHandler
                0x08001de0                OTG_HS_WKUP_IRQHandler
                0x08001de0                CAN2_SCE_IRQHandler
                0x08001de0                DMA2_Stream2_IRQHandler
                0x08001de0                SPI1_IRQHandler
                0x08001de0                TIM6_DAC_IRQHandler
                0x08001de0                TIM1_BRK_TIM9_IRQHandler
                0x08001de0                DCMI_IRQHandler
                0x08001de0                CAN2_RX0_IRQHandler
                0x08001de0                DMA2_Stream3_IRQHandler
                0x08001de0                USART6_IRQHandler
                0x08001de0                USART3_IRQHandler
                0x08001de0                CAN1_RX1_IRQHandler
                0x08001de0                UART5_IRQHandler
                0x08001de0                DMA2_Stream0_IRQHandler
                0x08001de0                TIM4_IRQHandler
                0x08001de0                I2C1_EV_IRQHandler
                0x08001de0                DMA1_Stream6_IRQHandler
                0x08001de0                DMA1_Stream1_IRQHandler
                0x08001de0                UART4_IRQHandler
                0x08001de0                TIM3_IRQHandler
                0x08001de0                RCC_IRQHandler
                0x08001de0                TIM8_BRK_TIM12_IRQHandler
                0x08001de0                Default_Handler
                0x08001de0                EXTI15_10_IRQHandler
                0x08001de0                ADC_IRQHandler
                0x08001de0                DMA1_Stream7_IRQHandler
                0x08001de0                TIM7_IRQHandler
                0x08001de0                CAN2_TX_IRQHandler
                0x08001de0                DMA2_Stream7_IRQHandler
                0x08001de0                I2C3_EV_IRQHandler
                0x08001de0                EXTI9_5_IRQHandler
                0x08001de0                RTC_WKUP_IRQHandler
                0x08001de0                ETH_WKUP_IRQHandler
                0x08001de0                SPI2_IRQHandler
                0x08001de0                OTG_HS_EP1_IN_IRQHandler
                0x08001de0                DMA1_Stream0_IRQHandler
                0x08001de0                CAN1_TX_IRQHandler
                0x08001de0                EXTI4_IRQHandler
                0x08001de0                FSMC_IRQHandler
                0x08001de0                ETH_IRQHandler
                0x08001de0                OTG_HS_EP1_OUT_IRQHandler
                0x08001de0                WWDG_IRQHandler
                0x08001de0                TIM2_IRQHandler
                0x08001de0                OTG_FS_WKUP_IRQHandler
                0x08001de0                TIM1_TRG_COM_TIM11_IRQHandler
                0x08001de0                OTG_HS_IRQHandler
                0x08001de0                EXTI1_IRQHandler
                0x08001de0                USART2_IRQHandler
                0x08001de0                I2C2_ER_IRQHandler
                0x08001de0                CAN1_SCE_IRQHandler
                0x08001de0                FLASH_IRQHandler
                0x08001de0                DMA2_Stream4_IRQHandler
                0x08001de0                USART1_IRQHandler
                0x08001de0                OTG_FS_IRQHandler
                0x08001de0                SPI3_IRQHandler
                0x08001de0                DMA1_Stream4_IRQHandler
                0x08001de0                I2C1_ER_IRQHandler
                0x08001de0                DMA2_Stream6_IRQHandler
                0x08001de0                RTC_Alarm_IRQHandler
 *fill*         0x08001de2        0x2 
 .text.HAL_Init
                0x08001de4       0x44 ./Drivers/STM32F4xx_HAL_Driver/Src/stm32f4xx_hal.o
                0x08001de4                HAL_Init
 .text.HAL_InitTick
                0x08001e28       0x60 ./Drivers/STM32F4xx_HAL_Driver/Src/stm32f4xx_hal.o
                0x08001e28                HAL_InitTick
 .text.HAL_IncTick
                0x08001e88       0x28 ./Drivers/STM32F4xx_HAL_Driver/Src/stm32f4xx_hal.o
                0x08001e88                HAL_IncTick
 .text.HAL_GetTick
                0x08001eb0       0x18 ./Drivers/STM32F4xx_HAL_Driver/Src/stm32f4xx_hal.o
                0x08001eb0                HAL_GetTick
 .text.HAL_Delay
                0x08001ec8       0x48 ./Drivers/STM32F4xx_HAL_Driver/Src/stm32f4xx_hal.o
                0x08001ec8                HAL_Delay
 .text.__NVIC_SetPriorityGrouping
                0x08001f10       0x48 ./Drivers/STM32F4xx_HAL_Driver/Src/stm32f4xx_hal_cortex.o
 .text.__NVIC_GetPriorityGrouping
                0x08001f58       0x1c ./Drivers/STM32F4xx_HAL_Driver/Src/stm32f4xx_hal_cortex.o
 .text.__NVIC_EnableIRQ
                0x08001f74       0x3c ./Drivers/STM32F4xx_HAL_Driver/Src/stm32f4xx_hal_cortex.o
 .text.__NVIC_SetPriority
                0x08001fb0       0x54 ./Drivers/STM32F4xx_HAL_Driver/Src/stm32f4xx_hal_cortex.o
 .text.NVIC_EncodePriority
                0x08002004       0x66 ./Drivers/STM32F4xx_HAL_Driver/Src/stm32f4xx_hal_cortex.o
 *fill*         0x0800206a        0x2 
 .text.SysTick_Config
                0x0800206c       0x44 ./Drivers/STM32F4xx_HAL_Driver/Src/stm32f4xx_hal_cortex.o
 .text.HAL_NVIC_SetPriorityGrouping
                0x080020b0       0x16 ./Drivers/STM32F4xx_HAL_Driver/Src/stm32f4xx_hal_cortex.o
                0x080020b0                HAL_NVIC_SetPriorityGrouping
 .text.HAL_NVIC_SetPriority
                0x080020c6       0x38 ./Drivers/STM32F4xx_HAL_Driver/Src/stm32f4xx_hal_cortex.o
                0x080020c6                HAL_NVIC_SetPriority
 .text.HAL_NVIC_EnableIRQ
                0x080020fe       0x1c ./Drivers/STM32F4xx_HAL_Driver/Src/stm32f4xx_hal_cortex.o
                0x080020fe                HAL_NVIC_EnableIRQ
 .text.HAL_SYSTICK_Config
                0x0800211a       0x18 ./Drivers/STM32F4xx_HAL_Driver/Src/stm32f4xx_hal_cortex.o
                0x0800211a                HAL_SYSTICK_Config
 *fill*         0x08002132        0x2 
 .text.HAL_GPIO_Init
                0x08002134      0x338 ./Drivers/STM32F4xx_HAL_Driver/Src/stm32f4xx_hal_gpio.o
                0x08002134                HAL_GPIO_Init
 .text.HAL_GPIO_ReadPin
                0x0800246c       0x30 ./Drivers/STM32F4xx_HAL_Driver/Src/stm32f4xx_hal_gpio.o
                0x0800246c                HAL_GPIO_ReadPin
 .text.HAL_GPIO_WritePin
                0x0800249c       0x32 ./Drivers/STM32F4xx_HAL_Driver/Src/stm32f4xx_hal_gpio.o
                0x0800249c                HAL_GPIO_WritePin
 *fill*         0x080024ce        0x2 
 .text.HAL_PWR_EnableBkUpAccess
                0x080024d0       0x28 ./Drivers/STM32F4xx_HAL_Driver/Src/stm32f4xx_hal_pwr.o
                0x080024d0                HAL_PWR_EnableBkUpAccess
 .text.HAL_PWR_DisableBkUpAccess
                0x080024f8       0x28 ./Drivers/STM32F4xx_HAL_Driver/Src/stm32f4xx_hal_pwr.o
                0x080024f8                HAL_PWR_DisableBkUpAccess
 .text.HAL_RCC_OscConfig
                0x08002520      0x4f0 ./Drivers/STM32F4xx_HAL_Driver/Src/stm32f4xx_hal_rcc.o
                0x08002520                HAL_RCC_OscConfig
 .text.HAL_RCC_ClockConfig
                0x08002a10      0x1cc ./Drivers/STM32F4xx_HAL_Driver/Src/stm32f4xx_hal_rcc.o
                0x08002a10                HAL_RCC_ClockConfig
 .text.HAL_RCC_GetSysClockFreq
                0x08002bdc      0x18c ./Drivers/STM32F4xx_HAL_Driver/Src/stm32f4xx_hal_rcc.o
                0x08002bdc                HAL_RCC_GetSysClockFreq
 .text.HAL_TIM_Base_Init
                0x08002d68       0x9e ./Drivers/STM32F4xx_HAL_Driver/Src/stm32f4xx_hal_tim.o
                0x08002d68                HAL_TIM_Base_Init
 *fill*         0x08002e06        0x2 
 .text.HAL_TIM_Base_Start_IT
                0x08002e08       0xe0 ./Drivers/STM32F4xx_HAL_Driver/Src/stm32f4xx_hal_tim.o
                0x08002e08                HAL_TIM_Base_Start_IT
 .text.HAL_TIM_PWM_Init
                0x08002ee8       0x9e ./Drivers/STM32F4xx_HAL_Driver/Src/stm32f4xx_hal_tim.o
                0x08002ee8                HAL_TIM_PWM_Init
 .text.HAL_TIM_PWM_MspInit
                0x08002f86       0x14 ./Drivers/STM32F4xx_HAL_Driver/Src/stm32f4xx_hal_tim.o
                0x08002f86                HAL_TIM_PWM_MspInit
 *fill*         0x08002f9a        0x2 
 .text.HAL_TIM_PWM_Start
                0x08002f9c      0x190 ./Drivers/STM32F4xx_HAL_Driver/Src/stm32f4xx_hal_tim.o
                0x08002f9c                HAL_TIM_PWM_Start
 .text.HAL_TIM_Encoder_Init
                0x0800312c      0x14c ./Drivers/STM32F4xx_HAL_Driver/Src/stm32f4xx_hal_tim.o
                0x0800312c                HAL_TIM_Encoder_Init
 .text.HAL_TIM_Encoder_Start
                0x08003278      0x11c ./Drivers/STM32F4xx_HAL_Driver/Src/stm32f4xx_hal_tim.o
                0x08003278                HAL_TIM_Encoder_Start
 .text.HAL_TIM_IRQHandler
                0x08003394      0x1e0 ./Drivers/STM32F4xx_HAL_Driver/Src/stm32f4xx_hal_tim.o
                0x08003394                HAL_TIM_IRQHandler
 .text.HAL_TIM_PWM_ConfigChannel
                0x08003574      0x184 ./Drivers/STM32F4xx_HAL_Driver/Src/stm32f4xx_hal_tim.o
                0x08003574                HAL_TIM_PWM_ConfigChannel
 .text.HAL_TIM_ConfigClockSource
                0x080036f8      0x18e ./Drivers/STM32F4xx_HAL_Driver/Src/stm32f4xx_hal_tim.o
                0x080036f8                HAL_TIM_ConfigClockSource
 .text.HAL_TIM_OC_DelayElapsedCallback
                0x08003886       0x14 ./Drivers/STM32F4xx_HAL_Driver/Src/stm32f4xx_hal_tim.o
                0x08003886                HAL_TIM_OC_DelayElapsedCallback
 .text.HAL_TIM_IC_CaptureCallback
                0x0800389a       0x14 ./Drivers/STM32F4xx_HAL_Driver/Src/stm32f4xx_hal_tim.o
                0x0800389a                HAL_TIM_IC_CaptureCallback
 .text.HAL_TIM_PWM_PulseFinishedCallback
                0x080038ae       0x14 ./Drivers/STM32F4xx_HAL_Driver/Src/stm32f4xx_hal_tim.o
                0x080038ae                HAL_TIM_PWM_PulseFinishedCallback
 .text.HAL_TIM_TriggerCallback
                0x080038c2       0x14 ./Drivers/STM32F4xx_HAL_Driver/Src/stm32f4xx_hal_tim.o
                0x080038c2                HAL_TIM_TriggerCallback
 *fill*         0x080038d6        0x2 
 .text.TIM_Base_SetConfig
                0x080038d8      0x14c ./Drivers/STM32F4xx_HAL_Driver/Src/stm32f4xx_hal_tim.o
                0x080038d8                TIM_Base_SetConfig
 .text.TIM_OC1_SetConfig
                0x08003a24       0xe0 ./Drivers/STM32F4xx_HAL_Driver/Src/stm32f4xx_hal_tim.o
 .text.TIM_OC2_SetConfig
                0x08003b04       0xec ./Drivers/STM32F4xx_HAL_Driver/Src/stm32f4xx_hal_tim.o
                0x08003b04                TIM_OC2_SetConfig
 .text.TIM_OC3_SetConfig
                0x08003bf0       0xe8 ./Drivers/STM32F4xx_HAL_Driver/Src/stm32f4xx_hal_tim.o
 .text.TIM_OC4_SetConfig
                0x08003cd8       0xac ./Drivers/STM32F4xx_HAL_Driver/Src/stm32f4xx_hal_tim.o
 .text.TIM_TI1_ConfigInputStage
                0x08003d84       0x5e ./Drivers/STM32F4xx_HAL_Driver/Src/stm32f4xx_hal_tim.o
 .text.TIM_TI2_ConfigInputStage
                0x08003de2       0x60 ./Drivers/STM32F4xx_HAL_Driver/Src/stm32f4xx_hal_tim.o
 .text.TIM_ITRx_SetConfig
                0x08003e42       0x36 ./Drivers/STM32F4xx_HAL_Driver/Src/stm32f4xx_hal_tim.o
 .text.TIM_ETR_SetConfig
                0x08003e78       0x40 ./Drivers/STM32F4xx_HAL_Driver/Src/stm32f4xx_hal_tim.o
                0x08003e78                TIM_ETR_SetConfig
 .text.TIM_CCxChannelCmd
                0x08003eb8       0x4a ./Drivers/STM32F4xx_HAL_Driver/Src/stm32f4xx_hal_tim.o
                0x08003eb8                TIM_CCxChannelCmd
 *fill*         0x08003f02        0x2 
 .text.HAL_TIMEx_MasterConfigSynchronization
                0x08003f04       0xf8 ./Drivers/STM32F4xx_HAL_Driver/Src/stm32f4xx_hal_tim_ex.o
                0x08003f04                HAL_TIMEx_MasterConfigSynchronization
 .text.HAL_TIMEx_CommutCallback
                0x08003ffc       0x14 ./Drivers/STM32F4xx_HAL_Driver/Src/stm32f4xx_hal_tim_ex.o
                0x08003ffc                HAL_TIMEx_CommutCallback
 .text.HAL_TIMEx_BreakCallback
                0x08004010       0x14 ./Drivers/STM32F4xx_HAL_Driver/Src/stm32f4xx_hal_tim_ex.o
                0x08004010                HAL_TIMEx_BreakCallback
 .text.__NVIC_SetPriority
                0x08004024       0x54 ./Middlewares/Third_Party/FreeRTOS/Source/CMSIS_RTOS_V2/cmsis_os2.o
 .text.SVC_Setup
                0x08004078       0x12 ./Middlewares/Third_Party/FreeRTOS/Source/CMSIS_RTOS_V2/cmsis_os2.o
 *fill*         0x0800408a        0x2 
 .text.osKernelInitialize
                0x0800408c       0x48 ./Middlewares/Third_Party/FreeRTOS/Source/CMSIS_RTOS_V2/cmsis_os2.o
                0x0800408c                osKernelInitialize
 .text.osKernelStart
                0x080040d4       0x4c ./Middlewares/Third_Party/FreeRTOS/Source/CMSIS_RTOS_V2/cmsis_os2.o
                0x080040d4                osKernelStart
 .text.osThreadNew
                0x08004120      0x124 ./Middlewares/Third_Party/FreeRTOS/Source/CMSIS_RTOS_V2/cmsis_os2.o
                0x08004120                osThreadNew
 .text.osDelay  0x08004244       0x36 ./Middlewares/Third_Party/FreeRTOS/Source/CMSIS_RTOS_V2/cmsis_os2.o
                0x08004244                osDelay
 *fill*         0x0800427a        0x2 
 .text.vApplicationGetIdleTaskMemory
                0x0800427c       0x34 ./Middlewares/Third_Party/FreeRTOS/Source/CMSIS_RTOS_V2/cmsis_os2.o
                0x0800427c                vApplicationGetIdleTaskMemory
 .text.vApplicationGetTimerTaskMemory
                0x080042b0       0x34 ./Middlewares/Third_Party/FreeRTOS/Source/CMSIS_RTOS_V2/cmsis_os2.o
                0x080042b0                vApplicationGetTimerTaskMemory
 .text.vListInitialise
                0x080042e4       0x40 ./Middlewares/Third_Party/FreeRTOS/Source/list.o
                0x080042e4                vListInitialise
 .text.vListInitialiseItem
                0x08004324       0x1a ./Middlewares/Third_Party/FreeRTOS/Source/list.o
                0x08004324                vListInitialiseItem
 .text.vListInsertEnd
                0x0800433e       0x48 ./Middlewares/Third_Party/FreeRTOS/Source/list.o
                0x0800433e                vListInsertEnd
 .text.vListInsert
                0x08004386       0x72 ./Middlewares/Third_Party/FreeRTOS/Source/list.o
                0x08004386                vListInsert
 .text.uxListRemove
                0x080043f8       0x54 ./Middlewares/Third_Party/FreeRTOS/Source/list.o
                0x080043f8                uxListRemove
 .text.xQueueGenericReset
                0x0800444c       0xd4 ./Middlewares/Third_Party/FreeRTOS/Source/queue.o
                0x0800444c                xQueueGenericReset
 .text.xQueueGenericCreateStatic
                0x08004520       0xfa ./Middlewares/Third_Party/FreeRTOS/Source/queue.o
                0x08004520                xQueueGenericCreateStatic
 .text.prvInitialiseNewQueue
                0x0800461a       0x46 ./Middlewares/Third_Party/FreeRTOS/Source/queue.o
 .text.xQueueGenericSend
                0x08004660      0x204 ./Middlewares/Third_Party/FreeRTOS/Source/queue.o
                0x08004660                xQueueGenericSend
 .text.xQueueGenericSendFromISR
                0x08004864      0x13c ./Middlewares/Third_Party/FreeRTOS/Source/queue.o
                0x08004864                xQueueGenericSendFromISR
 .text.xQueueReceive
                0x080049a0      0x1c4 ./Middlewares/Third_Party/FreeRTOS/Source/queue.o
                0x080049a0                xQueueReceive
 .text.prvCopyDataToQueue
                0x08004b64       0xd4 ./Middlewares/Third_Party/FreeRTOS/Source/queue.o
 .text.prvCopyDataFromQueue
                0x08004c38       0x4c ./Middlewares/Third_Party/FreeRTOS/Source/queue.o
 .text.prvUnlockQueue
                0x08004c84       0xa4 ./Middlewares/Third_Party/FreeRTOS/Source/queue.o
 .text.prvIsQueueEmpty
                0x08004d28       0x2c ./Middlewares/Third_Party/FreeRTOS/Source/queue.o
 .text.prvIsQueueFull
                0x08004d54       0x30 ./Middlewares/Third_Party/FreeRTOS/Source/queue.o
 .text.vQueueAddToRegistry
                0x08004d84       0x54 ./Middlewares/Third_Party/FreeRTOS/Source/queue.o
                0x08004d84                vQueueAddToRegistry
 .text.vQueueWaitForMessageRestricted
                0x08004dd8       0x68 ./Middlewares/Third_Party/FreeRTOS/Source/queue.o
                0x08004dd8                vQueueWaitForMessageRestricted
 .text.xTaskCreateStatic
                0x08004e40       0xc0 ./Middlewares/Third_Party/FreeRTOS/Source/tasks.o
                0x08004e40                xTaskCreateStatic
 .text.xTaskCreate
                0x08004f00       0x8a ./Middlewares/Third_Party/FreeRTOS/Source/tasks.o
                0x08004f00                xTaskCreate
 .text.prvInitialiseNewTask
                0x08004f8a      0x120 ./Middlewares/Third_Party/FreeRTOS/Source/tasks.o
 *fill*         0x080050aa        0x2 
 .text.prvAddNewTaskToReadyList
                0x080050ac       0xe0 ./Middlewares/Third_Party/FreeRTOS/Source/tasks.o
 .text.vTaskDelay
                0x0800518c       0x6c ./Middlewares/Third_Party/FreeRTOS/Source/tasks.o
                0x0800518c                vTaskDelay
 .text.vTaskStartScheduler
                0x080051f8       0xd0 ./Middlewares/Third_Party/FreeRTOS/Source/tasks.o
                0x080051f8                vTaskStartScheduler
 .text.vTaskSuspendAll
                0x080052c8       0x1c ./Middlewares/Third_Party/FreeRTOS/Source/tasks.o
                0x080052c8                vTaskSuspendAll
 .text.xTaskResumeAll
                0x080052e4      0x13c ./Middlewares/Third_Party/FreeRTOS/Source/tasks.o
                0x080052e4                xTaskResumeAll
 .text.xTaskGetTickCount
                0x08005420       0x20 ./Middlewares/Third_Party/FreeRTOS/Source/tasks.o
                0x08005420                xTaskGetTickCount
 .text.xTaskIncrementTick
                0x08005440      0x174 ./Middlewares/Third_Party/FreeRTOS/Source/tasks.o
                0x08005440                xTaskIncrementTick
 .text.vTaskSwitchContext
                0x080055b4       0xbc ./Middlewares/Third_Party/FreeRTOS/Source/tasks.o
                0x080055b4                vTaskSwitchContext
 .text.vTaskPlaceOnEventList
                0x08005670       0x4c ./Middlewares/Third_Party/FreeRTOS/Source/tasks.o
                0x08005670                vTaskPlaceOnEventList
 .text.vTaskPlaceOnEventListRestricted
                0x080056bc       0x58 ./Middlewares/Third_Party/FreeRTOS/Source/tasks.o
                0x080056bc                vTaskPlaceOnEventListRestricted
 .text.xTaskRemoveFromEventList
                0x08005714       0xc8 ./Middlewares/Third_Party/FreeRTOS/Source/tasks.o
                0x08005714                xTaskRemoveFromEventList
 .text.vTaskInternalSetTimeOutState
                0x080057dc       0x2c ./Middlewares/Third_Party/FreeRTOS/Source/tasks.o
                0x080057dc                vTaskInternalSetTimeOutState
 .text.xTaskCheckForTimeOut
                0x08005808       0xc8 ./Middlewares/Third_Party/FreeRTOS/Source/tasks.o
                0x08005808                xTaskCheckForTimeOut
 .text.vTaskMissedYield
                0x080058d0       0x18 ./Middlewares/Third_Party/FreeRTOS/Source/tasks.o
                0x080058d0                vTaskMissedYield
 .text.prvIdleTask
                0x080058e8       0x30 ./Middlewares/Third_Party/FreeRTOS/Source/tasks.o
 .text.prvInitialiseTaskLists
                0x08005918       0x80 ./Middlewares/Third_Party/FreeRTOS/Source/tasks.o
 .text.prvCheckTasksWaitingTermination
                0x08005998       0x5c ./Middlewares/Third_Party/FreeRTOS/Source/tasks.o
 .text.prvDeleteTCB
                0x080059f4       0x60 ./Middlewares/Third_Party/FreeRTOS/Source/tasks.o
 .text.prvResetNextTaskUnblockTime
                0x08005a54       0x40 ./Middlewares/Third_Party/FreeRTOS/Source/tasks.o
 .text.xTaskGetSchedulerState
                0x08005a94       0x3c ./Middlewares/Third_Party/FreeRTOS/Source/tasks.o
                0x08005a94                xTaskGetSchedulerState
 .text.xTaskPriorityDisinherit
                0x08005ad0       0xe0 ./Middlewares/Third_Party/FreeRTOS/Source/tasks.o
                0x08005ad0                xTaskPriorityDisinherit
 .text.prvAddCurrentTaskToDelayedList
                0x08005bb0       0xa8 ./Middlewares/Third_Party/FreeRTOS/Source/tasks.o
 .text.xTimerCreateTimerTask
                0x08005c58       0x94 ./Middlewares/Third_Party/FreeRTOS/Source/timers.o
                0x08005c58                xTimerCreateTimerTask
 .text.xTimerGenericCommand
                0x08005cec       0x9c ./Middlewares/Third_Party/FreeRTOS/Source/timers.o
                0x08005cec                xTimerGenericCommand
 .text.prvProcessExpiredTimer
                0x08005d88       0x9c ./Middlewares/Third_Party/FreeRTOS/Source/timers.o
 .text.prvTimerTask
                0x08005e24       0x26 ./Middlewares/Third_Party/FreeRTOS/Source/timers.o
 *fill*         0x08005e4a        0x2 
 .text.prvProcessTimerOrBlockTask
                0x08005e4c       0x9c ./Middlewares/Third_Party/FreeRTOS/Source/timers.o
 .text.prvGetNextExpireTime
                0x08005ee8       0x48 ./Middlewares/Third_Party/FreeRTOS/Source/timers.o
 .text.prvSampleTimeNow
                0x08005f30       0x40 ./Middlewares/Third_Party/FreeRTOS/Source/timers.o
 .text.prvInsertTimerInActiveList
                0x08005f70       0x84 ./Middlewares/Third_Party/FreeRTOS/Source/timers.o
 .text.prvProcessReceivedCommands
                0x08005ff4      0x1cc ./Middlewares/Third_Party/FreeRTOS/Source/timers.o
 .text.prvSwitchTimerLists
                0x080061c0       0xcc ./Middlewares/Third_Party/FreeRTOS/Source/timers.o
 .text.prvCheckForValidListAndQueue
                0x0800628c       0x80 ./Middlewares/Third_Party/FreeRTOS/Source/timers.o
 .text.pxPortInitialiseStack
                0x0800630c       0x68 ./Middlewares/Third_Party/FreeRTOS/Source/portable/GCC/ARM_CM4F/port.o
                0x0800630c                pxPortInitialiseStack
 .text.prvTaskExitError
                0x08006374       0x5c ./Middlewares/Third_Party/FreeRTOS/Source/portable/GCC/ARM_CM4F/port.o
 .text.SVC_Handler
                0x080063d0       0x28 ./Middlewares/Third_Party/FreeRTOS/Source/portable/GCC/ARM_CM4F/port.o
                0x080063d0                SVC_Handler
 .text.prvPortStartFirstTask
                0x080063f8       0x28 ./Middlewares/Third_Party/FreeRTOS/Source/portable/GCC/ARM_CM4F/port.o
 .text.xPortStartScheduler
                0x08006420      0x148 ./Middlewares/Third_Party/FreeRTOS/Source/portable/GCC/ARM_CM4F/port.o
                0x08006420                xPortStartScheduler
 .text.vPortEnterCritical
                0x08006568       0x64 ./Middlewares/Third_Party/FreeRTOS/Source/portable/GCC/ARM_CM4F/port.o
                0x08006568                vPortEnterCritical
 .text.vPortExitCritical
                0x080065cc       0x54 ./Middlewares/Third_Party/FreeRTOS/Source/portable/GCC/ARM_CM4F/port.o
                0x080065cc                vPortExitCritical
 .text.PendSV_Handler
                0x08006620       0x68 ./Middlewares/Third_Party/FreeRTOS/Source/portable/GCC/ARM_CM4F/port.o
                0x08006620                PendSV_Handler
 .text.xPortSysTickHandler
                0x08006688       0x44 ./Middlewares/Third_Party/FreeRTOS/Source/portable/GCC/ARM_CM4F/port.o
                0x08006688                xPortSysTickHandler
 .text.vPortSetupTimerInterrupt
                0x080066cc       0x48 ./Middlewares/Third_Party/FreeRTOS/Source/portable/GCC/ARM_CM4F/port.o
                0x080066cc                vPortSetupTimerInterrupt
 .text.vPortEnableVFP
                0x08006714       0x14 ./Middlewares/Third_Party/FreeRTOS/Source/portable/GCC/ARM_CM4F/port.o
 .text.vPortValidateInterruptPriority
                0x08006728       0x84 ./Middlewares/Third_Party/FreeRTOS/Source/portable/GCC/ARM_CM4F/port.o
                0x08006728                vPortValidateInterruptPriority
 .text.pvPortMalloc
                0x080067ac      0x19c ./Middlewares/Third_Party/FreeRTOS/Source/portable/MemMang/heap_4.o
                0x080067ac                pvPortMalloc
 .text.vPortFree
                0x08006948       0xc8 ./Middlewares/Third_Party/FreeRTOS/Source/portable/MemMang/heap_4.o
                0x08006948                vPortFree
 .text.prvHeapInit
                0x08006a10       0xc4 ./Middlewares/Third_Party/FreeRTOS/Source/portable/MemMang/heap_4.o
 .text.prvInsertBlockIntoFreeList
                0x08006ad4       0xb4 ./Middlewares/Third_Party/FreeRTOS/Source/portable/MemMang/heap_4.o
 .text.sprintf  0x08006b88       0x44 /Applications/STM32CubeIDE.app/Contents/Eclipse/plugins/com.st.stm32cube.ide.mcu.externaltools.gnu-tools-for-stm32.13.3.rel1.macos64_1.0.0.202411102158/tools/bin/../lib/gcc/arm-none-eabi/13.3.1/../../../../arm-none-eabi/lib/thumb/v7e-m+fp/hard/libc_nano.a(libc_a-sprintf.o)
                0x08006b88                sprintf
                0x08006b88                siprintf
 .text.memset   0x08006bcc       0x10 /Applications/STM32CubeIDE.app/Contents/Eclipse/plugins/com.st.stm32cube.ide.mcu.externaltools.gnu-tools-for-stm32.13.3.rel1.macos64_1.0.0.202411102158/tools/bin/../lib/gcc/arm-none-eabi/13.3.1/../../../../arm-none-eabi/lib/thumb/v7e-m+fp/hard/libc_nano.a(libc_a-memset.o)
                0x08006bcc                memset
 .text.__errno  0x08006bdc        0xc /Applications/STM32CubeIDE.app/Contents/Eclipse/plugins/com.st.stm32cube.ide.mcu.externaltools.gnu-tools-for-stm32.13.3.rel1.macos64_1.0.0.202411102158/tools/bin/../lib/gcc/arm-none-eabi/13.3.1/../../../../arm-none-eabi/lib/thumb/v7e-m+fp/hard/libc_nano.a(libc_a-errno.o)
                0x08006bdc                __errno
 .text.__libc_init_array
                0x08006be8       0x48 /Applications/STM32CubeIDE.app/Contents/Eclipse/plugins/com.st.stm32cube.ide.mcu.externaltools.gnu-tools-for-stm32.13.3.rel1.macos64_1.0.0.202411102158/tools/bin/../lib/gcc/arm-none-eabi/13.3.1/../../../../arm-none-eabi/lib/thumb/v7e-m+fp/hard/libc_nano.a(libc_a-init.o)
                0x08006be8                __libc_init_array
 .text.__retarget_lock_acquire_recursive
                0x08006c30        0x2 /Applications/STM32CubeIDE.app/Contents/Eclipse/plugins/com.st.stm32cube.ide.mcu.externaltools.gnu-tools-for-stm32.13.3.rel1.macos64_1.0.0.202411102158/tools/bin/../lib/gcc/arm-none-eabi/13.3.1/../../../../arm-none-eabi/lib/thumb/v7e-m+fp/hard/libc_nano.a(libc_a-lock.o)
                0x08006c30                __retarget_lock_acquire_recursive
 .text.__retarget_lock_release_recursive
                0x08006c32        0x2 /Applications/STM32CubeIDE.app/Contents/Eclipse/plugins/com.st.stm32cube.ide.mcu.externaltools.gnu-tools-for-stm32.13.3.rel1.macos64_1.0.0.202411102158/tools/bin/../lib/gcc/arm-none-eabi/13.3.1/../../../../arm-none-eabi/lib/thumb/v7e-m+fp/hard/libc_nano.a(libc_a-lock.o)
                0x08006c32                __retarget_lock_release_recursive
 .text.memcpy   0x08006c34       0x1c /Applications/STM32CubeIDE.app/Contents/Eclipse/plugins/com.st.stm32cube.ide.mcu.externaltools.gnu-tools-for-stm32.13.3.rel1.macos64_1.0.0.202411102158/tools/bin/../lib/gcc/arm-none-eabi/13.3.1/../../../../arm-none-eabi/lib/thumb/v7e-m+fp/hard/libc_nano.a(libc_a-memcpy-stub.o)
                0x08006c34                memcpy
 .text.__ssputs_r
                0x08006c50       0xb6 /Applications/STM32CubeIDE.app/Contents/Eclipse/plugins/com.st.stm32cube.ide.mcu.externaltools.gnu-tools-for-stm32.13.3.rel1.macos64_1.0.0.202411102158/tools/bin/../lib/gcc/arm-none-eabi/13.3.1/../../../../arm-none-eabi/lib/thumb/v7e-m+fp/hard/libc_nano.a(libc_a-nano-svfprintf.o)
                0x08006c50                __ssputs_r
 *fill*         0x08006d06        0x2 
 .text._svfprintf_r
                0x08006d08      0x1f8 /Applications/STM32CubeIDE.app/Contents/Eclipse/plugins/com.st.stm32cube.ide.mcu.externaltools.gnu-tools-for-stm32.13.3.rel1.macos64_1.0.0.202411102158/tools/bin/../lib/gcc/arm-none-eabi/13.3.1/../../../../arm-none-eabi/lib/thumb/v7e-m+fp/hard/libc_nano.a(libc_a-nano-svfprintf.o)
                0x08006d08                _svfprintf_r
                0x08006d08                _svfiprintf_r
 .text.sbrk_aligned
                0x08006f00       0x44 /Applications/STM32CubeIDE.app/Contents/Eclipse/plugins/com.st.stm32cube.ide.mcu.externaltools.gnu-tools-for-stm32.13.3.rel1.macos64_1.0.0.202411102158/tools/bin/../lib/gcc/arm-none-eabi/13.3.1/../../../../arm-none-eabi/lib/thumb/v7e-m+fp/hard/libc_nano.a(libc_a-mallocr.o)
 .text._malloc_r
                0x08006f44      0x100 /Applications/STM32CubeIDE.app/Contents/Eclipse/plugins/com.st.stm32cube.ide.mcu.externaltools.gnu-tools-for-stm32.13.3.rel1.macos64_1.0.0.202411102158/tools/bin/../lib/gcc/arm-none-eabi/13.3.1/../../../../arm-none-eabi/lib/thumb/v7e-m+fp/hard/libc_nano.a(libc_a-mallocr.o)
                0x08006f44                _malloc_r
 .text._printf_common
                0x08007044       0xda /Applications/STM32CubeIDE.app/Contents/Eclipse/plugins/com.st.stm32cube.ide.mcu.externaltools.gnu-tools-for-stm32.13.3.rel1.macos64_1.0.0.202411102158/tools/bin/../lib/gcc/arm-none-eabi/13.3.1/../../../../arm-none-eabi/lib/thumb/v7e-m+fp/hard/libc_nano.a(libc_a-nano-vfprintf_i.o)
                0x08007044                _printf_common
 *fill*         0x0800711e        0x2 
 .text._printf_i
                0x08007120      0x23c /Applications/STM32CubeIDE.app/Contents/Eclipse/plugins/com.st.stm32cube.ide.mcu.externaltools.gnu-tools-for-stm32.13.3.rel1.macos64_1.0.0.202411102158/tools/bin/../lib/gcc/arm-none-eabi/13.3.1/../../../../arm-none-eabi/lib/thumb/v7e-m+fp/hard/libc_nano.a(libc_a-nano-vfprintf_i.o)
                0x08007120                _printf_i
 .text.__malloc_lock
                0x0800735c        0xc /Applications/STM32CubeIDE.app/Contents/Eclipse/plugins/com.st.stm32cube.ide.mcu.externaltools.gnu-tools-for-stm32.13.3.rel1.macos64_1.0.0.202411102158/tools/bin/../lib/gcc/arm-none-eabi/13.3.1/../../../../arm-none-eabi/lib/thumb/v7e-m+fp/hard/libc_nano.a(libc_a-mlock.o)
                0x0800735c                __malloc_lock
 .text.__malloc_unlock
                0x08007368        0xc /Applications/STM32CubeIDE.app/Contents/Eclipse/plugins/com.st.stm32cube.ide.mcu.externaltools.gnu-tools-for-stm32.13.3.rel1.macos64_1.0.0.202411102158/tools/bin/../lib/gcc/arm-none-eabi/13.3.1/../../../../arm-none-eabi/lib/thumb/v7e-m+fp/hard/libc_nano.a(libc_a-mlock.o)
                0x08007368                __malloc_unlock
 .text._realloc_r
                0x08007374       0x5c /Applications/STM32CubeIDE.app/Contents/Eclipse/plugins/com.st.stm32cube.ide.mcu.externaltools.gnu-tools-for-stm32.13.3.rel1.macos64_1.0.0.202411102158/tools/bin/../lib/gcc/arm-none-eabi/13.3.1/../../../../arm-none-eabi/lib/thumb/v7e-m+fp/hard/libc_nano.a(libc_a-reallocr.o)
                0x08007374                _realloc_r
 .text.memmove  0x080073d0       0x34 /Applications/STM32CubeIDE.app/Contents/Eclipse/plugins/com.st.stm32cube.ide.mcu.externaltools.gnu-tools-for-stm32.13.3.rel1.macos64_1.0.0.202411102158/tools/bin/../lib/gcc/arm-none-eabi/13.3.1/../../../../arm-none-eabi/lib/thumb/v7e-m+fp/hard/libc_nano.a(libc_a-memmove.o)
                0x080073d0                memmove
 .text._sbrk_r  0x08007404       0x20 /Applications/STM32CubeIDE.app/Contents/Eclipse/plugins/com.st.stm32cube.ide.mcu.externaltools.gnu-tools-for-stm32.13.3.rel1.macos64_1.0.0.202411102158/tools/bin/../lib/gcc/arm-none-eabi/13.3.1/../../../../arm-none-eabi/lib/thumb/v7e-m+fp/hard/libc_nano.a(libc_a-sbrkr.o)
                0x08007404                _sbrk_r
 .text._free_r  0x08007424       0x94 /Applications/STM32CubeIDE.app/Contents/Eclipse/plugins/com.st.stm32cube.ide.mcu.externaltools.gnu-tools-for-stm32.13.3.rel1.macos64_1.0.0.202411102158/tools/bin/../lib/gcc/arm-none-eabi/13.3.1/../../../../arm-none-eabi/lib/thumb/v7e-m+fp/hard/libc_nano.a(libc_a-freer.o)
                0x08007424                _free_r
 .text._malloc_usable_size_r
                0x080074b8       0x10 /Applications/STM32CubeIDE.app/Contents/Eclipse/plugins/com.st.stm32cube.ide.mcu.externaltools.gnu-tools-for-stm32.13.3.rel1.macos64_1.0.0.202411102158/tools/bin/../lib/gcc/arm-none-eabi/13.3.1/../../../../arm-none-eabi/lib/thumb/v7e-m+fp/hard/libc_nano.a(libc_a-msizer.o)
                0x080074b8                _malloc_usable_size_r
 *(.glue_7)
 .glue_7        0x080074c8        0x0 linker stubs
 *(.glue_7t)
 .glue_7t       0x080074c8        0x0 linker stubs
 *(.eh_frame)
 .eh_frame      0x080074c8        0x0 /Applications/STM32CubeIDE.app/Contents/Eclipse/plugins/com.st.stm32cube.ide.mcu.externaltools.gnu-tools-for-stm32.13.3.rel1.macos64_1.0.0.202411102158/tools/bin/../lib/gcc/arm-none-eabi/13.3.1/thumb/v7e-m+fp/hard/crtbegin.o
 *(.init)
 .init          0x080074c8        0x4 /Applications/STM32CubeIDE.app/Contents/Eclipse/plugins/com.st.stm32cube.ide.mcu.externaltools.gnu-tools-for-stm32.13.3.rel1.macos64_1.0.0.202411102158/tools/bin/../lib/gcc/arm-none-eabi/13.3.1/thumb/v7e-m+fp/hard/crti.o
                0x080074c8                _init
 .init          0x080074cc        0x8 /Applications/STM32CubeIDE.app/Contents/Eclipse/plugins/com.st.stm32cube.ide.mcu.externaltools.gnu-tools-for-stm32.13.3.rel1.macos64_1.0.0.202411102158/tools/bin/../lib/gcc/arm-none-eabi/13.3.1/thumb/v7e-m+fp/hard/crtn.o
 *(.fini)
 .fini          0x080074d4        0x4 /Applications/STM32CubeIDE.app/Contents/Eclipse/plugins/com.st.stm32cube.ide.mcu.externaltools.gnu-tools-for-stm32.13.3.rel1.macos64_1.0.0.202411102158/tools/bin/../lib/gcc/arm-none-eabi/13.3.1/thumb/v7e-m+fp/hard/crti.o
                0x080074d4                _fini
 .fini          0x080074d8        0x8 /Applications/STM32CubeIDE.app/Contents/Eclipse/plugins/com.st.stm32cube.ide.mcu.externaltools.gnu-tools-for-stm32.13.3.rel1.macos64_1.0.0.202411102158/tools/bin/../lib/gcc/arm-none-eabi/13.3.1/thumb/v7e-m+fp/hard/crtn.o
                0x080074e0                        . = ALIGN (0x4)
                0x080074e0                        _etext = .

.vfp11_veneer   0x080074e0        0x0
 .vfp11_veneer  0x080074e0        0x0 linker stubs

.v4_bx          0x080074e0        0x0
 .v4_bx         0x080074e0        0x0 linker stubs

.iplt           0x080074e0        0x0
 .iplt          0x080074e0        0x0 /Applications/STM32CubeIDE.app/Contents/Eclipse/plugins/com.st.stm32cube.ide.mcu.externaltools.gnu-tools-for-stm32.13.3.rel1.macos64_1.0.0.202411102158/tools/bin/../lib/gcc/arm-none-eabi/13.3.1/thumb/v7e-m+fp/hard/crtbegin.o

.rodata         0x080074e0      0xbbc
                0x080074e0                        . = ALIGN (0x4)
 *(.rodata)
 .rodata        0x080074e0        0xc ./Core/Src/control.o
 .rodata        0x080074ec       0x84 ./Core/Src/main.o
 .rodata        0x08007570        0x5 ./Middlewares/Third_Party/FreeRTOS/Source/tasks.o
 *fill*         0x08007575        0x3 
 .rodata        0x08007578        0xd ./Middlewares/Third_Party/FreeRTOS/Source/timers.o
 *(.rodata*)
 *fill*         0x08007585        0x3 
 .rodata.defaultTask_attributes
                0x08007588       0x24 ./Core/Src/main.o
                0x08007588                defaultTask_attributes
 .rodata.encoderTask_attributes
                0x080075ac       0x24 ./Core/Src/main.o
                0x080075ac                encoderTask_attributes
 .rodata.control_Task_attributes
                0x080075d0       0x24 ./Core/Src/main.o
                0x080075d0                control_Task_attributes
 .rodata.oled_asc2_1206
                0x080075f4      0x474 ./Core/Src/oled.o
                0x080075f4                oled_asc2_1206
 .rodata.oled_asc2_1608
                0x08007a68      0x5f0 ./Core/Src/oled.o
                0x08007a68                oled_asc2_1608
 .rodata.AHBPrescTable
                0x08008058       0x10 ./Core/Src/system_stm32f4xx.o
                0x08008058                AHBPrescTable
 .rodata._svfprintf_r.str1.1
                0x08008068       0x33 /Applications/STM32CubeIDE.app/Contents/Eclipse/plugins/com.st.stm32cube.ide.mcu.externaltools.gnu-tools-for-stm32.13.3.rel1.macos64_1.0.0.202411102158/tools/bin/../lib/gcc/arm-none-eabi/13.3.1/../../../../arm-none-eabi/lib/thumb/v7e-m+fp/hard/libc_nano.a(libc_a-nano-svfprintf.o)
                                 0x11 (size before relaxing)
 .rodata._printf_i.str1.1
                0x0800809b       0x22 /Applications/STM32CubeIDE.app/Contents/Eclipse/plugins/com.st.stm32cube.ide.mcu.externaltools.gnu-tools-for-stm32.13.3.rel1.macos64_1.0.0.202411102158/tools/bin/../lib/gcc/arm-none-eabi/13.3.1/../../../../arm-none-eabi/lib/thumb/v7e-m+fp/hard/libc_nano.a(libc_a-nano-vfprintf_i.o)
                0x080080c0                        . = ALIGN (0x4)
 *fill*         0x0800809b        0x1 

.ARM.extab      0x0800809c        0x0
                0x0800809c                        . = ALIGN (0x4)
 *(.ARM.extab* .gnu.linkonce.armextab.*)
                0x0800809c                        . = ALIGN (0x4)

.ARM            0x0800809c        0x8
                0x0800809c                        . = ALIGN (0x4)
                0x0800809c                        __exidx_start = .
 *(.ARM.exidx*)
 .ARM.exidx     0x0800809c        0x8 /Applications/STM32CubeIDE.app/Contents/Eclipse/plugins/com.st.stm32cube.ide.mcu.externaltools.gnu-tools-for-stm32.13.3.rel1.macos64_1.0.0.202411102158/tools/bin/../lib/gcc/arm-none-eabi/13.3.1/../../../../arm-none-eabi/lib/thumb/v7e-m+fp/hard/libc_nano.a(libc_a-memchr.o)
 .ARM.exidx     0x080080a4        0x0 /Applications/STM32CubeIDE.app/Contents/Eclipse/plugins/com.st.stm32cube.ide.mcu.externaltools.gnu-tools-for-stm32.13.3.rel1.macos64_1.0.0.202411102158/tools/bin/../lib/gcc/arm-none-eabi/13.3.1/thumb/v7e-m+fp/hard/libgcc.a(_udivmoddi4.o)
                                  0x8 (size before relaxing)
                0x080080a4                        __exidx_end = .
                0x080080a4                        . = ALIGN (0x4)

.preinit_array  0x080080a4        0x0
                0x080080a4                        . = ALIGN (0x4)
                0x080080a4                        PROVIDE (__preinit_array_start = .)
 *(.preinit_array*)
                0x080080a4                        PROVIDE (__preinit_array_end = .)
                0x080080a4                        . = ALIGN (0x4)

.init_array     0x080080a4        0x4
                0x080080a4                        . = ALIGN (0x4)
                0x080080a4                        PROVIDE (__init_array_start = .)
 *(SORT_BY_NAME(.init_array.*))
 *(.init_array*)
 .init_array    0x080080a4        0x4 /Applications/STM32CubeIDE.app/Contents/Eclipse/plugins/com.st.stm32cube.ide.mcu.externaltools.gnu-tools-for-stm32.13.3.rel1.macos64_1.0.0.202411102158/tools/bin/../lib/gcc/arm-none-eabi/13.3.1/thumb/v7e-m+fp/hard/crtbegin.o
                0x080080a8                        PROVIDE (__init_array_end = .)
                0x080080a8                        . = ALIGN (0x4)

.fini_array     0x080080a8        0x4
                0x080080a8                        . = ALIGN (0x4)
                [!provide]                        PROVIDE (__fini_array_start = .)
 *(SORT_BY_NAME(.fini_array.*))
 *(.fini_array*)
 .fini_array    0x080080a8        0x4 /Applications/STM32CubeIDE.app/Contents/Eclipse/plugins/com.st.stm32cube.ide.mcu.externaltools.gnu-tools-for-stm32.13.3.rel1.macos64_1.0.0.202411102158/tools/bin/../lib/gcc/arm-none-eabi/13.3.1/thumb/v7e-m+fp/hard/crtbegin.o
                [!provide]                        PROVIDE (__fini_array_end = .)
                0x080080ac                        . = ALIGN (0x4)
                0x080080ac                        _sidata = LOADADDR (.data)

.rel.dyn        0x080080ac        0x0
 .rel.iplt      0x080080ac        0x0 /Applications/STM32CubeIDE.app/Contents/Eclipse/plugins/com.st.stm32cube.ide.mcu.externaltools.gnu-tools-for-stm32.13.3.rel1.macos64_1.0.0.202411102158/tools/bin/../lib/gcc/arm-none-eabi/13.3.1/thumb/v7e-m+fp/hard/crtbegin.o

.data           0x20000000       0x64 load address 0x080080ac
                0x20000000                        . = ALIGN (0x4)
                0x20000000                        _sdata = .
 *(.data)
 *(.data*)
 .data.first_sample
                0x20000000        0x1 ./Core/Src/control.o
 *fill*         0x20000001        0x3 
 .data.SystemCoreClock
                0x20000004        0x4 ./Core/Src/system_stm32f4xx.o
                0x20000004                SystemCoreClock
 .data.uwTickPrio
                0x20000008        0x4 ./Drivers/STM32F4xx_HAL_Driver/Src/stm32f4xx_hal.o
                0x20000008                uwTickPrio
 .data.uwTickFreq
                0x2000000c        0x1 ./Drivers/STM32F4xx_HAL_Driver/Src/stm32f4xx_hal.o
                0x2000000c                uwTickFreq
 *fill*         0x2000000d        0x3 
 .data.uxCriticalNesting
                0x20000010        0x4 ./Middlewares/Third_Party/FreeRTOS/Source/portable/GCC/ARM_CM4F/port.o
 .data._impure_ptr
                0x20000014        0x4 /Applications/STM32CubeIDE.app/Contents/Eclipse/plugins/com.st.stm32cube.ide.mcu.externaltools.gnu-tools-for-stm32.13.3.rel1.macos64_1.0.0.202411102158/tools/bin/../lib/gcc/arm-none-eabi/13.3.1/../../../../arm-none-eabi/lib/thumb/v7e-m+fp/hard/libc_nano.a(libc_a-impure.o)
                0x20000014                _impure_ptr
 .data._impure_data
                0x20000018       0x4c /Applications/STM32CubeIDE.app/Contents/Eclipse/plugins/com.st.stm32cube.ide.mcu.externaltools.gnu-tools-for-stm32.13.3.rel1.macos64_1.0.0.202411102158/tools/bin/../lib/gcc/arm-none-eabi/13.3.1/../../../../arm-none-eabi/lib/thumb/v7e-m+fp/hard/libc_nano.a(libc_a-impure.o)
                0x20000018                _impure_data
 *(.RamFunc)
 *(.RamFunc*)
                0x20000064                        . = ALIGN (0x4)
                0x20000064                        _edata = .
                0x08008110                        _siccmram = LOADADDR (.ccmram)

.igot.plt       0x20000064        0x0 load address 0x08008110
 .igot.plt      0x20000064        0x0 /Applications/STM32CubeIDE.app/Contents/Eclipse/plugins/com.st.stm32cube.ide.mcu.externaltools.gnu-tools-for-stm32.13.3.rel1.macos64_1.0.0.202411102158/tools/bin/../lib/gcc/arm-none-eabi/13.3.1/thumb/v7e-m+fp/hard/crtbegin.o

.ccmram         0x10000000        0x0 load address 0x08008110
                0x10000000                        . = ALIGN (0x4)
                0x10000000                        _sccmram = .
 *(.ccmram)
 *(.ccmram*)
                0x10000000                        . = ALIGN (0x4)
                0x10000000                        _eccmram = .
                0x10000000                        . = ALIGN (0x4)

.bss            0x20000064     0x50e4
                0x20000064                        _sbss = .
                0x20000064                        __bss_start__ = _sbss
 *(.bss)
 .bss           0x20000064       0x1c /Applications/STM32CubeIDE.app/Contents/Eclipse/plugins/com.st.stm32cube.ide.mcu.externaltools.gnu-tools-for-stm32.13.3.rel1.macos64_1.0.0.202411102158/tools/bin/../lib/gcc/arm-none-eabi/13.3.1/thumb/v7e-m+fp/hard/crtbegin.o
 *(.bss*)
 .bss.pid_left  0x20000080       0x4c ./Core/Src/control.o
 .bss.pid_right
                0x200000cc       0x4c ./Core/Src/control.o
 .bss.target_left_ticks_dt
                0x20000118        0x4 ./Core/Src/control.o
 .bss.target_right_ticks_dt
                0x2000011c        0x4 ./Core/Src/control.o
 .bss.meas_left_ticks_dt
                0x20000120        0x4 ./Core/Src/control.o
 .bss.meas_right_ticks_dt
                0x20000124        0x4 ./Core/Src/control.o
 .bss.last_cmd_left
                0x20000128        0x1 ./Core/Src/control.o
 .bss.last_cmd_right
                0x20000129        0x1 ./Core/Src/control.o
 *fill*         0x2000012a        0x2 
 .bss.last_left_counts
                0x2000012c        0x4 ./Core/Src/control.o
 .bss.last_right_counts
                0x20000130        0x4 ./Core/Src/control.o
 .bss.htim2     0x20000134       0x48 ./Core/Src/main.o
                0x20000134                htim2
 .bss.htim3     0x2000017c       0x48 ./Core/Src/main.o
                0x2000017c                htim3
 .bss.htim4     0x200001c4       0x48 ./Core/Src/main.o
                0x200001c4                htim4
 .bss.htim5     0x2000020c       0x48 ./Core/Src/main.o
                0x2000020c                htim5
 .bss.htim9     0x20000254       0x48 ./Core/Src/main.o
                0x20000254                htim9
 .bss.defaultTaskHandle
                0x2000029c        0x4 ./Core/Src/main.o
                0x2000029c                defaultTaskHandle
 .bss.encoderTaskHandle
                0x200002a0        0x4 ./Core/Src/main.o
                0x200002a0                encoderTaskHandle
 .bss.control_TaskHandle
                0x200002a4        0x4 ./Core/Src/main.o
                0x200002a4                control_TaskHandle
 .bss.OLED_GRAM
                0x200002a8      0x400 ./Core/Src/oled.o
                0x200002a8                OLED_GRAM
 .bss.__sbrk_heap_end
                0x200006a8        0x4 ./Core/Src/sysmem.o
 .bss.uwTick    0x200006ac        0x4 ./Drivers/STM32F4xx_HAL_Driver/Src/stm32f4xx_hal.o
                0x200006ac                uwTick
 .bss.KernelState
                0x200006b0        0x4 ./Middlewares/Third_Party/FreeRTOS/Source/CMSIS_RTOS_V2/cmsis_os2.o
 .bss.Idle_TCB.3
                0x200006b4       0x5c ./Middlewares/Third_Party/FreeRTOS/Source/CMSIS_RTOS_V2/cmsis_os2.o
 .bss.Idle_Stack.2
                0x20000710      0x200 ./Middlewares/Third_Party/FreeRTOS/Source/CMSIS_RTOS_V2/cmsis_os2.o
 .bss.Timer_TCB.1
                0x20000910       0x5c ./Middlewares/Third_Party/FreeRTOS/Source/CMSIS_RTOS_V2/cmsis_os2.o
 .bss.Timer_Stack.0
                0x2000096c      0x400 ./Middlewares/Third_Party/FreeRTOS/Source/CMSIS_RTOS_V2/cmsis_os2.o
 .bss.xQueueRegistry
                0x20000d6c       0x40 ./Middlewares/Third_Party/FreeRTOS/Source/queue.o
                0x20000d6c                xQueueRegistry
 .bss.pxCurrentTCB
                0x20000dac        0x4 ./Middlewares/Third_Party/FreeRTOS/Source/tasks.o
                0x20000dac                pxCurrentTCB
 .bss.pxReadyTasksLists
                0x20000db0      0x460 ./Middlewares/Third_Party/FreeRTOS/Source/tasks.o
 .bss.xDelayedTaskList1
                0x20001210       0x14 ./Middlewares/Third_Party/FreeRTOS/Source/tasks.o
 .bss.xDelayedTaskList2
                0x20001224       0x14 ./Middlewares/Third_Party/FreeRTOS/Source/tasks.o
 .bss.pxDelayedTaskList
                0x20001238        0x4 ./Middlewares/Third_Party/FreeRTOS/Source/tasks.o
 .bss.pxOverflowDelayedTaskList
                0x2000123c        0x4 ./Middlewares/Third_Party/FreeRTOS/Source/tasks.o
 .bss.xPendingReadyList
                0x20001240       0x14 ./Middlewares/Third_Party/FreeRTOS/Source/tasks.o
 .bss.xTasksWaitingTermination
                0x20001254       0x14 ./Middlewares/Third_Party/FreeRTOS/Source/tasks.o
 .bss.uxDeletedTasksWaitingCleanUp
                0x20001268        0x4 ./Middlewares/Third_Party/FreeRTOS/Source/tasks.o
 .bss.xSuspendedTaskList
                0x2000126c       0x14 ./Middlewares/Third_Party/FreeRTOS/Source/tasks.o
 .bss.uxCurrentNumberOfTasks
                0x20001280        0x4 ./Middlewares/Third_Party/FreeRTOS/Source/tasks.o
 .bss.xTickCount
                0x20001284        0x4 ./Middlewares/Third_Party/FreeRTOS/Source/tasks.o
 .bss.uxTopReadyPriority
                0x20001288        0x4 ./Middlewares/Third_Party/FreeRTOS/Source/tasks.o
 .bss.xSchedulerRunning
                0x2000128c        0x4 ./Middlewares/Third_Party/FreeRTOS/Source/tasks.o
 .bss.xPendedTicks
                0x20001290        0x4 ./Middlewares/Third_Party/FreeRTOS/Source/tasks.o
 .bss.xYieldPending
                0x20001294        0x4 ./Middlewares/Third_Party/FreeRTOS/Source/tasks.o
 .bss.xNumOfOverflows
                0x20001298        0x4 ./Middlewares/Third_Party/FreeRTOS/Source/tasks.o
 .bss.uxTaskNumber
                0x2000129c        0x4 ./Middlewares/Third_Party/FreeRTOS/Source/tasks.o
 .bss.xNextTaskUnblockTime
                0x200012a0        0x4 ./Middlewares/Third_Party/FreeRTOS/Source/tasks.o
 .bss.xIdleTaskHandle
                0x200012a4        0x4 ./Middlewares/Third_Party/FreeRTOS/Source/tasks.o
 .bss.uxSchedulerSuspended
                0x200012a8        0x4 ./Middlewares/Third_Party/FreeRTOS/Source/tasks.o
 .bss.xActiveTimerList1
                0x200012ac       0x14 ./Middlewares/Third_Party/FreeRTOS/Source/timers.o
 .bss.xActiveTimerList2
                0x200012c0       0x14 ./Middlewares/Third_Party/FreeRTOS/Source/timers.o
 .bss.pxCurrentTimerList
                0x200012d4        0x4 ./Middlewares/Third_Party/FreeRTOS/Source/timers.o
 .bss.pxOverflowTimerList
                0x200012d8        0x4 ./Middlewares/Third_Party/FreeRTOS/Source/timers.o
 .bss.xTimerQueue
                0x200012dc        0x4 ./Middlewares/Third_Party/FreeRTOS/Source/timers.o
 .bss.xTimerTaskHandle
                0x200012e0        0x4 ./Middlewares/Third_Party/FreeRTOS/Source/timers.o
 .bss.xLastTime.2
                0x200012e4        0x4 ./Middlewares/Third_Party/FreeRTOS/Source/timers.o
 .bss.ucStaticTimerQueueStorage.1
                0x200012e8       0xa0 ./Middlewares/Third_Party/FreeRTOS/Source/timers.o
 .bss.xStaticTimerQueue.0
                0x20001388       0x50 ./Middlewares/Third_Party/FreeRTOS/Source/timers.o
 .bss.ucMaxSysCallPriority
                0x200013d8        0x1 ./Middlewares/Third_Party/FreeRTOS/Source/portable/GCC/ARM_CM4F/port.o
 *fill*         0x200013d9        0x3 
 .bss.ulMaxPRIGROUPValue
                0x200013dc        0x4 ./Middlewares/Third_Party/FreeRTOS/Source/portable/GCC/ARM_CM4F/port.o
 .bss.ucHeap    0x200013e0     0x3c00 ./Middlewares/Third_Party/FreeRTOS/Source/portable/MemMang/heap_4.o
 .bss.xStart    0x20004fe0        0x8 ./Middlewares/Third_Party/FreeRTOS/Source/portable/MemMang/heap_4.o
 .bss.pxEnd     0x20004fe8        0x4 ./Middlewares/Third_Party/FreeRTOS/Source/portable/MemMang/heap_4.o
 .bss.xFreeBytesRemaining
                0x20004fec        0x4 ./Middlewares/Third_Party/FreeRTOS/Source/portable/MemMang/heap_4.o
 .bss.xMinimumEverFreeBytesRemaining
                0x20004ff0        0x4 ./Middlewares/Third_Party/FreeRTOS/Source/portable/MemMang/heap_4.o
 .bss.xNumberOfSuccessfulAllocations
                0x20004ff4        0x4 ./Middlewares/Third_Party/FreeRTOS/Source/portable/MemMang/heap_4.o
 .bss.xNumberOfSuccessfulFrees
                0x20004ff8        0x4 ./Middlewares/Third_Party/FreeRTOS/Source/portable/MemMang/heap_4.o
 .bss.xBlockAllocatedBit
                0x20004ffc        0x4 ./Middlewares/Third_Party/FreeRTOS/Source/portable/MemMang/heap_4.o
 .bss.__sf      0x20005000      0x138 /Applications/STM32CubeIDE.app/Contents/Eclipse/plugins/com.st.stm32cube.ide.mcu.externaltools.gnu-tools-for-stm32.13.3.rel1.macos64_1.0.0.202411102158/tools/bin/../lib/gcc/arm-none-eabi/13.3.1/../../../../arm-none-eabi/lib/thumb/v7e-m+fp/hard/libc_nano.a(libc_a-findfp.o)
                0x20005000                __sf
 .bss.__lock___malloc_recursive_mutex
                0x20005138        0x1 /Applications/STM32CubeIDE.app/Contents/Eclipse/plugins/com.st.stm32cube.ide.mcu.externaltools.gnu-tools-for-stm32.13.3.rel1.macos64_1.0.0.202411102158/tools/bin/../lib/gcc/arm-none-eabi/13.3.1/../../../../arm-none-eabi/lib/thumb/v7e-m+fp/hard/libc_nano.a(libc_a-lock.o)
                0x20005138                __lock___malloc_recursive_mutex
 *fill*         0x20005139        0x3 
 .bss.__malloc_sbrk_start
                0x2000513c        0x4 /Applications/STM32CubeIDE.app/Contents/Eclipse/plugins/com.st.stm32cube.ide.mcu.externaltools.gnu-tools-for-stm32.13.3.rel1.macos64_1.0.0.202411102158/tools/bin/../lib/gcc/arm-none-eabi/13.3.1/../../../../arm-none-eabi/lib/thumb/v7e-m+fp/hard/libc_nano.a(libc_a-mallocr.o)
                0x2000513c                __malloc_sbrk_start
 .bss.__malloc_free_list
                0x20005140        0x4 /Applications/STM32CubeIDE.app/Contents/Eclipse/plugins/com.st.stm32cube.ide.mcu.externaltools.gnu-tools-for-stm32.13.3.rel1.macos64_1.0.0.202411102158/tools/bin/../lib/gcc/arm-none-eabi/13.3.1/../../../../arm-none-eabi/lib/thumb/v7e-m+fp/hard/libc_nano.a(libc_a-mallocr.o)
                0x20005140                __malloc_free_list
 .bss.errno     0x20005144        0x4 /Applications/STM32CubeIDE.app/Contents/Eclipse/plugins/com.st.stm32cube.ide.mcu.externaltools.gnu-tools-for-stm32.13.3.rel1.macos64_1.0.0.202411102158/tools/bin/../lib/gcc/arm-none-eabi/13.3.1/../../../../arm-none-eabi/lib/thumb/v7e-m+fp/hard/libc_nano.a(libc_a-reent.o)
                0x20005144                errno
 *(COMMON)
                0x20005148                        . = ALIGN (0x4)
                0x20005148                        _ebss = .
                0x20005148                        __bss_end__ = _ebss

._user_heap_stack
                0x20005148      0x600
                0x20005148                        . = ALIGN (0x8)
                [!provide]                        PROVIDE (end = .)
                0x20005148                        PROVIDE (_end = .)
                0x20005348                        . = (. + _Min_Heap_Size)
 *fill*         0x20005148      0x200 
                0x20005748                        . = (. + _Min_Stack_Size)
 *fill*         0x20005348      0x400 
                0x20005748                        . = ALIGN (0x8)

/DISCARD/
 libc.a(*)
 libm.a(*)
 libgcc.a(*)

.ARM.attributes
                0x00000000       0x30
 *(.ARM.attributes)
 .ARM.attributes
                0x00000000       0x22 /Applications/STM32CubeIDE.app/Contents/Eclipse/plugins/com.st.stm32cube.ide.mcu.externaltools.gnu-tools-for-stm32.13.3.rel1.macos64_1.0.0.202411102158/tools/bin/../lib/gcc/arm-none-eabi/13.3.1/thumb/v7e-m+fp/hard/crti.o
 .ARM.attributes
                0x00000022       0x34 /Applications/STM32CubeIDE.app/Contents/Eclipse/plugins/com.st.stm32cube.ide.mcu.externaltools.gnu-tools-for-stm32.13.3.rel1.macos64_1.0.0.202411102158/tools/bin/../lib/gcc/arm-none-eabi/13.3.1/thumb/v7e-m+fp/hard/crtbegin.o
 .ARM.attributes
                0x00000056       0x34 ./Core/Src/control.o
 .ARM.attributes
                0x0000008a       0x34 ./Core/Src/main.o
 .ARM.attributes
                0x000000be       0x34 ./Core/Src/motor.o
 .ARM.attributes
                0x000000f2       0x34 ./Core/Src/oled.o
 .ARM.attributes
                0x00000126       0x34 ./Core/Src/pid.o
 .ARM.attributes
                0x0000015a       0x34 ./Core/Src/stm32f4xx_hal_msp.o
 .ARM.attributes
                0x0000018e       0x34 ./Core/Src/stm32f4xx_it.o
 .ARM.attributes
                0x000001c2       0x34 ./Core/Src/sysmem.o
 .ARM.attributes
                0x000001f6       0x34 ./Core/Src/system_stm32f4xx.o
 .ARM.attributes
                0x0000022a       0x34 ./Core/Src/userButton.o
 .ARM.attributes
                0x0000025e       0x21 ./Core/Startup/startup_stm32f407vetx.o
 .ARM.attributes
                0x0000027f       0x34 ./Drivers/STM32F4xx_HAL_Driver/Src/stm32f4xx_hal.o
 .ARM.attributes
                0x000002b3       0x34 ./Drivers/STM32F4xx_HAL_Driver/Src/stm32f4xx_hal_cortex.o
 .ARM.attributes
                0x000002e7       0x34 ./Drivers/STM32F4xx_HAL_Driver/Src/stm32f4xx_hal_gpio.o
 .ARM.attributes
                0x0000031b       0x34 ./Drivers/STM32F4xx_HAL_Driver/Src/stm32f4xx_hal_pwr.o
 .ARM.attributes
                0x0000034f       0x34 ./Drivers/STM32F4xx_HAL_Driver/Src/stm32f4xx_hal_rcc.o
 .ARM.attributes
                0x00000383       0x34 ./Drivers/STM32F4xx_HAL_Driver/Src/stm32f4xx_hal_tim.o
 .ARM.attributes
                0x000003b7       0x34 ./Drivers/STM32F4xx_HAL_Driver/Src/stm32f4xx_hal_tim_ex.o
 .ARM.attributes
                0x000003eb       0x34 ./Middlewares/Third_Party/FreeRTOS/Source/CMSIS_RTOS_V2/cmsis_os2.o
 .ARM.attributes
                0x0000041f       0x34 ./Middlewares/Third_Party/FreeRTOS/Source/list.o
 .ARM.attributes
                0x00000453       0x34 ./Middlewares/Third_Party/FreeRTOS/Source/queue.o
 .ARM.attributes
                0x00000487       0x34 ./Middlewares/Third_Party/FreeRTOS/Source/tasks.o
 .ARM.attributes
                0x000004bb       0x34 ./Middlewares/Third_Party/FreeRTOS/Source/timers.o
 .ARM.attributes
                0x000004ef       0x34 ./Middlewares/Third_Party/FreeRTOS/Source/portable/GCC/ARM_CM4F/port.o
 .ARM.attributes
                0x00000523       0x34 ./Middlewares/Third_Party/FreeRTOS/Source/portable/MemMang/heap_4.o
 .ARM.attributes
                0x00000557       0x34 /Applications/STM32CubeIDE.app/Contents/Eclipse/plugins/com.st.stm32cube.ide.mcu.externaltools.gnu-tools-for-stm32.13.3.rel1.macos64_1.0.0.202411102158/tools/bin/../lib/gcc/arm-none-eabi/13.3.1/../../../../arm-none-eabi/lib/thumb/v7e-m+fp/hard/libc_nano.a(libc_a-sprintf.o)
 .ARM.attributes
                0x0000058b       0x34 /Applications/STM32CubeIDE.app/Contents/Eclipse/plugins/com.st.stm32cube.ide.mcu.externaltools.gnu-tools-for-stm32.13.3.rel1.macos64_1.0.0.202411102158/tools/bin/../lib/gcc/arm-none-eabi/13.3.1/../../../../arm-none-eabi/lib/thumb/v7e-m+fp/hard/libc_nano.a(libc_a-findfp.o)
 .ARM.attributes
                0x000005bf       0x34 /Applications/STM32CubeIDE.app/Contents/Eclipse/plugins/com.st.stm32cube.ide.mcu.externaltools.gnu-tools-for-stm32.13.3.rel1.macos64_1.0.0.202411102158/tools/bin/../lib/gcc/arm-none-eabi/13.3.1/../../../../arm-none-eabi/lib/thumb/v7e-m+fp/hard/libc_nano.a(libc_a-memset.o)
 .ARM.attributes
                0x000005f3       0x34 /Applications/STM32CubeIDE.app/Contents/Eclipse/plugins/com.st.stm32cube.ide.mcu.externaltools.gnu-tools-for-stm32.13.3.rel1.macos64_1.0.0.202411102158/tools/bin/../lib/gcc/arm-none-eabi/13.3.1/../../../../arm-none-eabi/lib/thumb/v7e-m+fp/hard/libc_nano.a(libc_a-errno.o)
 .ARM.attributes
                0x00000627       0x34 /Applications/STM32CubeIDE.app/Contents/Eclipse/plugins/com.st.stm32cube.ide.mcu.externaltools.gnu-tools-for-stm32.13.3.rel1.macos64_1.0.0.202411102158/tools/bin/../lib/gcc/arm-none-eabi/13.3.1/../../../../arm-none-eabi/lib/thumb/v7e-m+fp/hard/libc_nano.a(libc_a-init.o)
 .ARM.attributes
                0x0000065b       0x34 /Applications/STM32CubeIDE.app/Contents/Eclipse/plugins/com.st.stm32cube.ide.mcu.externaltools.gnu-tools-for-stm32.13.3.rel1.macos64_1.0.0.202411102158/tools/bin/../lib/gcc/arm-none-eabi/13.3.1/../../../../arm-none-eabi/lib/thumb/v7e-m+fp/hard/libc_nano.a(libc_a-lock.o)
 .ARM.attributes
                0x0000068f       0x34 /Applications/STM32CubeIDE.app/Contents/Eclipse/plugins/com.st.stm32cube.ide.mcu.externaltools.gnu-tools-for-stm32.13.3.rel1.macos64_1.0.0.202411102158/tools/bin/../lib/gcc/arm-none-eabi/13.3.1/../../../../arm-none-eabi/lib/thumb/v7e-m+fp/hard/libc_nano.a(libc_a-impure.o)
 .ARM.attributes
                0x000006c3       0x34 /Applications/STM32CubeIDE.app/Contents/Eclipse/plugins/com.st.stm32cube.ide.mcu.externaltools.gnu-tools-for-stm32.13.3.rel1.macos64_1.0.0.202411102158/tools/bin/../lib/gcc/arm-none-eabi/13.3.1/../../../../arm-none-eabi/lib/thumb/v7e-m+fp/hard/libc_nano.a(libc_a-memcpy-stub.o)
 .ARM.attributes
                0x000006f7       0x34 /Applications/STM32CubeIDE.app/Contents/Eclipse/plugins/com.st.stm32cube.ide.mcu.externaltools.gnu-tools-for-stm32.13.3.rel1.macos64_1.0.0.202411102158/tools/bin/../lib/gcc/arm-none-eabi/13.3.1/../../../../arm-none-eabi/lib/thumb/v7e-m+fp/hard/libc_nano.a(libc_a-nano-svfprintf.o)
 .ARM.attributes
                0x0000072b       0x34 /Applications/STM32CubeIDE.app/Contents/Eclipse/plugins/com.st.stm32cube.ide.mcu.externaltools.gnu-tools-for-stm32.13.3.rel1.macos64_1.0.0.202411102158/tools/bin/../lib/gcc/arm-none-eabi/13.3.1/../../../../arm-none-eabi/lib/thumb/v7e-m+fp/hard/libc_nano.a(libc_a-mallocr.o)
 .ARM.attributes
                0x0000075f       0x34 /Applications/STM32CubeIDE.app/Contents/Eclipse/plugins/com.st.stm32cube.ide.mcu.externaltools.gnu-tools-for-stm32.13.3.rel1.macos64_1.0.0.202411102158/tools/bin/../lib/gcc/arm-none-eabi/13.3.1/../../../../arm-none-eabi/lib/thumb/v7e-m+fp/hard/libc_nano.a(libc_a-nano-vfprintf_i.o)
 .ARM.attributes
                0x00000793       0x34 /Applications/STM32CubeIDE.app/Contents/Eclipse/plugins/com.st.stm32cube.ide.mcu.externaltools.gnu-tools-for-stm32.13.3.rel1.macos64_1.0.0.202411102158/tools/bin/../lib/gcc/arm-none-eabi/13.3.1/../../../../arm-none-eabi/lib/thumb/v7e-m+fp/hard/libc_nano.a(libc_a-mlock.o)
 .ARM.attributes
                0x000007c7       0x34 /Applications/STM32CubeIDE.app/Contents/Eclipse/plugins/com.st.stm32cube.ide.mcu.externaltools.gnu-tools-for-stm32.13.3.rel1.macos64_1.0.0.202411102158/tools/bin/../lib/gcc/arm-none-eabi/13.3.1/../../../../arm-none-eabi/lib/thumb/v7e-m+fp/hard/libc_nano.a(libc_a-reallocr.o)
 .ARM.attributes
                0x000007fb       0x34 /Applications/STM32CubeIDE.app/Contents/Eclipse/plugins/com.st.stm32cube.ide.mcu.externaltools.gnu-tools-for-stm32.13.3.rel1.macos64_1.0.0.202411102158/tools/bin/../lib/gcc/arm-none-eabi/13.3.1/../../../../arm-none-eabi/lib/thumb/v7e-m+fp/hard/libc_nano.a(libc_a-memmove.o)
 .ARM.attributes
                0x0000082f       0x34 /Applications/STM32CubeIDE.app/Contents/Eclipse/plugins/com.st.stm32cube.ide.mcu.externaltools.gnu-tools-for-stm32.13.3.rel1.macos64_1.0.0.202411102158/tools/bin/../lib/gcc/arm-none-eabi/13.3.1/../../../../arm-none-eabi/lib/thumb/v7e-m+fp/hard/libc_nano.a(libc_a-sbrkr.o)
 .ARM.attributes
                0x00000863       0x34 /Applications/STM32CubeIDE.app/Contents/Eclipse/plugins/com.st.stm32cube.ide.mcu.externaltools.gnu-tools-for-stm32.13.3.rel1.macos64_1.0.0.202411102158/tools/bin/../lib/gcc/arm-none-eabi/13.3.1/../../../../arm-none-eabi/lib/thumb/v7e-m+fp/hard/libc_nano.a(libc_a-reent.o)
 .ARM.attributes
                0x00000897       0x1c /Applications/STM32CubeIDE.app/Contents/Eclipse/plugins/com.st.stm32cube.ide.mcu.externaltools.gnu-tools-for-stm32.13.3.rel1.macos64_1.0.0.202411102158/tools/bin/../lib/gcc/arm-none-eabi/13.3.1/../../../../arm-none-eabi/lib/thumb/v7e-m+fp/hard/libc_nano.a(libc_a-memchr.o)
 .ARM.attributes
                0x000008b3       0x34 /Applications/STM32CubeIDE.app/Contents/Eclipse/plugins/com.st.stm32cube.ide.mcu.externaltools.gnu-tools-for-stm32.13.3.rel1.macos64_1.0.0.202411102158/tools/bin/../lib/gcc/arm-none-eabi/13.3.1/../../../../arm-none-eabi/lib/thumb/v7e-m+fp/hard/libc_nano.a(libc_a-freer.o)
 .ARM.attributes
                0x000008e7       0x34 /Applications/STM32CubeIDE.app/Contents/Eclipse/plugins/com.st.stm32cube.ide.mcu.externaltools.gnu-tools-for-stm32.13.3.rel1.macos64_1.0.0.202411102158/tools/bin/../lib/gcc/arm-none-eabi/13.3.1/../../../../arm-none-eabi/lib/thumb/v7e-m+fp/hard/libc_nano.a(libc_a-msizer.o)
 .ARM.attributes
                0x0000091b       0x22 /Applications/STM32CubeIDE.app/Contents/Eclipse/plugins/com.st.stm32cube.ide.mcu.externaltools.gnu-tools-for-stm32.13.3.rel1.macos64_1.0.0.202411102158/tools/bin/../lib/gcc/arm-none-eabi/13.3.1/thumb/v7e-m+fp/hard/libgcc.a(_aeabi_uldivmod.o)
 .ARM.attributes
                0x0000093d       0x34 /Applications/STM32CubeIDE.app/Contents/Eclipse/plugins/com.st.stm32cube.ide.mcu.externaltools.gnu-tools-for-stm32.13.3.rel1.macos64_1.0.0.202411102158/tools/bin/../lib/gcc/arm-none-eabi/13.3.1/thumb/v7e-m+fp/hard/libgcc.a(_udivmoddi4.o)
 .ARM.attributes
                0x00000971       0x22 /Applications/STM32CubeIDE.app/Contents/Eclipse/plugins/com.st.stm32cube.ide.mcu.externaltools.gnu-tools-for-stm32.13.3.rel1.macos64_1.0.0.202411102158/tools/bin/../lib/gcc/arm-none-eabi/13.3.1/thumb/v7e-m+fp/hard/libgcc.a(_dvmd_tls.o)
 .ARM.attributes
                0x00000993       0x22 /Applications/STM32CubeIDE.app/Contents/Eclipse/plugins/com.st.stm32cube.ide.mcu.externaltools.gnu-tools-for-stm32.13.3.rel1.macos64_1.0.0.202411102158/tools/bin/../lib/gcc/arm-none-eabi/13.3.1/thumb/v7e-m+fp/hard/crtn.o
OUTPUT(MDP.elf elf32-littlearm)
LOAD linker stubs
LOAD /Applications/STM32CubeIDE.app/Contents/Eclipse/plugins/com.st.stm32cube.ide.mcu.externaltools.gnu-tools-for-stm32.13.3.rel1.macos64_1.0.0.202411102158/tools/bin/../lib/gcc/arm-none-eabi/13.3.1/../../../../arm-none-eabi/lib/thumb/v7e-m+fp/hard/libc.a
LOAD /Applications/STM32CubeIDE.app/Contents/Eclipse/plugins/com.st.stm32cube.ide.mcu.externaltools.gnu-tools-for-stm32.13.3.rel1.macos64_1.0.0.202411102158/tools/bin/../lib/gcc/arm-none-eabi/13.3.1/../../../../arm-none-eabi/lib/thumb/v7e-m+fp/hard/libm.a
LOAD /Applications/STM32CubeIDE.app/Contents/Eclipse/plugins/com.st.stm32cube.ide.mcu.externaltools.gnu-tools-for-stm32.13.3.rel1.macos64_1.0.0.202411102158/tools/bin/../lib/gcc/arm-none-eabi/13.3.1/thumb/v7e-m+fp/hard/libgcc.a

.debug_info     0x00000000    0x153e8
 .debug_info    0x00000000      0xa72 ./Core/Src/control.o
 .debug_info    0x00000a72     0x174f ./Core/Src/main.o
 .debug_info    0x000021c1      0x7e9 ./Core/Src/motor.o
 .debug_info    0x000029aa      0x694 ./Core/Src/oled.o
 .debug_info    0x0000303e      0x228 ./Core/Src/pid.o
 .debug_info    0x00003266      0xdcb ./Core/Src/stm32f4xx_hal_msp.o
 .debug_info    0x00004031      0x6e9 ./Core/Src/stm32f4xx_it.o
 .debug_info    0x0000471a      0x168 ./Core/Src/sysmem.o
 .debug_info    0x00004882      0x512 ./Core/Src/system_stm32f4xx.o
 .debug_info    0x00004d94      0x1bc ./Core/Src/userButton.o
 .debug_info    0x00004f50       0x30 ./Core/Startup/startup_stm32f407vetx.o
 .debug_info    0x00004f80      0x944 ./Drivers/STM32F4xx_HAL_Driver/Src/stm32f4xx_hal.o
 .debug_info    0x000058c4      0xd8c ./Drivers/STM32F4xx_HAL_Driver/Src/stm32f4xx_hal_cortex.o
 .debug_info    0x00006650      0x6c3 ./Drivers/STM32F4xx_HAL_Driver/Src/stm32f4xx_hal_gpio.o
 .debug_info    0x00006d13      0x6f9 ./Drivers/STM32F4xx_HAL_Driver/Src/stm32f4xx_hal_pwr.o
 .debug_info    0x0000740c      0x8c3 ./Drivers/STM32F4xx_HAL_Driver/Src/stm32f4xx_hal_rcc.o
 .debug_info    0x00007ccf     0x299d ./Drivers/STM32F4xx_HAL_Driver/Src/stm32f4xx_hal_tim.o
 .debug_info    0x0000a66c     0x14db ./Drivers/STM32F4xx_HAL_Driver/Src/stm32f4xx_hal_tim_ex.o
 .debug_info    0x0000bb47     0x3a52 ./Middlewares/Third_Party/FreeRTOS/Source/CMSIS_RTOS_V2/cmsis_os2.o
 .debug_info    0x0000f599      0x2af ./Middlewares/Third_Party/FreeRTOS/Source/list.o
 .debug_info    0x0000f848     0x1b79 ./Middlewares/Third_Party/FreeRTOS/Source/queue.o
 .debug_info    0x000113c1     0x21ec ./Middlewares/Third_Party/FreeRTOS/Source/tasks.o
 .debug_info    0x000135ad     0x1488 ./Middlewares/Third_Party/FreeRTOS/Source/timers.o
 .debug_info    0x00014a35      0x4de ./Middlewares/Third_Party/FreeRTOS/Source/portable/GCC/ARM_CM4F/port.o
 .debug_info    0x00014f13      0x4d5 ./Middlewares/Third_Party/FreeRTOS/Source/portable/MemMang/heap_4.o

.debug_abbrev   0x00000000     0x3663
 .debug_abbrev  0x00000000      0x221 ./Core/Src/control.o
 .debug_abbrev  0x00000221      0x35c ./Core/Src/main.o
 .debug_abbrev  0x0000057d      0x203 ./Core/Src/motor.o
 .debug_abbrev  0x00000780      0x203 ./Core/Src/oled.o
 .debug_abbrev  0x00000983       0xf2 ./Core/Src/pid.o
 .debug_abbrev  0x00000a75      0x202 ./Core/Src/stm32f4xx_hal_msp.o
 .debug_abbrev  0x00000c77      0x1a7 ./Core/Src/stm32f4xx_it.o
 .debug_abbrev  0x00000e1e       0xbc ./Core/Src/sysmem.o
 .debug_abbrev  0x00000eda      0x11a ./Core/Src/system_stm32f4xx.o
 .debug_abbrev  0x00000ff4       0xf4 ./Core/Src/userButton.o
 .debug_abbrev  0x000010e8       0x24 ./Core/Startup/startup_stm32f407vetx.o
 .debug_abbrev  0x0000110c      0x214 ./Drivers/STM32F4xx_HAL_Driver/Src/stm32f4xx_hal.o
 .debug_abbrev  0x00001320      0x31d ./Drivers/STM32F4xx_HAL_Driver/Src/stm32f4xx_hal_cortex.o
 .debug_abbrev  0x0000163d      0x1d4 ./Drivers/STM32F4xx_HAL_Driver/Src/stm32f4xx_hal_gpio.o
 .debug_abbrev  0x00001811      0x19c ./Drivers/STM32F4xx_HAL_Driver/Src/stm32f4xx_hal_pwr.o
 .debug_abbrev  0x000019ad      0x2b7 ./Drivers/STM32F4xx_HAL_Driver/Src/stm32f4xx_hal_rcc.o
 .debug_abbrev  0x00001c64      0x278 ./Drivers/STM32F4xx_HAL_Driver/Src/stm32f4xx_hal_tim.o
 .debug_abbrev  0x00001edc      0x283 ./Drivers/STM32F4xx_HAL_Driver/Src/stm32f4xx_hal_tim_ex.o
 .debug_abbrev  0x0000215f      0x508 ./Middlewares/Third_Party/FreeRTOS/Source/CMSIS_RTOS_V2/cmsis_os2.o
 .debug_abbrev  0x00002667       0xf5 ./Middlewares/Third_Party/FreeRTOS/Source/list.o
 .debug_abbrev  0x0000275c      0x3b6 ./Middlewares/Third_Party/FreeRTOS/Source/queue.o
 .debug_abbrev  0x00002b12      0x386 ./Middlewares/Third_Party/FreeRTOS/Source/tasks.o
 .debug_abbrev  0x00002e98      0x352 ./Middlewares/Third_Party/FreeRTOS/Source/timers.o
 .debug_abbrev  0x000031ea      0x25c ./Middlewares/Third_Party/FreeRTOS/Source/portable/GCC/ARM_CM4F/port.o
 .debug_abbrev  0x00003446      0x21d ./Middlewares/Third_Party/FreeRTOS/Source/portable/MemMang/heap_4.o

.debug_aranges  0x00000000     0x13c8
 .debug_aranges
                0x00000000       0x48 ./Core/Src/control.o
 .debug_aranges
                0x00000048       0x80 ./Core/Src/main.o
 .debug_aranges
                0x000000c8       0x48 ./Core/Src/motor.o
 .debug_aranges
                0x00000110       0x70 ./Core/Src/oled.o
 .debug_aranges
                0x00000180       0x30 ./Core/Src/pid.o
 .debug_aranges
                0x000001b0       0x48 ./Core/Src/stm32f4xx_hal_msp.o
 .debug_aranges
                0x000001f8       0x58 ./Core/Src/stm32f4xx_it.o
 .debug_aranges
                0x00000250       0x20 ./Core/Src/sysmem.o
 .debug_aranges
                0x00000270       0x28 ./Core/Src/system_stm32f4xx.o
 .debug_aranges
                0x00000298       0x20 ./Core/Src/userButton.o
 .debug_aranges
                0x000002b8       0x28 ./Core/Startup/startup_stm32f407vetx.o
 .debug_aranges
                0x000002e0       0xf0 ./Drivers/STM32F4xx_HAL_Driver/Src/stm32f4xx_hal.o
 .debug_aranges
                0x000003d0      0x130 ./Drivers/STM32F4xx_HAL_Driver/Src/stm32f4xx_hal_cortex.o
 .debug_aranges
                0x00000500       0x58 ./Drivers/STM32F4xx_HAL_Driver/Src/stm32f4xx_hal_gpio.o
 .debug_aranges
                0x00000558       0xa0 ./Drivers/STM32F4xx_HAL_Driver/Src/stm32f4xx_hal_pwr.o
 .debug_aranges
                0x000005f8       0x88 ./Drivers/STM32F4xx_HAL_Driver/Src/stm32f4xx_hal_rcc.o
 .debug_aranges
                0x00000680      0x3d0 ./Drivers/STM32F4xx_HAL_Driver/Src/stm32f4xx_hal_tim.o
 .debug_aranges
                0x00000a50      0x168 ./Drivers/STM32F4xx_HAL_Driver/Src/stm32f4xx_hal_tim_ex.o
 .debug_aranges
                0x00000bb8      0x2a8 ./Middlewares/Third_Party/FreeRTOS/Source/CMSIS_RTOS_V2/cmsis_os2.o
 .debug_aranges
                0x00000e60       0x40 ./Middlewares/Third_Party/FreeRTOS/Source/list.o
 .debug_aranges
                0x00000ea0      0x158 ./Middlewares/Third_Party/FreeRTOS/Source/queue.o
 .debug_aranges
                0x00000ff8      0x208 ./Middlewares/Third_Party/FreeRTOS/Source/tasks.o
 .debug_aranges
                0x00001200       0xf0 ./Middlewares/Third_Party/FreeRTOS/Source/timers.o
 .debug_aranges
                0x000012f0       0x80 ./Middlewares/Third_Party/FreeRTOS/Source/portable/GCC/ARM_CM4F/port.o
 .debug_aranges
                0x00001370       0x58 ./Middlewares/Third_Party/FreeRTOS/Source/portable/MemMang/heap_4.o

.debug_rnglists
                0x00000000      0xf34
 .debug_rnglists
                0x00000000       0x33 ./Core/Src/control.o
 .debug_rnglists
                0x00000033       0x66 ./Core/Src/main.o
 .debug_rnglists
                0x00000099       0x3e ./Core/Src/motor.o
 .debug_rnglists
                0x000000d7       0x54 ./Core/Src/oled.o
 .debug_rnglists
                0x0000012b       0x21 ./Core/Src/pid.o
 .debug_rnglists
                0x0000014c       0x34 ./Core/Src/stm32f4xx_hal_msp.o
 .debug_rnglists
                0x00000180       0x3d ./Core/Src/stm32f4xx_it.o
 .debug_rnglists
                0x000001bd       0x13 ./Core/Src/sysmem.o
 .debug_rnglists
                0x000001d0       0x1a ./Core/Src/system_stm32f4xx.o
 .debug_rnglists
                0x000001ea       0x13 ./Core/Src/userButton.o
 .debug_rnglists
                0x000001fd       0x19 ./Core/Startup/startup_stm32f407vetx.o
 .debug_rnglists
                0x00000216       0xaf ./Drivers/STM32F4xx_HAL_Driver/Src/stm32f4xx_hal.o
 .debug_rnglists
                0x000002c5       0xe0 ./Drivers/STM32F4xx_HAL_Driver/Src/stm32f4xx_hal_cortex.o
 .debug_rnglists
                0x000003a5       0x3f ./Drivers/STM32F4xx_HAL_Driver/Src/stm32f4xx_hal_gpio.o
 .debug_rnglists
                0x000003e4       0x74 ./Drivers/STM32F4xx_HAL_Driver/Src/stm32f4xx_hal_pwr.o
 .debug_rnglists
                0x00000458       0x66 ./Drivers/STM32F4xx_HAL_Driver/Src/stm32f4xx_hal_rcc.o
 .debug_rnglists
                0x000004be      0x31a ./Drivers/STM32F4xx_HAL_Driver/Src/stm32f4xx_hal_tim.o
 .debug_rnglists
                0x000007d8      0x125 ./Drivers/STM32F4xx_HAL_Driver/Src/stm32f4xx_hal_tim_ex.o
 .debug_rnglists
                0x000008fd      0x20c ./Middlewares/Third_Party/FreeRTOS/Source/CMSIS_RTOS_V2/cmsis_os2.o
 .debug_rnglists
                0x00000b09       0x2b ./Middlewares/Third_Party/FreeRTOS/Source/list.o
 .debug_rnglists
                0x00000b34      0x109 ./Middlewares/Third_Party/FreeRTOS/Source/queue.o
 .debug_rnglists
                0x00000c3d      0x1a0 ./Middlewares/Third_Party/FreeRTOS/Source/tasks.o
 .debug_rnglists
                0x00000ddd       0xb8 ./Middlewares/Third_Party/FreeRTOS/Source/timers.o
 .debug_rnglists
                0x00000e95       0x5d ./Middlewares/Third_Party/FreeRTOS/Source/portable/GCC/ARM_CM4F/port.o
 .debug_rnglists
                0x00000ef2       0x42 ./Middlewares/Third_Party/FreeRTOS/Source/portable/MemMang/heap_4.o

.debug_macro    0x00000000    0x22d97
 .debug_macro   0x00000000      0x21f ./Core/Src/control.o
 .debug_macro   0x0000021f      0xad8 ./Core/Src/control.o
 .debug_macro   0x00000cf7      0x295 ./Core/Src/control.o
 .debug_macro   0x00000f8c       0x2e ./Core/Src/control.o
 .debug_macro   0x00000fba       0x2f ./Core/Src/control.o
 .debug_macro   0x00000fe9       0x22 ./Core/Src/control.o
 .debug_macro   0x0000100b       0x8e ./Core/Src/control.o
 .debug_macro   0x00001099       0x51 ./Core/Src/control.o
 .debug_macro   0x000010ea      0x103 ./Core/Src/control.o
 .debug_macro   0x000011ed       0x6a ./Core/Src/control.o
 .debug_macro   0x00001257      0x1df ./Core/Src/control.o
 .debug_macro   0x00001436       0x1c ./Core/Src/control.o
 .debug_macro   0x00001452       0x22 ./Core/Src/control.o
 .debug_macro   0x00001474       0xfb ./Core/Src/control.o
 .debug_macro   0x0000156f     0x1011 ./Core/Src/control.o
 .debug_macro   0x00002580      0x11f ./Core/Src/control.o
 .debug_macro   0x0000269f    0x15ea5 ./Core/Src/control.o
 .debug_macro   0x00018544       0x6d ./Core/Src/control.o
 .debug_macro   0x000185b1     0x3693 ./Core/Src/control.o
 .debug_macro   0x0001bc44      0x190 ./Core/Src/control.o
 .debug_macro   0x0001bdd4       0x5c ./Core/Src/control.o
 .debug_macro   0x0001be30      0x980 ./Core/Src/control.o
 .debug_macro   0x0001c7b0      0x9e9 ./Core/Src/control.o
 .debug_macro   0x0001d199      0x115 ./Core/Src/control.o
 .debug_macro   0x0001d2ae      0x13e ./Core/Src/control.o
 .debug_macro   0x0001d3ec       0xa5 ./Core/Src/control.o
 .debug_macro   0x0001d491      0x174 ./Core/Src/control.o
 .debug_macro   0x0001d605      0x287 ./Core/Src/control.o
 .debug_macro   0x0001d88c       0x5f ./Core/Src/control.o
 .debug_macro   0x0001d8eb      0x236 ./Core/Src/control.o
 .debug_macro   0x0001db21      0x12c ./Core/Src/control.o
 .debug_macro   0x0001dc4d      0x21e ./Core/Src/control.o
 .debug_macro   0x0001de6b       0x2e ./Core/Src/control.o
 .debug_macro   0x0001de99      0x127 ./Core/Src/control.o
 .debug_macro   0x0001dfc0       0x7e ./Core/Src/control.o
 .debug_macro   0x0001e03e       0x89 ./Core/Src/control.o
 .debug_macro   0x0001e0c7      0x8ed ./Core/Src/control.o
 .debug_macro   0x0001e9b4       0x4d ./Core/Src/control.o
 .debug_macro   0x0001ea01      0x12d ./Core/Src/control.o
 .debug_macro   0x0001eb2e       0xac ./Core/Src/control.o
 .debug_macro   0x0001ebda      0x284 ./Core/Src/main.o
 .debug_macro   0x0001ee5e      0x169 ./Core/Src/main.o
 .debug_macro   0x0001efc7       0x66 ./Core/Src/main.o
 .debug_macro   0x0001f02d       0x74 ./Core/Src/main.o
 .debug_macro   0x0001f0a1       0xdd ./Core/Src/main.o
 .debug_macro   0x0001f17e       0x7c ./Core/Src/main.o
 .debug_macro   0x0001f1fa      0x28e ./Core/Src/motor.o
 .debug_macro   0x0001f488       0x61 ./Core/Src/motor.o
 .debug_macro   0x0001f4e9       0x2a ./Core/Src/motor.o
 .debug_macro   0x0001f513       0x43 ./Core/Src/motor.o
 .debug_macro   0x0001f556       0x34 ./Core/Src/motor.o
 .debug_macro   0x0001f58a      0x370 ./Core/Src/motor.o
 .debug_macro   0x0001f8fa       0x16 ./Core/Src/motor.o
 .debug_macro   0x0001f910       0x4a ./Core/Src/motor.o
 .debug_macro   0x0001f95a       0x34 ./Core/Src/motor.o
 .debug_macro   0x0001f98e       0x10 ./Core/Src/motor.o
 .debug_macro   0x0001f99e       0x58 ./Core/Src/motor.o
 .debug_macro   0x0001f9f6       0x8e ./Core/Src/motor.o
 .debug_macro   0x0001fa84       0x1c ./Core/Src/motor.o
 .debug_macro   0x0001faa0      0x185 ./Core/Src/motor.o
 .debug_macro   0x0001fc25      0x19b ./Core/Src/motor.o
 .debug_macro   0x0001fdc0      0x2b7 ./Core/Src/oled.o
 .debug_macro   0x00020077       0x76 ./Core/Src/oled.o
 .debug_macro   0x000200ed       0x16 ./Core/Src/oled.o
 .debug_macro   0x00020103       0x3c ./Core/Src/oled.o
 .debug_macro   0x0002013f       0x16 ./Core/Src/oled.o
 .debug_macro   0x00020155       0x29 ./Core/Src/oled.o
 .debug_macro   0x0002017e       0x73 ./Core/Src/pid.o
 .debug_macro   0x000201f1      0x1d3 ./Core/Src/stm32f4xx_hal_msp.o
 .debug_macro   0x000203c4      0x245 ./Core/Src/stm32f4xx_it.o
 .debug_macro   0x00020609      0x112 ./Core/Src/sysmem.o
 .debug_macro   0x0002071b      0x23c ./Core/Src/sysmem.o
 .debug_macro   0x00020957      0x1c4 ./Core/Src/system_stm32f4xx.o
 .debug_macro   0x00020b1b      0x1dd ./Core/Src/userButton.o
 .debug_macro   0x00020cf8      0x224 ./Drivers/STM32F4xx_HAL_Driver/Src/stm32f4xx_hal.o