../Core/Src/imu.c:31:13:mag_cal_reset_	4	static
../Core/Src/imu.c:46:21:wrap180	16	static
../Core/Src/imu.c:68:13:imu_calibrate_bias_	32	static
../Core/Src/imu.c:93:6:imu_init	24	static
../Core/Src/imu.c:122:6:imu_calibrate_bias_blocking	16	static
../Core/Src/imu.c:133:7:imu_get_yaw	4	static
../Core/Src/imu.c:138:6:imu_zero_yaw	4	static
../Core/Src/imu.c:142:6:imu_mag_reset_calibration	8	static
../Core/Src/imu.c:146:5:imu_read_temperature_c	24	static
../Core/Src/imu.c:155:5:imu_read_mag_heading_deg	80	static
../Core/Src/imu.c:194:6:Gyro_Read_Z	24	static
../Core/Src/imu.c:215:6:imu_update_yaw_100Hz	16	static
../Core/Src/imu.c:244:7:imu_get_gyro_bias	4	static
../Core/Src/imu.c:249:6:imu_set_gyro_bias	16	static
../Core/Src/imu.c:254:7:imu_get_scale_factor	4	static
../Core/Src/imu.c:259:6:imu_set_scale_factor	16	static
