../Core/Src/main.c:110:5:main	8	static
../Core/Src/main.c:210:6:SystemClock_Config	88	static
../Core/Src/main.c:252:13:MX_TIM2_Init	56	static
../Core/Src/main.c:301:13:MX_TIM3_Init	56	static
../Core/Src/main.c:350:13:MX_TIM4_Init	64	static
../Core/Src/main.c:413:13:MX_TIM5_Init	32	static
../Core/Src/main.c:458:13:MX_TIM9_Init	56	static
../Core/Src/main.c:514:13:MX_GPIO_Init	48	static
../Core/Src/main.c:568:6:StartDefaultTask	16	static
../Core/Src/main.c:586:6:motor	24	static
../Core/Src/main.c:637:6:encoder_task	72	static
../Core/Src/main.c:677:6:controlTask	64	static
../Core/Src/main.c:709:6:Error_Handler	4	static,ignoring_inline_asm
