../Core/Inc/servo.h:46:20:Servo_Center	16	static
../Core/Src/movements.c:85:9:move_is_active	4	static
../Core/Src/movements.c:89:6:move_abort	8	static
../Core/Src/movements.c:97:6:calculate_ackermann_speeds	40	static
../Core/Src/movements.c:115:6:move_start_straight	32	static
../Core/Src/movements.c:155:6:move_start_turn	40	static
../Core/Src/movements.c:205:6:move_tick_100Hz	88	static
../Core/Src/movements.c:306:6:move_set_profile_distances_cm	16	static
../Core/Src/movements.c:314:6:move_get_profile_distances_cm	16	static
