../Core/Inc/servo.h:46:20:Servo_Center	16	static
../Core/Src/movements.c:95:9:move_is_active	4	static
../Core/Src/movements.c:99:6:move_abort	8	static
../Core/Src/movements.c:107:6:move_start_straight	32	static
../Core/Src/movements.c:147:6:move_start_turn	24	static
../Core/Src/movements.c:189:6:move_start_fast_turn	24	static
../Core/Src/movements.c:231:6:move_start_fast_turn_angle	24	static
../Core/Src/movements.c:267:6:move_tick_100Hz	160	static
../Core/Src/movements.c:434:6:move_set_profile_distances_cm	16	static
../Core/Src/movements.c:442:6:move_get_profile_distances_cm	16	static
../Core/Src/movements.c:448:6:move_set_turn_spinup_ticks	16	static
../Core/Src/movements.c:453:10:move_get_turn_spinup_ticks	4	static
