../Core/Inc/servo.h:46:20:Servo_Center	16	static
../Core/Src/movements.c:152:13:yaw_filter_reset	24	static
../Core/Src/movements.c:162:14:yaw_filter_apply	24	static
../Core/Src/movements.c:187:14:turn_profile_get_steer_mag	4	static
../Core/Src/movements.c:194:14:turn_profile_get_outer_ratio	4	static
../Core/Src/movements.c:201:17:compute_servo_settle_ms	24	static
../Core/Src/movements.c:208:13:schedule_post_turn_servo_recentering	16	static
../Core/Src/movements.c:220:9:move_is_active	4	static
../Core/Src/movements.c:224:6:move_set_turn_profile	16	static
../Core/Src/movements.c:232:21:move_get_turn_profile	4	static
../Core/Src/movements.c:237:6:move_abort	8	static
../Core/Src/movements.c:250:6:move_start_straight	40	static
../Core/Src/movements.c:298:6:move_turn	40	static
../Core/Src/movements.c:368:6:move_start_arc	32	static
../Core/Src/movements.c:420:6:move_drive_until_obstacle	112	static
../Core/Src/movements.c:545:6:move_tick_100Hz	184	static
../Core/Src/movements.c:818:6:move_set_profile_distances_cm	16	static
../Core/Src/movements.c:826:6:move_get_profile_distances_cm	16	static
../Core/Src/movements.c:832:6:move_set_turn_spinup_ticks	16	static
../Core/Src/movements.c:837:10:move_get_turn_spinup_ticks	4	static
