../Core/Inc/servo.h:46:20:Servo_Center	16	static
../Core/Src/movements.c:100:14:turn_profile_get_steer_mag	4	static
../Core/Src/movements.c:107:14:turn_profile_get_outer_ratio	4	static
../Core/Src/movements.c:114:17:compute_servo_settle_ms	24	static
../Core/Src/movements.c:126:9:move_is_active	4	static
../Core/Src/movements.c:130:6:move_set_turn_profile	16	static
../Core/Src/movements.c:138:21:move_get_turn_profile	4	static
../Core/Src/movements.c:143:6:move_abort	8	static
../Core/Src/movements.c:151:6:move_start_straight	40	static
../Core/Src/movements.c:196:6:move_turn	40	static
../Core/Src/movements.c:264:6:move_tick_100Hz	120	static
../Core/Src/movements.c:417:6:move_set_profile_distances_cm	16	static
../Core/Src/movements.c:425:6:move_get_profile_distances_cm	16	static
../Core/Src/movements.c:431:6:move_set_turn_spinup_ticks	16	static
../Core/Src/movements.c:436:10:move_get_turn_spinup_ticks	4	static
