../Core/Inc/servo.h:46:20:Servo_Center	16	static
../Core/Src/movements.c:87:13:yaw_pid_reset	4	static
../Core/Src/movements.c:94:14:yaw_pid_step	32	static
../Core/Src/movements.c:124:9:move_is_active	4	static
../Core/Src/movements.c:128:6:move_abort	8	static
../Core/Src/movements.c:136:6:move_start_straight	32	static
../Core/Src/movements.c:177:6:move_start_turn	24	static
../Core/Src/movements.c:220:6:move_tick_100Hz	168	static
../Core/Src/movements.c:388:6:move_set_profile_distances_cm	16	static
../Core/Src/movements.c:396:6:move_get_profile_distances_cm	16	static
../Core/Src/movements.c:402:6:move_set_turn_spinup_ticks	16	static
../Core/Src/movements.c:407:10:move_get_turn_spinup_ticks	4	static
