../Core/Inc/servo.h:46:20:Servo_Center	16	static
../Core/Src/main.c:203:6:HAL_UART_RxCpltCallback	24	static
../Core/Src/main.c:224:6:HAL_UART_ErrorCallback	16	static
../Core/Src/main.c:232:15:parse_instruction_plan	48	static
../Core/Src/main.c:282:13:configure_servo_for_motion	32	static
../Core/Src/main.c:298:13:perform_initial_calibration	16	static
../Core/Src/main.c:314:13:perform_first_uart_calibration	8	static
../Core/Src/main.c:332:13:reset_motion_state	8	static
../Core/Src/main.c:340:13:run_instruction_plan	216	static
../Core/Src/main.c:380:13:execute_straight_move	16	static
../Core/Src/main.c:395:13:execute_turn_move	32	static
../Core/Src/main.c:406:13:execute_split_turn_sequence	24	static
../Core/Src/main.c:442:5:main	16	static
../Core/Src/main.c:567:6:SystemClock_Config	88	static
../Core/Src/main.c:609:13:MX_I2C2_Init	8	static
../Core/Src/main.c:643:13:MX_TIM2_Init	56	static
../Core/Src/main.c:692:13:MX_TIM3_Init	56	static
../Core/Src/main.c:741:13:MX_TIM4_Init	64	static
../Core/Src/main.c:804:13:MX_TIM5_Init	32	static
../Core/Src/main.c:849:13:MX_TIM8_Init	96	static
../Core/Src/main.c:924:13:MX_TIM9_Init	56	static
../Core/Src/main.c:980:13:MX_TIM12_Init	40	static
../Core/Src/main.c:1031:13:MX_USART3_UART_Init	8	static
../Core/Src/main.c:1064:13:MX_GPIO_Init	48	static
../Core/Src/main.c:1122:13:oled_draw_default_layout	8	static
../Core/Src/main.c:1131:13:format_rate_line	56	static
../Core/Src/main.c:1141:13:oled_show_avg_screen	64	static
../Core/Src/main.c:1175:13:uart_send_response	24	static
../Core/Src/main.c:1193:17:ring_advance	16	static
../Core/Src/main.c:1198:13:process_serial_input	16	static
../Core/Src/main.c:1233:13:wait_for_motion_completion	8	static
../Core/Src/main.c:1241:13:determine_turn_opcode	16	static
../Core/Src/main.c:1254:13:command_display_code	24	static
../Core/Src/main.c:1310:13:execute_command	56	static
../Core/Src/main.c:1474:6:StartDefaultTask	24	static
../Core/Src/main.c:1541:6:control_task	16	static
../Core/Src/main.c:1562:6:oled_task	80	static
../Core/Src/main.c:1653:6:uart_task	32	static
../Core/Src/main.c:1706:6:Error_Handler	4	static,ignoring_inline_asm
