Archive member included to satisfy reference by file (symbol)

/Applications/STM32CubeIDE.app/Contents/Eclipse/plugins/com.st.stm32cube.ide.mcu.externaltools.gnu-tools-for-stm32.13.3.rel1.macos64_1.0.0.202411102158/tools/bin/../lib/gcc/arm-none-eabi/13.3.1/../../../../arm-none-eabi/lib/thumb/v7e-m+fp/hard/libc_nano.a(libc_a-exit.o)
                              /Applications/STM32CubeIDE.app/Contents/Eclipse/plugins/com.st.stm32cube.ide.mcu.externaltools.gnu-tools-for-stm32.13.3.rel1.macos64_1.0.0.202411102158/tools/bin/../lib/gcc/arm-none-eabi/13.3.1/../../../../arm-none-eabi/lib/thumb/v7e-m+fp/hard/crt0.o (exit)
/Applications/STM32CubeIDE.app/Contents/Eclipse/plugins/com.st.stm32cube.ide.mcu.externaltools.gnu-tools-for-stm32.13.3.rel1.macos64_1.0.0.202411102158/tools/bin/../lib/gcc/arm-none-eabi/13.3.1/../../../../arm-none-eabi/lib/thumb/v7e-m+fp/hard/libc_nano.a(libc_a-nano-vfprintf_float.o)
                              (_printf_float)
/Applications/STM32CubeIDE.app/Contents/Eclipse/plugins/com.st.stm32cube.ide.mcu.externaltools.gnu-tools-for-stm32.13.3.rel1.macos64_1.0.0.202411102158/tools/bin/../lib/gcc/arm-none-eabi/13.3.1/../../../../arm-none-eabi/lib/thumb/v7e-m+fp/hard/libc_nano.a(libc_a-malloc.o)
                              ./Core/Src/commands.o (malloc)
/Applications/STM32CubeIDE.app/Contents/Eclipse/plugins/com.st.stm32cube.ide.mcu.externaltools.gnu-tools-for-stm32.13.3.rel1.macos64_1.0.0.202411102158/tools/bin/../lib/gcc/arm-none-eabi/13.3.1/../../../../arm-none-eabi/lib/thumb/v7e-m+fp/hard/libc_nano.a(libc_a-mallocr.o)
                              /Applications/STM32CubeIDE.app/Contents/Eclipse/plugins/com.st.stm32cube.ide.mcu.externaltools.gnu-tools-for-stm32.13.3.rel1.macos64_1.0.0.202411102158/tools/bin/../lib/gcc/arm-none-eabi/13.3.1/../../../../arm-none-eabi/lib/thumb/v7e-m+fp/hard/libc_nano.a(libc_a-malloc.o) (_malloc_r)
/Applications/STM32CubeIDE.app/Contents/Eclipse/plugins/com.st.stm32cube.ide.mcu.externaltools.gnu-tools-for-stm32.13.3.rel1.macos64_1.0.0.202411102158/tools/bin/../lib/gcc/arm-none-eabi/13.3.1/../../../../arm-none-eabi/lib/thumb/v7e-m+fp/hard/libc_nano.a(libc_a-nano-vfprintf_i.o)
                              /Applications/STM32CubeIDE.app/Contents/Eclipse/plugins/com.st.stm32cube.ide.mcu.externaltools.gnu-tools-for-stm32.13.3.rel1.macos64_1.0.0.202411102158/tools/bin/../lib/gcc/arm-none-eabi/13.3.1/../../../../arm-none-eabi/lib/thumb/v7e-m+fp/hard/libc_nano.a(libc_a-nano-vfprintf_float.o) (_printf_common)
/Applications/STM32CubeIDE.app/Contents/Eclipse/plugins/com.st.stm32cube.ide.mcu.externaltools.gnu-tools-for-stm32.13.3.rel1.macos64_1.0.0.202411102158/tools/bin/../lib/gcc/arm-none-eabi/13.3.1/../../../../arm-none-eabi/lib/thumb/v7e-m+fp/hard/libc_nano.a(libc_a-snprintf.o)
                              ./Core/Src/main.o (snprintf)
/Applications/STM32CubeIDE.app/Contents/Eclipse/plugins/com.st.stm32cube.ide.mcu.externaltools.gnu-tools-for-stm32.13.3.rel1.macos64_1.0.0.202411102158/tools/bin/../lib/gcc/arm-none-eabi/13.3.1/../../../../arm-none-eabi/lib/thumb/v7e-m+fp/hard/libc_nano.a(libc_a-mlock.o)
                              /Applications/STM32CubeIDE.app/Contents/Eclipse/plugins/com.st.stm32cube.ide.mcu.externaltools.gnu-tools-for-stm32.13.3.rel1.macos64_1.0.0.202411102158/tools/bin/../lib/gcc/arm-none-eabi/13.3.1/../../../../arm-none-eabi/lib/thumb/v7e-m+fp/hard/libc_nano.a(libc_a-mallocr.o) (__malloc_lock)
/Applications/STM32CubeIDE.app/Contents/Eclipse/plugins/com.st.stm32cube.ide.mcu.externaltools.gnu-tools-for-stm32.13.3.rel1.macos64_1.0.0.202411102158/tools/bin/../lib/gcc/arm-none-eabi/13.3.1/../../../../arm-none-eabi/lib/thumb/v7e-m+fp/hard/libc_nano.a(libc_a-findfp.o)
                              /Applications/STM32CubeIDE.app/Contents/Eclipse/plugins/com.st.stm32cube.ide.mcu.externaltools.gnu-tools-for-stm32.13.3.rel1.macos64_1.0.0.202411102158/tools/bin/../lib/gcc/arm-none-eabi/13.3.1/../../../../arm-none-eabi/lib/thumb/v7e-m+fp/hard/libc_nano.a(libc_a-exit.o) (__stdio_exit_handler)
/Applications/STM32CubeIDE.app/Contents/Eclipse/plugins/com.st.stm32cube.ide.mcu.externaltools.gnu-tools-for-stm32.13.3.rel1.macos64_1.0.0.202411102158/tools/bin/../lib/gcc/arm-none-eabi/13.3.1/../../../../arm-none-eabi/lib/thumb/v7e-m+fp/hard/libc_nano.a(libc_a-strtod.o)
                              ./Core/Src/commands.o (strtof)
/Applications/STM32CubeIDE.app/Contents/Eclipse/plugins/com.st.stm32cube.ide.mcu.externaltools.gnu-tools-for-stm32.13.3.rel1.macos64_1.0.0.202411102158/tools/bin/../lib/gcc/arm-none-eabi/13.3.1/../../../../arm-none-eabi/lib/thumb/v7e-m+fp/hard/libc_nano.a(libc_a-strtol.o)
                              ./Core/Src/commands.o (strtol)
/Applications/STM32CubeIDE.app/Contents/Eclipse/plugins/com.st.stm32cube.ide.mcu.externaltools.gnu-tools-for-stm32.13.3.rel1.macos64_1.0.0.202411102158/tools/bin/../lib/gcc/arm-none-eabi/13.3.1/../../../../arm-none-eabi/lib/thumb/v7e-m+fp/hard/libc_nano.a(libc_a-fwalk.o)
[...]
Memory Configuration

Name             Origin             Length             Attributes
CCMRAM           0x10000000         0x00010000         xrw
RAM              0x20000000         0x00020000         xrw
FLASH            0x08000000         0x00080000         xr
*default*        0x00000000         0xffffffff

Linker script and memory map

LOAD /Applications/STM32CubeIDE.app/Contents/Eclipse/plugins/com.st.stm32cube.ide.mcu.externaltools.gnu-tools-for-stm32.13.3.rel1.macos64_1.0.0.202411102158/tools/bin/../lib/gcc/arm-none-eabi/13.3.1/thumb/v7e-m+fp/hard/crti.o
LOAD /Applications/STM32CubeIDE.app/Contents/Eclipse/plugins/com.st.stm32cube.ide.mcu.externaltools.gnu-tools-for-stm32.13.3.rel1.macos64_1.0.0.202411102158/tools/bin/../lib/gcc/arm-none-eabi/13.3.1/thumb/v7e-m+fp/hard/crtbegin.o
LOAD /Applications/STM32CubeIDE.app/Contents/Eclipse/plugins/com.st.stm32cube.ide.mcu.externaltools.gnu-tools-for-stm32.13.3.rel1.macos64_1.0.0.202411102158/tools/bin/../lib/gcc/arm-none-eabi/13.3.1/../../../../arm-none-eabi/lib/thumb/v7e-m+fp/hard/crt0.o
LOAD ./Core/Src/ICM20948.o
LOAD ./Core/Src/commands.o
LOAD ./Core/Src/control.o
LOAD ./Core/Src/freertos.o
LOAD ./Core/Src/imu.o
LOAD ./Core/Src/madgwick.o
LOAD ./Core/Src/main.o
LOAD ./Core/Src/motor.o
LOAD ./Core/Src/movements.o
LOAD ./Core/Src/oled.o
LOAD ./Core/Src/pid.o
LOAD ./Core/Src/sensor.o
LOAD ./Core/Src/servo.o
LOAD ./Core/Src/stm32f4xx_hal_msp.o
LOAD ./Core/Src/stm32f4xx_it.o
LOAD ./Core/Src/syscalls.o
LOAD ./Core/Src/sysmem.o
LOAD ./Core/Src/system_stm32f4xx.o
LOAD ./Core/Src/userButton.o
LOAD ./Core/Startup/startup_stm32f407vetx.o
LOAD ./Drivers/STM32F4xx_HAL_Driver/Src/stm32f4xx_hal.o
LOAD ./Drivers/STM32F4xx_HAL_Driver/Src/stm32f4xx_hal_cortex.o
LOAD ./Drivers/STM32F4xx_HAL_Driver/Src/stm32f4xx_hal_dma.o
LOAD ./Drivers/STM32F4xx_HAL_Driver/Src/stm32f4xx_hal_dma_ex.o
LOAD ./Drivers/STM32F4xx_HAL_Driver/Src/stm32f4xx_hal_exti.o
LOAD ./Drivers/STM32F4xx_HAL_Driver/Src/stm32f4xx_hal_flash.o
LOAD ./Drivers/STM32F4xx_HAL_Driver/Src/stm32f4xx_hal_flash_ex.o
LOAD ./Drivers/STM32F4xx_HAL_Driver/Src/stm32f4xx_hal_flash_ramfunc.o
LOAD ./Drivers/STM32F4xx_HAL_Driver/Src/stm32f4xx_hal_gpio.o
LOAD ./Drivers/STM32F4xx_HAL_Driver/Src/stm32f4xx_hal_i2c.o
LOAD ./Drivers/STM32F4xx_HAL_Driver/Src/stm32f4xx_hal_i2c_ex.o
LOAD ./Drivers/STM32F4xx_HAL_Driver/Src/stm32f4xx_hal_pwr.o
LOAD ./Drivers/STM32F4xx_HAL_Driver/Src/stm32f4xx_hal_pwr_ex.o
LOAD ./Drivers/STM32F4xx_HAL_Driver/Src/stm32f4xx_hal_rcc.o
LOAD ./Drivers/STM32F4xx_HAL_Driver/Src/stm32f4xx_hal_rcc_ex.o
LOAD ./Drivers/STM32F4xx_HAL_Driver/Src/stm32f4xx_hal_tim.o
LOAD ./Drivers/STM32F4xx_HAL_Driver/Src/stm32f4xx_hal_tim_ex.o
LOAD ./Drivers/STM32F4xx_HAL_Driver/Src/stm32f4xx_hal_uart.o
LOAD ./Middlewares/Third_Party/FreeRTOS/Source/CMSIS_RTOS_V2/cmsis_os2.o
LOAD ./Middlewares/Third_Party/FreeRTOS/Source/croutine.o
LOAD ./Middlewares/Third_Party/FreeRTOS/Source/event_groups.o
LOAD ./Middlewares/Third_Party/FreeRTOS/Source/list.o
LOAD ./Middlewares/Third_Party/FreeRTOS/Source/queue.o
LOAD ./Middlewares/Third_Party/FreeRTOS/Source/stream_buffer.o
LOAD ./Middlewares/Third_Party/FreeRTOS/Source/tasks.o
LOAD ./Middlewares/Third_Party/FreeRTOS/Source/timers.o
LOAD ./Middlewares/Third_Party/FreeRTOS/Source/portable/GCC/ARM_CM4F/port.o
LOAD ./Middlewares/Third_Party/FreeRTOS/Source/portable/MemMang/heap_4.o
START GROUP
LOAD /Applications/STM32CubeIDE.app/Contents/Eclipse/plugins/com.st.stm32cube.ide.mcu.externaltools.gnu-tools-for-stm32.13.3.rel1.macos64_1.0.0.202411102158/tools/bin/../lib/gcc/arm-none-eabi/13.3.1/../../../../arm-none-eabi/lib/thumb/v7e-m+fp/hard/libc_nano.a
LOAD /Applications/STM32CubeIDE.app/Contents/Eclipse/plugins/com.st.stm32cube.ide.mcu.externaltools.gnu-tools-for-stm32.13.3.rel1.macos64_1.0.0.202411102158/tools/bin/../lib/gcc/arm-none-eabi/13.3.1/../../../../arm-none-eabi/lib/thumb/v7e-m+fp/hard/libm.a
END GROUP
START GROUP
LOAD /Applications/STM32CubeIDE.app/Contents/Eclipse/plugins/com.st.stm32cube.ide.mcu.externaltools.gnu-tools-for-stm32.13.3.rel1.macos64_1.0.0.202411102158/tools/bin/../lib/gcc/arm-none-eabi/13.3.1/thumb/v7e-m+fp/hard/libgcc.a
LOAD /Applications/STM32CubeIDE.app/Contents/Eclipse/plugins/com.st.stm32cube.ide.mcu.externaltools.gnu-tools-for-stm32.13.3.rel1.macos64_1.0.0.202411102158/tools/bin/../lib/gcc/arm-none-eabi/13.3.1/../../../../arm-none-eabi/lib/thumb/v7e-m+fp/hard/libc_nano.a
END GROUP
START GROUP
LOAD /Applications/STM32CubeIDE.app/Contents/Eclipse/plugins/com.st.stm32cube.ide.mcu.externaltools.gnu-tools-for-stm32.13.3.rel1.macos64_1.0.0.202411102158/tools/bin/../lib/gcc/arm-none-eabi/13.3.1/thumb/v7e-m+fp/hard/libgcc.a
LOAD /Applications/STM32CubeIDE.app/Contents/Eclipse/plugins/com.st.stm32cube.ide.mcu.externaltools.gnu-tools-for-stm32.13.3.rel1.macos64_1.0.0.202411102158/tools/bin/../lib/gcc/arm-none-eabi/13.3.1/../../../../arm-none-eabi/lib/thumb/v7e-m+fp/hard/libc_nano.a
LOAD /Applications/STM32CubeIDE.app/Contents/Eclipse/plugins/com.st.stm32cube.ide.mcu.externaltools.gnu-tools-for-stm32.13.3.rel1.macos64_1.0.0.202411102158/tools/bin/../lib/gcc/arm-none-eabi/13.3.1/../../../../arm-none-eabi/lib/thumb/v7e-m+fp/hard/libnosys.a
END GROUP
START GROUP
LOAD /Applications/STM32CubeIDE.app/Contents/Eclipse/plugins/com.st.stm32cube.ide.mcu.externaltools.gnu-tools-for-stm32.13.3.rel1.macos64_1.0.0.202411102158/tools/bin/../lib/gcc/arm-none-eabi/13.3.1/thumb/v7e-m+fp/hard/libgcc.a
LOAD /Applications/STM32CubeIDE.app/Contents/Eclipse/plugins/com.st.stm32cube.ide.mcu.externaltools.gnu-tools-for-stm32.13.3.rel1.macos64_1.0.0.202411102158/tools/bin/../lib/gcc/arm-none-eabi/13.3.1/../../../../arm-none-eabi/lib/thumb/v7e-m+fp/hard/libc_nano.a
LOAD /Applications/STM32CubeIDE.app/Contents/Eclipse/plugins/com.st.stm32cube.ide.mcu.externaltools.gnu-tools-for-stm32.13.3.rel1.macos64_1.0.0.202411102158/tools/bin/../lib/gcc/arm-none-eabi/13.3.1/../../../../arm-none-eabi/lib/thumb/v7e-m+fp/hard/libnosys.a
END GROUP
LOAD /Applications/STM32CubeIDE.app/Contents/Eclipse/plugins/com.st.stm32cube.ide.mcu.externaltools.gnu-tools-for-stm32.13.3.rel1.macos64_1.0.0.202411102158/tools/bin/../lib/gcc/arm-none-eabi/13.3.1/thumb/v7e-m+fp/hard/crtend.o
LOAD /Applications/STM32CubeIDE.app/Contents/Eclipse/plugins/com.st.stm32cube.ide.mcu.externaltools.gnu-tools-for-stm32.13.3.rel1.macos64_1.0.0.202411102158/tools/bin/../lib/gcc/arm-none-eabi/13.3.1/thumb/v7e-m+fp/hard/crtn.o
                0x20020000                        _estack = (ORIGIN (RAM) + LENGTH (RAM))
                0x00000200                        _Min_Heap_Size = 0x200
                0x00000400                        _Min_Stack_Size = 0x400

.isr_vector     0x08000000      0x188
                0x08000000                        . = ALIGN (0x4)
 *(.isr_vector)
 .isr_vector    0x08000000      0x188 ./Core/Startup/startup_stm32f407vetx.o
                0x08000000                g_pfnVectors
                0x08000188                        . = ALIGN (0x4)

.text           0x08000190    0x11e9c
                0x08000190                        . = ALIGN (0x4)
 *(.text)
 .text          0x08000190       0x40 /Applications/STM32CubeIDE.app/Contents/Eclipse/plugins/com.st.stm32cube.ide.mcu.externaltools.gnu-tools-for-stm32.13.3.rel1.macos64_1.0.0.202411102158/tools/bin/../lib/gcc/arm-none-eabi/13.3.1/thumb/v7e-m+fp/hard/crtbegin.o
 .text          0x080001d0       0x14 /Applications/STM32CubeIDE.app/Contents/Eclipse/plugins/com.st.stm32cube.ide.mcu.externaltools.gnu-tools-for-stm32.13.3.rel1.macos64_1.0.0.202411102158/tools/bin/../lib/gcc/arm-none-eabi/13.3.1/../../../../arm-none-eabi/lib/thumb/v7e-m+fp/hard/libc_nano.a(libc_a-strcmp.o)
                0x080001d0                strcmp
 *fill*         0x080001e4        0xc 
 .text          0x080001f0       0xa0 /Applications/STM32CubeIDE.app/Contents/Eclipse/plugins/com.st.stm32cube.ide.mcu.externaltools.gnu-tools-for-stm32.13.3.rel1.macos64_1.0.0.202411102158/tools/bin/../lib/gcc/arm-none-eabi/13.3.1/../../../../arm-none-eabi/lib/thumb/v7e-m+fp/hard/libc_nano.a(libc_a-memchr.o)
                0x080001f0                memchr
 .text          0x08000290       0x10 /Applications/STM32CubeIDE.app/Contents/Eclipse/plugins/com.st.stm32cube.ide.mcu.externaltools.gnu-tools-for-stm32.13.3.rel1.macos64_1.0.0.202411102158/tools/bin/../lib/gcc/arm-none-eabi/13.3.1/../../../../arm-none-eabi/lib/thumb/v7e-m+fp/hard/libc_nano.a(libc_a-strlen.o)
                0x08000290                strlen
 .text          0x080002a0      0x378 /Applications/STM32CubeIDE.app/Contents/Eclipse/plugins/com.st.stm32cube.ide.mcu.externaltools.gnu-tools-for-stm32.13.3.rel1.macos64_1.0.0.202411102158/tools/bin/../lib/gcc/arm-none-eabi/13.3.1/thumb/v7e-m+fp/hard/libgcc.a(_arm_addsubdf3.o)
                0x080002a0                __aeabi_drsub
                0x080002a8                __subdf3
                0x080002a8                __aeabi_dsub
                0x080002ac                __aeabi_dadd
                0x080002ac                __adddf3
                0x08000524                __aeabi_ui2d
                0x08000524                __floatunsidf
                0x08000544                __floatsidf
                0x08000544                __aeabi_i2d
                0x08000568                __extendsfdf2
                0x08000568                __aeabi_f2d
                0x080005ac                __aeabi_ul2d
                0x080005ac                __floatundidf
                0x080005bc                __aeabi_l2d
                0x080005bc                __floatdidf
 .text          0x08000618      0x424 /Applications/STM32CubeIDE.app/Contents/Eclipse/plugins/com.st.stm32cube.ide.mcu.externaltools.gnu-tools-for-stm32.13.3.rel1.macos64_1.0.0.202411102158/tools/bin/../lib/gcc/arm-none-eabi/13.3.1/thumb/v7e-m+fp/hard/libgcc.a(_arm_muldivdf3.o)
                0x08000618                __aeabi_dmul
                0x08000618                __muldf3
                0x0800086c                __aeabi_ddiv
                0x0800086c                __divdf3
 .text          0x08000a3c      0x110 /Applications/STM32CubeIDE.app/Contents/Eclipse/plugins/com.st.stm32cube.ide.mcu.externaltools.gnu-tools-for-stm32.13.3.rel1.macos64_1.0.0.202411102158/tools/bin/../lib/gcc/arm-none-eabi/13.3.1/thumb/v7e-m+fp/hard/libgcc.a(_arm_cmpdf2.o)
                0x08000a3c                __gedf2
                0x08000a3c                __gtdf2
                0x08000a44                __ledf2
                0x08000a44                __ltdf2
                0x08000a4c                __cmpdf2
                0x08000a4c                __eqdf2
                0x08000a4c                __nedf2
                0x08000ac8                __aeabi_cdrcmple
                0x08000ad8                __aeabi_cdcmple
                0x08000ad8                __aeabi_cdcmpeq
                0x08000ae8                __aeabi_dcmpeq
                0x08000afc                __aeabi_dcmplt
                0x08000b10                __aeabi_dcmple
                0x08000b24                __aeabi_dcmpge
                0x08000b38                __aeabi_dcmpgt
 .text          0x08000b4c       0x2c /Applications/STM32CubeIDE.app/Contents/Eclipse/plugins/com.st.stm32cube.ide.mcu.externaltools.gnu-tools-for-stm32.13.3.rel1.macos64_1.0.0.202411102158/tools/bin/../lib/gcc/arm-none-eabi/13.3.1/thumb/v7e-m+fp/hard/libgcc.a(_arm_unorddf2.o)
                0x08000b4c                __aeabi_dcmpun
                0x08000b4c                __unorddf2
 .text          0x08000b78       0x50 /Applications/STM32CubeIDE.app/Contents/Eclipse/plugins/com.st.stm32cube.ide.mcu.externaltools.gnu-tools-for-stm32.13.3.rel1.macos64_1.0.0.202411102158/tools/bin/../lib/gcc/arm-none-eabi/13.3.1/thumb/v7e-m+fp/hard/libgcc.a(_arm_fixdfsi.o)
                0x08000b78                __fixdfsi
                0x08000b78                __aeabi_d2iz
 .text          0x08000bc8       0x40 /Applications/STM32CubeIDE.app/Contents/Eclipse/plugins/com.st.stm32cube.ide.mcu.externaltools.gnu-tools-for-stm32.13.3.rel1.macos64_1.0.0.202411102158/tools/bin/../lib/gcc/arm-none-eabi/13.3.1/thumb/v7e-m+fp/hard/libgcc.a(_arm_fixunsdfsi.o)
                0x08000bc8                __fixunsdfsi
                0x08000bc8                __aeabi_d2uiz
 .text          0x08000c08       0xa0 /Applications/STM32CubeIDE.app/Contents/Eclipse/plugins/com.st.stm32cube.ide.mcu.externaltools.gnu-tools-for-stm32.13.3.rel1.macos64_1.0.0.202411102158/tools/bin/../lib/gcc/arm-none-eabi/13.3.1/thumb/v7e-m+fp/hard/libgcc.a(_arm_truncdfsf2.o)
                0x08000c08                __aeabi_d2f
                0x08000c08                __truncdfsf2
 .text          0x08000ca8       0x30 /Applications/STM32CubeIDE.app/Contents/Eclipse/plugins/com.st.stm32cube.ide.mcu.externaltools.gnu-tools-for-stm32.13.3.rel1.macos64_1.0.0.202411102158/tools/bin/../lib/gcc/arm-none-eabi/13.3.1/thumb/v7e-m+fp/hard/libgcc.a(_aeabi_uldivmod.o)
                0x08000ca8                __aeabi_uldivmod
 .text          0x08000cd8       0x30 /Applications/STM32CubeIDE.app/Contents/Eclipse/plugins/com.st.stm32cube.ide.mcu.externaltools.gnu-tools-for-stm32.13.3.rel1.macos64_1.0.0.202411102158/tools/bin/../lib/gcc/arm-none-eabi/13.3.1/thumb/v7e-m+fp/hard/libgcc.a(_fixdfdi.o)
                0x08000cd8                __aeabi_d2lz
                0x08000cd8                __fixdfdi
 .text          0x08000d08       0x3c /Applications/STM32CubeIDE.app/Contents/Eclipse/plugins/com.st.stm32cube.ide.mcu.externaltools.gnu-tools-for-stm32.13.3.rel1.macos64_1.0.0.202411102158/tools/bin/../lib/gcc/arm-none-eabi/13.3.1/thumb/v7e-m+fp/hard/libgcc.a(_fixunsdfdi.o)
                0x08000d08                __aeabi_d2ulz
                0x08000d08                __fixunsdfdi
 .text          0x08000d44      0x2f8 /Applications/STM32CubeIDE.app/Contents/Eclipse/plugins/com.st.stm32cube.ide.mcu.externaltools.gnu-tools-for-stm32.13.3.rel1.macos64_1.0.0.202411102158/tools/bin/../lib/gcc/arm-none-eabi/13.3.1/thumb/v7e-m+fp/hard/libgcc.a(_udivmoddi4.o)
                0x08000d44                __udivmoddi4
 .text          0x0800103c        0x4 /Applications/STM32CubeIDE.app/Contents/Eclipse/plugins/com.st.stm32cube.ide.mcu.externaltools.gnu-tools-for-stm32.13.3.rel1.macos64_1.0.0.202411102158/tools/bin/../lib/gcc/arm-none-eabi/13.3.1/thumb/v7e-m+fp/hard/libgcc.a(_dvmd_tls.o)
                0x0800103c                __aeabi_ldiv0
                0x0800103c                __aeabi_idiv0
 *(.text*)
 .text._ICM20948_SelectUserBank
                0x08001040       0x58 ./Core/Src/ICM20948.o
 .text._ICM20948_WriteByte
                0x08001098       0x5a ./Core/Src/ICM20948.o
 .text._ICM20948_BurstRead
                0x080010f2       0x5a ./Core/Src/ICM20948.o
 .text.ICM20948_isI2cAddress1
                0x0800114c       0x2c ./Core/Src/ICM20948.o
                0x0800114c                ICM20948_isI2cAddress1
 .text.ICM20948_isI2cAddress2
                0x08001178       0x2c ./Core/Src/ICM20948.o
                0x08001178                ICM20948_isI2cAddress2
 .text.ICM20948_init
                0x080011a4       0xd8 ./Core/Src/ICM20948.o
                0x080011a4                ICM20948_init
 .text.ICM20948_readGyroscope_Z
                0x0800127c       0x48 ./Core/Src/ICM20948.o
                0x0800127c                ICM20948_readGyroscope_Z
 .text.icm_enable_bypass_
                0x080012c4       0x68 ./Core/Src/ICM20948.o
 .text.ICM20948_mag_enable
                0x0800132c       0xe4 ./Core/Src/ICM20948.o
                0x0800132c                ICM20948_mag_enable
 .text.commands_init
                0x08001410       0x4c ./Core/Src/commands.o
                0x08001410                commands_init
 .text.commands_process
                0x0800145c      0x4d8 ./Core/Src/commands.o
                0x0800145c                commands_process
 .text.commands_pop
                0x08001934       0x44 ./Core/Src/commands.o
                0x08001934                commands_pop
 .text.commands_end
                0x08001978       0x42 ./Core/Src/commands.o
                0x08001978                commands_end
 .text.get_new_cmd
                0x080019ba       0x60 ./Core/Src/commands.o
 .text.commands_ack
                0x08001a1a       0x7e ./Core/Src/commands.o
 .text.parse_float
                0x08001a98       0x38 ./Core/Src/commands.o
 .text.parse_snap_command
                0x08001ad0       0xe4 ./Core/Src/commands.o
 .text.control_is_due
                0x08001bb4       0x18 ./Core/Src/control.o
                0x08001bb4                control_is_due
 .text.control_clear_due
                0x08001bcc       0x18 ./Core/Src/control.o
                0x08001bcc                control_clear_due
 .text.control_init
                0x08001be4       0x94 ./Core/Src/control.o
                0x08001be4                control_init
 .text.control_set_target_ticks_per_dt
                0x08001c78       0xe4 ./Core/Src/control.o
                0x08001c78                control_set_target_ticks_per_dt
 .text.control_sync_encoders
                0x08001d5c       0x30 ./Core/Src/control.o
                0x08001d5c                control_sync_encoders
 .text.control_step
                0x08001d8c      0x188 ./Core/Src/control.o
                0x08001d8c                control_step
 .text.HAL_TIM_PeriodElapsedCallback
                0x08001f14       0x2c ./Core/Src/control.o
                0x08001f14                HAL_TIM_PeriodElapsedCallback
 .text.mag_cal_reset_
                0x08001f40       0x38 ./Core/Src/imu.o
 .text.wrap180  0x08001f78       0x70 ./Core/Src/imu.o
 .text.imu_calibrate_bias_
                0x08001fe8       0xb0 ./Core/Src/imu.o
 .text.imu_init
                0x08002098       0xc4 ./Core/Src/imu.o
                0x08002098                imu_init
 .text.imu_calibrate_bias_blocking
                0x0800215c       0x74 ./Core/Src/imu.o
                0x0800215c                imu_calibrate_bias_blocking
 .text.imu_get_yaw
                0x080021d0       0x1c ./Core/Src/imu.o
                0x080021d0                imu_get_yaw
 .text.imu_zero_yaw
                0x080021ec       0x1c ./Core/Src/imu.o
                0x080021ec                imu_zero_yaw
 .text.imu_update_yaw_100Hz
                0x08002208       0xf0 ./Core/Src/imu.o
                0x08002208                imu_update_yaw_100Hz
 .text.Servo_Center
                0x080022f8       0x1c ./Core/Src/main.o
 .text.HAL_UART_RxCpltCallback
                0x08002314       0xb0 ./Core/Src/main.o
                0x08002314                HAL_UART_RxCpltCallback
 .text.HAL_UART_ErrorCallback
                0x080023c4       0x3c ./Core/Src/main.o
                0x080023c4                HAL_UART_ErrorCallback
 .text.parse_instruction_plan
                0x08002400      0x12c ./Core/Src/main.o
 .text.configure_servo_for_motion
                0x0800252c       0x88 ./Core/Src/main.o
 .text.perform_initial_calibration
                0x080025b4       0x4c ./Core/Src/main.o
 .text.perform_first_uart_calibration
                0x08002600       0x5c ./Core/Src/main.o
 .text.reset_motion_state
                0x0800265c       0x28 ./Core/Src/main.o
 .text.run_instruction_plan
                0x08002684      0x1a8 ./Core/Src/main.o
 .text.execute_straight_move
                0x0800282c       0x68 ./Core/Src/main.o
 .text.execute_turn_move
                0x08002894       0x58 ./Core/Src/main.o
 .text.execute_split_turn_sequence
                0x080028ec       0x8c ./Core/Src/main.o
 .text.main     0x08002978      0x138 ./Core/Src/main.o
                0x08002978                main
 .text.SystemClock_Config
                0x08002ab0       0xbc ./Core/Src/main.o
                0x08002ab0                SystemClock_Config
 .text.MX_I2C2_Init
                0x08002b6c       0x5c ./Core/Src/main.o
 .text.MX_TIM2_Init
                0x08002bc8       0xa8 ./Core/Src/main.o
 .text.MX_TIM3_Init
                0x08002c70       0xa8 ./Core/Src/main.o
 .text.MX_TIM4_Init
                0x08002d18      0x104 ./Core/Src/main.o
 .text.MX_TIM5_Init
                0x08002e1c       0x9c ./Core/Src/main.o
 .text.MX_TIM8_Init
                0x08002eb8      0x140 ./Core/Src/main.o
 .text.MX_TIM9_Init
                0x08002ff8       0xdc ./Core/Src/main.o
 .text.MX_TIM12_Init
                0x080030d4       0xb8 ./Core/Src/main.o
 .text.MX_USART3_UART_Init
                0x0800318c       0x54 ./Core/Src/main.o
 .text.MX_GPIO_Init
                0x080031e0      0x150 ./Core/Src/main.o
 .text.oled_draw_default_layout
                0x08003330       0x3c ./Core/Src/main.o
 .text.format_rate_line
                0x0800336c       0xbc ./Core/Src/main.o
 .text.oled_show_avg_screen
                0x08003428      0x1a4 ./Core/Src/main.o
 .text.uart_send_response
                0x080035cc       0x4c ./Core/Src/main.o
 .text.ring_advance
                0x08003618       0x22 ./Core/Src/main.o
 *fill*         0x0800363a        0x2 
 .text.process_serial_input
                0x0800363c       0xd0 ./Core/Src/main.o
 .text.wait_for_motion_completion
                0x0800370c       0x20 ./Core/Src/main.o
 .text.determine_turn_opcode
                0x0800372c       0x56 ./Core/Src/main.o
 *fill*         0x08003782        0x2 
 .text.command_display_code
                0x08003784       0xe8 ./Core/Src/main.o
 .text.execute_command
                0x0800386c      0x28c ./Core/Src/main.o
 .text.StartDefaultTask
                0x08003af8       0xd8 ./Core/Src/main.o
                0x08003af8                StartDefaultTask
 .text.control_task
                0x08003bd0       0x26 ./Core/Src/main.o
                0x08003bd0                control_task
 *fill*         0x08003bf6        0x2 
 .text.oled_task
                0x08003bf8      0x1c8 ./Core/Src/main.o
                0x08003bf8                oled_task
 .text.uart_task
                0x08003dc0       0x40 ./Core/Src/main.o
                0x08003dc0                uart_task
 .text.Error_Handler
                0x08003e00        0xc ./Core/Src/main.o
                0x08003e00                Error_Handler
 .text.motor_init
                0x08003e0c       0x4c ./Core/Src/motor.o
                0x08003e0c                motor_init
 .text.motor_set_speeds
                0x08003e58      0x1a0 ./Core/Src/motor.o
                0x08003e58                motor_set_speeds
 .text.motor_stop
                0x08003ff8       0x38 ./Core/Src/motor.o
                0x08003ff8                motor_stop
 .text.motor_brake_ms
                0x08004030       0x78 ./Core/Src/motor.o
                0x08004030                motor_brake_ms
 .text.motor_get_left_encoder_counts
                0x080040a8       0x1c ./Core/Src/motor.o
                0x080040a8                motor_get_left_encoder_counts
 .text.motor_get_right_encoder_counts
                0x080040c4       0x1c ./Core/Src/motor.o
                0x080040c4                motor_get_right_encoder_counts
 .text.motor_reset_encoders
                0x080040e0       0x28 ./Core/Src/motor.o
                0x080040e0                motor_reset_encoders
 .text.Servo_Center
                0x08004108       0x1c ./Core/Src/movements.o
 .text.turn_profile_get_steer_mag
                0x08004124       0x30 ./Core/Src/movements.o
 .text.turn_profile_get_outer_ratio
                0x08004154       0x30 ./Core/Src/movements.o
 .text.compute_servo_settle_ms
                0x08004184       0x44 ./Core/Src/movements.o
 .text.schedule_post_turn_servo_recentering
                0x080041c8       0x44 ./Core/Src/movements.o
 .text.move_is_active
                0x0800420c       0x18 ./Core/Src/movements.o
                0x0800420c                move_is_active
 .text.move_abort
                0x08004224       0x50 ./Core/Src/movements.o
                0x08004224                move_abort
 .text.move_start_straight
                0x08004274      0x178 ./Core/Src/movements.o
                0x08004274                move_start_straight
 .text.move_turn
                0x080043ec      0x198 ./Core/Src/movements.o
                0x080043ec                move_turn
 .text.move_tick_100Hz
                0x08004584      0x550 ./Core/Src/movements.o
                0x08004584                move_tick_100Hz
 .text.OLED_Refresh_Gram
                0x08004ad4       0x70 ./Core/Src/oled.o
                0x08004ad4                OLED_Refresh_Gram
 .text.OLED_WR_Byte
                0x08004b44       0x9c ./Core/Src/oled.o
                0x08004b44                OLED_WR_Byte
 .text.OLED_Clear
                0x08004be0       0x4c ./Core/Src/oled.o
                0x08004be0                OLED_Clear
 .text.OLED_DrawPoint
                0x08004c2c       0xb4 ./Core/Src/oled.o
                0x08004c2c                OLED_DrawPoint
 .text.OLED_ShowChar
                0x08004ce0       0xe4 ./Core/Src/oled.o
                0x08004ce0                OLED_ShowChar
 .text.OLED_ShowString
                0x08004dc4       0x64 ./Core/Src/oled.o
                0x08004dc4                OLED_ShowString
 .text.OLED_Init
                0x08004e28      0x11c ./Core/Src/oled.o
                0x08004e28                OLED_Init
 .text.PID_init_with_dt
                0x08004f44       0xc8 ./Core/Src/pid.o
                0x08004f44                PID_init_with_dt
 .text.PID_calc_with_dt
                0x0800500c      0x1fa ./Core/Src/pid.o
                0x0800500c                PID_calc_with_dt
 .text.PID_clear
                0x08005206       0x7c ./Core/Src/pid.o
                0x08005206                PID_clear
 *fill*         0x08005282        0x2 
 .text.ultrasonic_init_ex
                0x08005284       0x90 ./Core/Src/sensor.o
                0x08005284                ultrasonic_init_ex
 .text.ultrasonic_init
                0x08005314       0x26 ./Core/Src/sensor.o
                0x08005314                ultrasonic_init
 *fill*         0x0800533a        0x2 
 .text.ultrasonic_trigger
                0x0800533c       0xd8 ./Core/Src/sensor.o
                0x0800533c                ultrasonic_trigger
 .text.ultrasonic_get_distance_cm
                0x08005414       0x1c ./Core/Src/sensor.o
                0x08005414                ultrasonic_get_distance_cm
 .text.HAL_TIM_IC_CaptureCallback
                0x08005430      0x160 ./Core/Src/sensor.o
                0x08005430                HAL_TIM_IC_CaptureCallback
 .text.Servo_Center
                0x08005590       0x1c ./Core/Src/servo.o
 .text.Servo_US2CCR
                0x080055ac       0x82 ./Core/Src/servo.o
 .text._get_arr
                0x0800562e       0x1a ./Core/Src/servo.o
 .text.Servo_Attach
                0x08005648       0x52 ./Core/Src/servo.o
                0x08005648                Servo_Attach
 .text.Servo_Start
                0x0800569a       0x48 ./Core/Src/servo.o
                0x0800569a                Servo_Start
 .text.Servo_WriteUS
                0x080056e2       0x96 ./Core/Src/servo.o
                0x080056e2                Servo_WriteUS
 .text.Servo_WriteAngle
                0x08005778       0xd4 ./Core/Src/servo.o
                0x08005778                Servo_WriteAngle
 .text.HAL_MspInit
                0x0800584c       0x58 ./Core/Src/stm32f4xx_hal_msp.o
                0x0800584c                HAL_MspInit
 .text.HAL_I2C_MspInit
                0x080058a4       0x90 ./Core/Src/stm32f4xx_hal_msp.o
                0x080058a4                HAL_I2C_MspInit
 .text.HAL_TIM_Encoder_MspInit
                0x08005934      0x134 ./Core/Src/stm32f4xx_hal_msp.o
                0x08005934                HAL_TIM_Encoder_MspInit
 .text.HAL_TIM_Base_MspInit
                0x08005a68      0x170 ./Core/Src/stm32f4xx_hal_msp.o
                0x08005a68                HAL_TIM_Base_MspInit
 .text.HAL_TIM_MspPostInit
                0x08005bd8      0x114 ./Core/Src/stm32f4xx_hal_msp.o
                0x08005bd8                HAL_TIM_MspPostInit
 .text.HAL_UART_MspInit
                0x08005cec       0xa0 ./Core/Src/stm32f4xx_hal_msp.o
                0x08005cec                HAL_UART_MspInit
 .text.NMI_Handler
                0x08005d8c        0x8 ./Core/Src/stm32f4xx_it.o
                0x08005d8c                NMI_Handler
 .text.HardFault_Handler
                0x08005d94        0x8 ./Core/Src/stm32f4xx_it.o
                0x08005d94                HardFault_Handler
 .text.MemManage_Handler
                0x08005d9c        0x8 ./Core/Src/stm32f4xx_it.o
                0x08005d9c                MemManage_Handler
 .text.BusFault_Handler
                0x08005da4        0x8 ./Core/Src/stm32f4xx_it.o
                0x08005da4                BusFault_Handler
 .text.UsageFault_Handler
                0x08005dac        0x8 ./Core/Src/stm32f4xx_it.o
                0x08005dac                UsageFault_Handler
 .text.DebugMon_Handler
                0x08005db4        0xe ./Core/Src/stm32f4xx_it.o
                0x08005db4                DebugMon_Handler
 .text.SysTick_Handler
                0x08005dc2       0x1a ./Core/Src/stm32f4xx_it.o
                0x08005dc2                SysTick_Handler
 .text.USART3_IRQHandler
                0x08005ddc       0x14 ./Core/Src/stm32f4xx_it.o
                0x08005ddc                USART3_IRQHandler
 .text.TIM8_BRK_TIM12_IRQHandler
                0x08005df0       0x1c ./Core/Src/stm32f4xx_it.o
                0x08005df0                TIM8_BRK_TIM12_IRQHandler
 .text.TIM5_IRQHandler
                0x08005e0c       0x14 ./Core/Src/stm32f4xx_it.o
                0x08005e0c                TIM5_IRQHandler
 .text._getpid  0x08005e20       0x10 ./Core/Src/syscalls.o
                0x08005e20                _getpid
 .text._kill    0x08005e30       0x20 ./Core/Src/syscalls.o
                0x08005e30                _kill
 .text._exit    0x08005e50       0x16 ./Core/Src/syscalls.o
                0x08005e50                _exit
 .text._read    0x08005e66       0x3a ./Core/Src/syscalls.o
                0x08005e66                _read
 .text._write   0x08005ea0       0x38 ./Core/Src/syscalls.o
                0x08005ea0                _write
 .text._close   0x08005ed8       0x18 ./Core/Src/syscalls.o
                0x08005ed8                _close
 .text._fstat   0x08005ef0       0x20 ./Core/Src/syscalls.o
                0x08005ef0                _fstat
 .text._isatty  0x08005f10       0x16 ./Core/Src/syscalls.o
                0x08005f10                _isatty
 .text._lseek   0x08005f26       0x1a ./Core/Src/syscalls.o
                0x08005f26                _lseek
 .text._sbrk    0x08005f40       0x6c ./Core/Src/sysmem.o
                0x08005f40                _sbrk
 .text.SystemInit
                0x08005fac       0x24 ./Core/Src/system_stm32f4xx.o
                0x08005fac                SystemInit
 .text.user_is_pressed
                0x08005fd0       0x20 ./Core/Src/userButton.o
                0x08005fd0                user_is_pressed
 .text.Reset_Handler
                0x08005ff0       0x50 ./Core/Startup/startup_stm32f407vetx.o
                0x08005ff0                Reset_Handler
 .text.Default_Handler
                0x08006040        0x2 ./Core/Startup/startup_stm32f407vetx.o
                0x08006040                DMA1_Stream3_IRQHandler
                0x08006040                HASH_RNG_IRQHandler
                0x08006040                EXTI2_IRQHandler
                0x08006040                TIM8_CC_IRQHandler
                0x08006040                TIM1_CC_IRQHandler
                0x08006040                DMA2_Stream5_IRQHandler
                0x08006040                DMA1_Stream5_IRQHandler
                0x08006040                PVD_IRQHandler
                0x08006040                SDIO_IRQHandler
                0x08006040                TAMP_STAMP_IRQHandler
                0x08006040                CAN2_RX1_IRQHandler
                0x08006040                EXTI3_IRQHandler
                0x08006040                TIM8_TRG_COM_TIM14_IRQHandler
                0x08006040                TIM1_UP_TIM10_IRQHandler
                0x08006040                TIM8_UP_TIM13_IRQHandler
                0x08006040                I2C3_ER_IRQHandler
                0x08006040                EXTI0_IRQHandler
                0x08006040                I2C2_EV_IRQHandler
                0x08006040                DMA1_Stream2_IRQHandler
                0x08006040                CAN1_RX0_IRQHandler
                0x08006040                FPU_IRQHandler
                0x08006040                OTG_HS_WKUP_IRQHandler
                0x08006040                CAN2_SCE_IRQHandler
                0x08006040                DMA2_Stream2_IRQHandler
                0x08006040                SPI1_IRQHandler
                0x08006040                TIM6_DAC_IRQHandler
                0x08006040                TIM1_BRK_TIM9_IRQHandler
                0x08006040                DCMI_IRQHandler
                0x08006040                CAN2_RX0_IRQHandler
                0x08006040                DMA2_Stream3_IRQHandler
                0x08006040                USART6_IRQHandler
                0x08006040                CAN1_RX1_IRQHandler
                0x08006040                UART5_IRQHandler
                0x08006040                DMA2_Stream0_IRQHandler
                0x08006040                TIM4_IRQHandler
                0x08006040                I2C1_EV_IRQHandler
                0x08006040                DMA1_Stream6_IRQHandler
                0x08006040                DMA1_Stream1_IRQHandler
                0x08006040                UART4_IRQHandler
                0x08006040                TIM3_IRQHandler
                0x08006040                RCC_IRQHandler
                0x08006040                Default_Handler
                0x08006040                EXTI15_10_IRQHandler
                0x08006040                ADC_IRQHandler
                0x08006040                DMA1_Stream7_IRQHandler
                0x08006040                TIM7_IRQHandler
                0x08006040                CAN2_TX_IRQHandler
                0x08006040                DMA2_Stream7_IRQHandler
                0x08006040                I2C3_EV_IRQHandler
                0x08006040                EXTI9_5_IRQHandler
                0x08006040                RTC_WKUP_IRQHandler
                0x08006040                ETH_WKUP_IRQHandler
                0x08006040                SPI2_IRQHandler
                0x08006040                OTG_HS_EP1_IN_IRQHandler
                0x08006040                DMA1_Stream0_IRQHandler
                0x08006040                CAN1_TX_IRQHandler
                0x08006040                EXTI4_IRQHandler
                0x08006040                FSMC_IRQHandler
                0x08006040                ETH_IRQHandler
                0x08006040                OTG_HS_EP1_OUT_IRQHandler
                0x08006040                WWDG_IRQHandler
                0x08006040                TIM2_IRQHandler
                0x08006040                OTG_FS_WKUP_IRQHandler
                0x08006040                TIM1_TRG_COM_TIM11_IRQHandler
                0x08006040                OTG_HS_IRQHandler
                0x08006040                EXTI1_IRQHandler
                0x08006040                USART2_IRQHandler
                0x08006040                I2C2_ER_IRQHandler
                0x08006040                CAN1_SCE_IRQHandler
                0x08006040                FLASH_IRQHandler
                0x08006040                DMA2_Stream4_IRQHandler
                0x08006040                USART1_IRQHandler
                0x08006040                OTG_FS_IRQHandler
                0x08006040                SPI3_IRQHandler
                0x08006040                DMA1_Stream4_IRQHandler
                0x08006040                I2C1_ER_IRQHandler
                0x08006040                DMA2_Stream6_IRQHandler
                0x08006040                RTC_Alarm_IRQHandler
 *fill*         0x08006042        0x2 
 .text.HAL_Init
                0x08006044       0x44 ./Drivers/STM32F4xx_HAL_Driver/Src/stm32f4xx_hal.o
                0x08006044                HAL_Init
 .text.HAL_InitTick
                0x08006088       0x60 ./Drivers/STM32F4xx_HAL_Driver/Src/stm32f4xx_hal.o
                0x08006088                HAL_InitTick
 .text.HAL_IncTick
                0x080060e8       0x28 ./Drivers/STM32F4xx_HAL_Driver/Src/stm32f4xx_hal.o
                0x080060e8                HAL_IncTick
 .text.HAL_GetTick
                0x08006110       0x18 ./Drivers/STM32F4xx_HAL_Driver/Src/stm32f4xx_hal.o
                0x08006110                HAL_GetTick
 .text.HAL_Delay
                0x08006128       0x48 ./Drivers/STM32F4xx_HAL_Driver/Src/stm32f4xx_hal.o
                0x08006128                HAL_Delay
 .text.__NVIC_SetPriorityGrouping
                0x08006170       0x48 ./Drivers/STM32F4xx_HAL_Driver/Src/stm32f4xx_hal_cortex.o
 .text.__NVIC_GetPriorityGrouping
                0x080061b8       0x1c ./Drivers/STM32F4xx_HAL_Driver/Src/stm32f4xx_hal_cortex.o
 .text.__NVIC_EnableIRQ
                0x080061d4       0x3c ./Drivers/STM32F4xx_HAL_Driver/Src/stm32f4xx_hal_cortex.o
 .text.__NVIC_SetPriority
                0x08006210       0x54 ./Drivers/STM32F4xx_HAL_Driver/Src/stm32f4xx_hal_cortex.o
 .text.NVIC_EncodePriority
                0x08006264       0x66 ./Drivers/STM32F4xx_HAL_Driver/Src/stm32f4xx_hal_cortex.o
 *fill*         0x080062ca        0x2 
 .text.SysTick_Config
                0x080062cc       0x44 ./Drivers/STM32F4xx_HAL_Driver/Src/stm32f4xx_hal_cortex.o
 .text.HAL_NVIC_SetPriorityGrouping
                0x08006310       0x16 ./Drivers/STM32F4xx_HAL_Driver/Src/stm32f4xx_hal_cortex.o
                0x08006310                HAL_NVIC_SetPriorityGrouping
 .text.HAL_NVIC_SetPriority
                0x08006326       0x38 ./Drivers/STM32F4xx_HAL_Driver/Src/stm32f4xx_hal_cortex.o
                0x08006326                HAL_NVIC_SetPriority
 .text.HAL_NVIC_EnableIRQ
                0x0800635e       0x1c ./Drivers/STM32F4xx_HAL_Driver/Src/stm32f4xx_hal_cortex.o
                0x0800635e                HAL_NVIC_EnableIRQ
 .text.HAL_SYSTICK_Config
                0x0800637a       0x18 ./Drivers/STM32F4xx_HAL_Driver/Src/stm32f4xx_hal_cortex.o
                0x0800637a                HAL_SYSTICK_Config
 .text.HAL_DMA_Abort
                0x08006392       0xe0 ./Drivers/STM32F4xx_HAL_Driver/Src/stm32f4xx_hal_dma.o
                0x08006392                HAL_DMA_Abort
 .text.HAL_DMA_Abort_IT
                0x08006472       0x44 ./Drivers/STM32F4xx_HAL_Driver/Src/stm32f4xx_hal_dma.o
                0x08006472                HAL_DMA_Abort_IT
 *fill*         0x080064b6        0x2 
 .text.HAL_GPIO_Init
                0x080064b8      0x338 ./Drivers/STM32F4xx_HAL_Driver/Src/stm32f4xx_hal_gpio.o
                0x080064b8                HAL_GPIO_Init
 .text.HAL_GPIO_ReadPin
                0x080067f0       0x30 ./Drivers/STM32F4xx_HAL_Driver/Src/stm32f4xx_hal_gpio.o
                0x080067f0                HAL_GPIO_ReadPin
 .text.HAL_GPIO_WritePin
                0x08006820       0x32 ./Drivers/STM32F4xx_HAL_Driver/Src/stm32f4xx_hal_gpio.o
                0x08006820                HAL_GPIO_WritePin
 *fill*         0x08006852        0x2 
 .text.HAL_I2C_Init
                0x08006854      0x288 ./Drivers/STM32F4xx_HAL_Driver/Src/stm32f4xx_hal_i2c.o
                0x08006854                HAL_I2C_Init
 .text.HAL_I2C_Mem_Write
                0x08006adc      0x1f4 ./Drivers/STM32F4xx_HAL_Driver/Src/stm32f4xx_hal_i2c.o
                0x08006adc                HAL_I2C_Mem_Write
 .text.HAL_I2C_Mem_Read
                0x08006cd0      0x464 ./Drivers/STM32F4xx_HAL_Driver/Src/stm32f4xx_hal_i2c.o
                0x08006cd0                HAL_I2C_Mem_Read
 .text.HAL_I2C_IsDeviceReady
                0x08007134      0x25c ./Drivers/STM32F4xx_HAL_Driver/Src/stm32f4xx_hal_i2c.o
                0x08007134                HAL_I2C_IsDeviceReady
 .text.I2C_RequestMemoryWrite
                0x08007390      0x12c ./Drivers/STM32F4xx_HAL_Driver/Src/stm32f4xx_hal_i2c.o
 .text.I2C_RequestMemoryRead
                0x080074bc      0x1d0 ./Drivers/STM32F4xx_HAL_Driver/Src/stm32f4xx_hal_i2c.o
 .text.I2C_WaitOnFlagUntilTimeout
                0x0800768c       0xf4 ./Drivers/STM32F4xx_HAL_Driver/Src/stm32f4xx_hal_i2c.o
 .text.I2C_WaitOnMasterAddressFlagUntilTimeout
                0x08007780      0x140 ./Drivers/STM32F4xx_HAL_Driver/Src/stm32f4xx_hal_i2c.o
 .text.I2C_WaitOnTXEFlagUntilTimeout
                0x080078c0       0x90 ./Drivers/STM32F4xx_HAL_Driver/Src/stm32f4xx_hal_i2c.o
 .text.I2C_WaitOnBTFFlagUntilTimeout
                0x08007950       0x90 ./Drivers/STM32F4xx_HAL_Driver/Src/stm32f4xx_hal_i2c.o
 .text.I2C_WaitOnRXNEFlagUntilTimeout
                0x080079e0       0xba ./Drivers/STM32F4xx_HAL_Driver/Src/stm32f4xx_hal_i2c.o
 .text.I2C_IsAcknowledgeFailed
                0x08007a9a       0x5e ./Drivers/STM32F4xx_HAL_Driver/Src/stm32f4xx_hal_i2c.o
 .text.HAL_PWR_EnableBkUpAccess
                0x08007af8       0x28 ./Drivers/STM32F4xx_HAL_Driver/Src/stm32f4xx_hal_pwr.o
                0x08007af8                HAL_PWR_EnableBkUpAccess
 .text.HAL_PWR_DisableBkUpAccess
                0x08007b20       0x28 ./Drivers/STM32F4xx_HAL_Driver/Src/stm32f4xx_hal_pwr.o
                0x08007b20                HAL_PWR_DisableBkUpAccess
 .text.HAL_RCC_OscConfig
                0x08007b48      0x4f0 ./Drivers/STM32F4xx_HAL_Driver/Src/stm32f4xx_hal_rcc.o
                0x08007b48                HAL_RCC_OscConfig
 .text.HAL_RCC_ClockConfig
                0x08008038      0x1cc ./Drivers/STM32F4xx_HAL_Driver/Src/stm32f4xx_hal_rcc.o
                0x08008038                HAL_RCC_ClockConfig
 .text.HAL_RCC_GetSysClockFreq
                0x08008204      0x18c ./Drivers/STM32F4xx_HAL_Driver/Src/stm32f4xx_hal_rcc.o
                0x08008204                HAL_RCC_GetSysClockFreq
 .text.HAL_RCC_GetHCLKFreq
                0x08008390       0x18 ./Drivers/STM32F4xx_HAL_Driver/Src/stm32f4xx_hal_rcc.o
                0x08008390                HAL_RCC_GetHCLKFreq
 .text.HAL_RCC_GetPCLK1Freq
                0x080083a8       0x28 ./Drivers/STM32F4xx_HAL_Driver/Src/stm32f4xx_hal_rcc.o
                0x080083a8                HAL_RCC_GetPCLK1Freq
 .text.HAL_RCC_GetPCLK2Freq
                0x080083d0       0x28 ./Drivers/STM32F4xx_HAL_Driver/Src/stm32f4xx_hal_rcc.o
                0x080083d0                HAL_RCC_GetPCLK2Freq
 .text.HAL_TIM_Base_Init
                0x080083f8       0x9e ./Drivers/STM32F4xx_HAL_Driver/Src/stm32f4xx_hal_tim.o
                0x080083f8                HAL_TIM_Base_Init
 *fill*         0x08008496        0x2 
 .text.HAL_TIM_Base_Start_IT
                0x08008498       0xe0 ./Drivers/STM32F4xx_HAL_Driver/Src/stm32f4xx_hal_tim.o
                0x08008498                HAL_TIM_Base_Start_IT
 .text.HAL_TIM_PWM_Init
                0x08008578       0x9e ./Drivers/STM32F4xx_HAL_Driver/Src/stm32f4xx_hal_tim.o
                0x08008578                HAL_TIM_PWM_Init
 .text.HAL_TIM_PWM_MspInit
                0x08008616       0x14 ./Drivers/STM32F4xx_HAL_Driver/Src/stm32f4xx_hal_tim.o
                0x08008616                HAL_TIM_PWM_MspInit
 *fill*         0x0800862a        0x2 
 .text.HAL_TIM_PWM_Start
                0x0800862c      0x190 ./Drivers/STM32F4xx_HAL_Driver/Src/stm32f4xx_hal_tim.o
                0x0800862c                HAL_TIM_PWM_Start
 .text.HAL_TIM_IC_Init
                0x080087bc       0x9e ./Drivers/STM32F4xx_HAL_Driver/Src/stm32f4xx_hal_tim.o
                0x080087bc                HAL_TIM_IC_Init
 .text.HAL_TIM_IC_MspInit
                0x0800885a       0x14 ./Drivers/STM32F4xx_HAL_Driver/Src/stm32f4xx_hal_tim.o
                0x0800885a                HAL_TIM_IC_MspInit
 *fill*         0x0800886e        0x2 
 .text.HAL_TIM_IC_Start_IT
                0x08008870      0x250 ./Drivers/STM32F4xx_HAL_Driver/Src/stm32f4xx_hal_tim.o
                0x08008870                HAL_TIM_IC_Start_IT
 .text.HAL_TIM_IC_Stop_IT
                0x08008ac0      0x15c ./Drivers/STM32F4xx_HAL_Driver/Src/stm32f4xx_hal_tim.o
                0x08008ac0                HAL_TIM_IC_Stop_IT
 .text.HAL_TIM_Encoder_Init
                0x08008c1c      0x14c ./Drivers/STM32F4xx_HAL_Driver/Src/stm32f4xx_hal_tim.o
                0x08008c1c                HAL_TIM_Encoder_Init
 .text.HAL_TIM_Encoder_Start
                0x08008d68      0x11c ./Drivers/STM32F4xx_HAL_Driver/Src/stm32f4xx_hal_tim.o
                0x08008d68                HAL_TIM_Encoder_Start
 .text.HAL_TIM_IRQHandler
                0x08008e84      0x1e0 ./Drivers/STM32F4xx_HAL_Driver/Src/stm32f4xx_hal_tim.o
                0x08008e84                HAL_TIM_IRQHandler
 .text.HAL_TIM_IC_ConfigChannel
                0x08009064      0x138 ./Drivers/STM32F4xx_HAL_Driver/Src/stm32f4xx_hal_tim.o
                0x08009064                HAL_TIM_IC_ConfigChannel
 .text.HAL_TIM_PWM_ConfigChannel
                0x0800919c      0x184 ./Drivers/STM32F4xx_HAL_Driver/Src/stm32f4xx_hal_tim.o
                0x0800919c                HAL_TIM_PWM_ConfigChannel
 .text.HAL_TIM_ConfigClockSource
                0x08009320      0x18e ./Drivers/STM32F4xx_HAL_Driver/Src/stm32f4xx_hal_tim.o
                0x08009320                HAL_TIM_ConfigClockSource
 *fill*         0x080094ae        0x2 
 .text.HAL_TIM_ReadCapturedValue
                0x080094b0       0x88 ./Drivers/STM32F4xx_HAL_Driver/Src/stm32f4xx_hal_tim.o
                0x080094b0                HAL_TIM_ReadCapturedValue
 .text.HAL_TIM_OC_DelayElapsedCallback
                0x08009538       0x14 ./Drivers/STM32F4xx_HAL_Driver/Src/stm32f4xx_hal_tim.o
                0x08009538                HAL_TIM_OC_DelayElapsedCallback
 .text.HAL_TIM_PWM_PulseFinishedCallback
                0x0800954c       0x14 ./Drivers/STM32F4xx_HAL_Driver/Src/stm32f4xx_hal_tim.o
                0x0800954c                HAL_TIM_PWM_PulseFinishedCallback
 .text.HAL_TIM_TriggerCallback
                0x08009560       0x14 ./Drivers/STM32F4xx_HAL_Driver/Src/stm32f4xx_hal_tim.o
                0x08009560                HAL_TIM_TriggerCallback
 .text.TIM_Base_SetConfig
                0x08009574      0x14c ./Drivers/STM32F4xx_HAL_Driver/Src/stm32f4xx_hal_tim.o
                0x08009574                TIM_Base_SetConfig
 .text.TIM_OC1_SetConfig
                0x080096c0       0xe0 ./Drivers/STM32F4xx_HAL_Driver/Src/stm32f4xx_hal_tim.o
 .text.TIM_OC2_SetConfig
                0x080097a0       0xec ./Drivers/STM32F4xx_HAL_Driver/Src/stm32f4xx_hal_tim.o
                0x080097a0                TIM_OC2_SetConfig
 .text.TIM_OC3_SetConfig
                0x0800988c       0xe8 ./Drivers/STM32F4xx_HAL_Driver/Src/stm32f4xx_hal_tim.o
 .text.TIM_OC4_SetConfig
                0x08009974       0xac ./Drivers/STM32F4xx_HAL_Driver/Src/stm32f4xx_hal_tim.o
 .text.TIM_TI1_SetConfig
                0x08009a20       0xe8 ./Drivers/STM32F4xx_HAL_Driver/Src/stm32f4xx_hal_tim.o
                0x08009a20                TIM_TI1_SetConfig
 .text.TIM_TI1_ConfigInputStage
                0x08009b08       0x5e ./Drivers/STM32F4xx_HAL_Driver/Src/stm32f4xx_hal_tim.o
 .text.TIM_TI2_SetConfig
                0x08009b66       0x7a ./Drivers/STM32F4xx_HAL_Driver/Src/stm32f4xx_hal_tim.o
 .text.TIM_TI2_ConfigInputStage
                0x08009be0       0x60 ./Drivers/STM32F4xx_HAL_Driver/Src/stm32f4xx_hal_tim.o
 .text.TIM_TI3_SetConfig
                0x08009c40       0x78 ./Drivers/STM32F4xx_HAL_Driver/Src/stm32f4xx_hal_tim.o
 .text.TIM_TI4_SetConfig
                0x08009cb8       0x7a ./Drivers/STM32F4xx_HAL_Driver/Src/stm32f4xx_hal_tim.o
 .text.TIM_ITRx_SetConfig
                0x08009d32       0x36 ./Drivers/STM32F4xx_HAL_Driver/Src/stm32f4xx_hal_tim.o
 .text.TIM_ETR_SetConfig
                0x08009d68       0x40 ./Drivers/STM32F4xx_HAL_Driver/Src/stm32f4xx_hal_tim.o
                0x08009d68                TIM_ETR_SetConfig
 .text.TIM_CCxChannelCmd
                0x08009da8       0x4a ./Drivers/STM32F4xx_HAL_Driver/Src/stm32f4xx_hal_tim.o
                0x08009da8                TIM_CCxChannelCmd
 *fill*         0x08009df2        0x2 
 .text.HAL_TIMEx_MasterConfigSynchronization
                0x08009df4       0xf8 ./Drivers/STM32F4xx_HAL_Driver/Src/stm32f4xx_hal_tim_ex.o
                0x08009df4                HAL_TIMEx_MasterConfigSynchronization
 .text.HAL_TIMEx_ConfigBreakDeadTime
                0x08009eec       0xa4 ./Drivers/STM32F4xx_HAL_Driver/Src/stm32f4xx_hal_tim_ex.o
                0x08009eec                HAL_TIMEx_ConfigBreakDeadTime
 .text.HAL_TIMEx_CommutCallback
                0x08009f90       0x14 ./Drivers/STM32F4xx_HAL_Driver/Src/stm32f4xx_hal_tim_ex.o
                0x08009f90                HAL_TIMEx_CommutCallback
 .text.HAL_TIMEx_BreakCallback
                0x08009fa4       0x14 ./Drivers/STM32F4xx_HAL_Driver/Src/stm32f4xx_hal_tim_ex.o
                0x08009fa4                HAL_TIMEx_BreakCallback
 .text.HAL_UART_Init
                0x08009fb8       0xa0 ./Drivers/STM32F4xx_HAL_Driver/Src/stm32f4xx_hal_uart.o
                0x08009fb8                HAL_UART_Init
 .text.HAL_UART_Transmit
                0x0800a058      0x116 ./Drivers/STM32F4xx_HAL_Driver/Src/stm32f4xx_hal_uart.o
                0x0800a058                HAL_UART_Transmit
 .text.HAL_UART_Receive_IT
                0x0800a16e       0x4a ./Drivers/STM32F4xx_HAL_Driver/Src/stm32f4xx_hal_uart.o
                0x0800a16e                HAL_UART_Receive_IT
 .text.HAL_UART_IRQHandler
                0x0800a1b8      0x554 ./Drivers/STM32F4xx_HAL_Driver/Src/stm32f4xx_hal_uart.o
                0x0800a1b8                HAL_UART_IRQHandler
 .text.HAL_UART_TxCpltCallback
                0x0800a70c       0x14 ./Drivers/STM32F4xx_HAL_Driver/Src/stm32f4xx_hal_uart.o
                0x0800a70c                HAL_UART_TxCpltCallback
 .text.HAL_UARTEx_RxEventCallback
                0x0800a720       0x18 ./Drivers/STM32F4xx_HAL_Driver/Src/stm32f4xx_hal_uart.o
                0x0800a720                HAL_UARTEx_RxEventCallback
 .text.UART_WaitOnFlagUntilTimeout
                0x0800a738       0xb2 ./Drivers/STM32F4xx_HAL_Driver/Src/stm32f4xx_hal_uart.o
 .text.UART_Start_Receive_IT
                0x0800a7ea       0x74 ./Drivers/STM32F4xx_HAL_Driver/Src/stm32f4xx_hal_uart.o
                0x0800a7ea                UART_Start_Receive_IT
 .text.UART_EndRxTransfer
                0x0800a85e       0xc6 ./Drivers/STM32F4xx_HAL_Driver/Src/stm32f4xx_hal_uart.o
 .text.UART_DMAAbortOnError
                0x0800a924       0x22 ./Drivers/STM32F4xx_HAL_Driver/Src/stm32f4xx_hal_uart.o
 .text.UART_Transmit_IT
                0x0800a946       0xa0 ./Drivers/STM32F4xx_HAL_Driver/Src/stm32f4xx_hal_uart.o
 .text.UART_EndTransmit_IT
                0x0800a9e6       0x30 ./Drivers/STM32F4xx_HAL_Driver/Src/stm32f4xx_hal_uart.o
 .text.UART_Receive_IT
                0x0800aa16      0x17c ./Drivers/STM32F4xx_HAL_Driver/Src/stm32f4xx_hal_uart.o
 *fill*         0x0800ab92        0x2 
 .text.UART_SetConfig
                0x0800ab94      0x4e8 ./Drivers/STM32F4xx_HAL_Driver/Src/stm32f4xx_hal_uart.o
 .text.__NVIC_SetPriority
                0x0800b07c       0x54 ./Middlewares/Third_Party/FreeRTOS/Source/CMSIS_RTOS_V2/cmsis_os2.o
 .text.SVC_Setup
                0x0800b0d0       0x12 ./Middlewares/Third_Party/FreeRTOS/Source/CMSIS_RTOS_V2/cmsis_os2.o
 *fill*         0x0800b0e2        0x2 
 .text.osKernelInitialize
                0x0800b0e4       0x48 ./Middlewares/Third_Party/FreeRTOS/Source/CMSIS_RTOS_V2/cmsis_os2.o
                0x0800b0e4                osKernelInitialize
 .text.osKernelStart
                0x0800b12c       0x4c ./Middlewares/Third_Party/FreeRTOS/Source/CMSIS_RTOS_V2/cmsis_os2.o
                0x0800b12c                osKernelStart
 .text.osThreadNew
                0x0800b178      0x124 ./Middlewares/Third_Party/FreeRTOS/Source/CMSIS_RTOS_V2/cmsis_os2.o
                0x0800b178                osThreadNew
 .text.osDelay  0x0800b29c       0x36 ./Middlewares/Third_Party/FreeRTOS/Source/CMSIS_RTOS_V2/cmsis_os2.o
                0x0800b29c                osDelay
 *fill*         0x0800b2d2        0x2 
 .text.vApplicationGetIdleTaskMemory
                0x0800b2d4       0x34 ./Middlewares/Third_Party/FreeRTOS/Source/CMSIS_RTOS_V2/cmsis_os2.o
                0x0800b2d4                vApplicationGetIdleTaskMemory
 .text.vApplicationGetTimerTaskMemory
                0x0800b308       0x34 ./Middlewares/Third_Party/FreeRTOS/Source/CMSIS_RTOS_V2/cmsis_os2.o
                0x0800b308                vApplicationGetTimerTaskMemory
 .text.vListInitialise
                0x0800b33c       0x40 ./Middlewares/Third_Party/FreeRTOS/Source/list.o
                0x0800b33c                vListInitialise
 .text.vListInitialiseItem
                0x0800b37c       0x1a ./Middlewares/Third_Party/FreeRTOS/Source/list.o
                0x0800b37c                vListInitialiseItem
 .text.vListInsertEnd
                0x0800b396       0x48 ./Middlewares/Third_Party/FreeRTOS/Source/list.o
                0x0800b396                vListInsertEnd
 .text.vListInsert
                0x0800b3de       0x72 ./Middlewares/Third_Party/FreeRTOS/Source/list.o
                0x0800b3de                vListInsert
 .text.uxListRemove
                0x0800b450       0x54 ./Middlewares/Third_Party/FreeRTOS/Source/list.o
                0x0800b450                uxListRemove
 .text.xQueueGenericReset
                0x0800b4a4       0xd4 ./Middlewares/Third_Party/FreeRTOS/Source/queue.o
                0x0800b4a4                xQueueGenericReset
 .text.xQueueGenericCreateStatic
                0x0800b578       0xfa ./Middlewares/Third_Party/FreeRTOS/Source/queue.o
                0x0800b578                xQueueGenericCreateStatic
 .text.prvInitialiseNewQueue
                0x0800b672       0x46 ./Middlewares/Third_Party/FreeRTOS/Source/queue.o
 .text.xQueueGenericSend
                0x0800b6b8      0x204 ./Middlewares/Third_Party/FreeRTOS/Source/queue.o
                0x0800b6b8                xQueueGenericSend
 .text.xQueueGenericSendFromISR
                0x0800b8bc      0x13c ./Middlewares/Third_Party/FreeRTOS/Source/queue.o
                0x0800b8bc                xQueueGenericSendFromISR
 .text.xQueueReceive
                0x0800b9f8      0x1c4 ./Middlewares/Third_Party/FreeRTOS/Source/queue.o
                0x0800b9f8                xQueueReceive
 .text.prvCopyDataToQueue
                0x0800bbbc       0xd4 ./Middlewares/Third_Party/FreeRTOS/Source/queue.o
 .text.prvCopyDataFromQueue
                0x0800bc90       0x4c ./Middlewares/Third_Party/FreeRTOS/Source/queue.o
 .text.prvUnlockQueue
                0x0800bcdc       0xa4 ./Middlewares/Third_Party/FreeRTOS/Source/queue.o
 .text.prvIsQueueEmpty
                0x0800bd80       0x2c ./Middlewares/Third_Party/FreeRTOS/Source/queue.o
 .text.prvIsQueueFull
                0x0800bdac       0x30 ./Middlewares/Third_Party/FreeRTOS/Source/queue.o
 .text.vQueueAddToRegistry
                0x0800bddc       0x54 ./Middlewares/Third_Party/FreeRTOS/Source/queue.o
                0x0800bddc                vQueueAddToRegistry
 .text.vQueueWaitForMessageRestricted
                0x0800be30       0x68 ./Middlewares/Third_Party/FreeRTOS/Source/queue.o
                0x0800be30                vQueueWaitForMessageRestricted
 .text.xTaskCreateStatic
                0x0800be98       0xc0 ./Middlewares/Third_Party/FreeRTOS/Source/tasks.o
                0x0800be98                xTaskCreateStatic
 .text.xTaskCreate
                0x0800bf58       0x8a ./Middlewares/Third_Party/FreeRTOS/Source/tasks.o
                0x0800bf58                xTaskCreate
 .text.prvInitialiseNewTask
                0x0800bfe2      0x120 ./Middlewares/Third_Party/FreeRTOS/Source/tasks.o
 *fill*         0x0800c102        0x2 
 .text.prvAddNewTaskToReadyList
                0x0800c104       0xe0 ./Middlewares/Third_Party/FreeRTOS/Source/tasks.o
 .text.vTaskDelay
                0x0800c1e4       0x6c ./Middlewares/Third_Party/FreeRTOS/Source/tasks.o
                0x0800c1e4                vTaskDelay
 .text.vTaskStartScheduler
                0x0800c250       0xd0 ./Middlewares/Third_Party/FreeRTOS/Source/tasks.o
                0x0800c250                vTaskStartScheduler
 .text.vTaskSuspendAll
                0x0800c320       0x1c ./Middlewares/Third_Party/FreeRTOS/Source/tasks.o
                0x0800c320                vTaskSuspendAll
 .text.xTaskResumeAll
                0x0800c33c      0x13c ./Middlewares/Third_Party/FreeRTOS/Source/tasks.o
                0x0800c33c                xTaskResumeAll
 .text.xTaskGetTickCount
                0x0800c478       0x20 ./Middlewares/Third_Party/FreeRTOS/Source/tasks.o
                0x0800c478                xTaskGetTickCount
 .text.xTaskIncrementTick
                0x0800c498      0x174 ./Middlewares/Third_Party/FreeRTOS/Source/tasks.o
                0x0800c498                xTaskIncrementTick
 .text.vTaskSwitchContext
                0x0800c60c       0xbc ./Middlewares/Third_Party/FreeRTOS/Source/tasks.o
                0x0800c60c                vTaskSwitchContext
 .text.vTaskPlaceOnEventList
                0x0800c6c8       0x4c ./Middlewares/Third_Party/FreeRTOS/Source/tasks.o
                0x0800c6c8                vTaskPlaceOnEventList
 .text.vTaskPlaceOnEventListRestricted
                0x0800c714       0x58 ./Middlewares/Third_Party/FreeRTOS/Source/tasks.o
                0x0800c714                vTaskPlaceOnEventListRestricted
 .text.xTaskRemoveFromEventList
                0x0800c76c       0xc8 ./Middlewares/Third_Party/FreeRTOS/Source/tasks.o
                0x0800c76c                xTaskRemoveFromEventList
 .text.vTaskInternalSetTimeOutState
                0x0800c834       0x2c ./Middlewares/Third_Party/FreeRTOS/Source/tasks.o
                0x0800c834                vTaskInternalSetTimeOutState
 .text.xTaskCheckForTimeOut
                0x0800c860       0xc8 ./Middlewares/Third_Party/FreeRTOS/Source/tasks.o
                0x0800c860                xTaskCheckForTimeOut
 .text.vTaskMissedYield
                0x0800c928       0x18 ./Middlewares/Third_Party/FreeRTOS/Source/tasks.o
                0x0800c928                vTaskMissedYield
 .text.prvIdleTask
                0x0800c940       0x30 ./Middlewares/Third_Party/FreeRTOS/Source/tasks.o
 .text.prvInitialiseTaskLists
                0x0800c970       0x80 ./Middlewares/Third_Party/FreeRTOS/Source/tasks.o
 .text.prvCheckTasksWaitingTermination
                0x0800c9f0       0x5c ./Middlewares/Third_Party/FreeRTOS/Source/tasks.o
 .text.prvDeleteTCB
                0x0800ca4c       0x60 ./Middlewares/Third_Party/FreeRTOS/Source/tasks.o
 .text.prvResetNextTaskUnblockTime
                0x0800caac       0x40 ./Middlewares/Third_Party/FreeRTOS/Source/tasks.o
 .text.xTaskGetSchedulerState
                0x0800caec       0x3c ./Middlewares/Third_Party/FreeRTOS/Source/tasks.o
                0x0800caec                xTaskGetSchedulerState
 .text.xTaskPriorityDisinherit
                0x0800cb28       0xe0 ./Middlewares/Third_Party/FreeRTOS/Source/tasks.o
                0x0800cb28                xTaskPriorityDisinherit
 .text.prvAddCurrentTaskToDelayedList
                0x0800cc08       0xa8 ./Middlewares/Third_Party/FreeRTOS/Source/tasks.o
 .text.xTimerCreateTimerTask
                0x0800ccb0       0x94 ./Middlewares/Third_Party/FreeRTOS/Source/timers.o
                0x0800ccb0                xTimerCreateTimerTask
 .text.xTimerGenericCommand
                0x0800cd44       0x9c ./Middlewares/Third_Party/FreeRTOS/Source/timers.o
                0x0800cd44                xTimerGenericCommand
 .text.prvProcessExpiredTimer
                0x0800cde0       0x9c ./Middlewares/Third_Party/FreeRTOS/Source/timers.o
 .text.prvTimerTask
                0x0800ce7c       0x26 ./Middlewares/Third_Party/FreeRTOS/Source/timers.o
 *fill*         0x0800cea2        0x2 
 .text.prvProcessTimerOrBlockTask
                0x0800cea4       0x9c ./Middlewares/Third_Party/FreeRTOS/Source/timers.o
 .text.prvGetNextExpireTime
                0x0800cf40       0x48 ./Middlewares/Third_Party/FreeRTOS/Source/timers.o
 .text.prvSampleTimeNow
                0x0800cf88       0x40 ./Middlewares/Third_Party/FreeRTOS/Source/timers.o
 .text.prvInsertTimerInActiveList
                0x0800cfc8       0x84 ./Middlewares/Third_Party/FreeRTOS/Source/timers.o
 .text.prvProcessReceivedCommands
                0x0800d04c      0x1cc ./Middlewares/Third_Party/FreeRTOS/Source/timers.o
 .text.prvSwitchTimerLists
                0x0800d218       0xcc ./Middlewares/Third_Party/FreeRTOS/Source/timers.o
 .text.prvCheckForValidListAndQueue
                0x0800d2e4       0x80 ./Middlewares/Third_Party/FreeRTOS/Source/timers.o
 .text.pxPortInitialiseStack
                0x0800d364       0x68 ./Middlewares/Third_Party/FreeRTOS/Source/portable/GCC/ARM_CM4F/port.o
                0x0800d364                pxPortInitialiseStack
 .text.prvTaskExitError
                0x0800d3cc       0x5c ./Middlewares/Third_Party/FreeRTOS/Source/portable/GCC/ARM_CM4F/port.o
 *fill*         0x0800d428        0x8 
 .text.SVC_Handler
                0x0800d430       0x28 ./Middlewares/Third_Party/FreeRTOS/Source/portable/GCC/ARM_CM4F/port.o
                0x0800d430                SVC_Handler
 .text.prvPortStartFirstTask
                0x0800d458       0x28 ./Middlewares/Third_Party/FreeRTOS/Source/portable/GCC/ARM_CM4F/port.o
 .text.xPortStartScheduler
                0x0800d480      0x148 ./Middlewares/Third_Party/FreeRTOS/Source/portable/GCC/ARM_CM4F/port.o
                0x0800d480                xPortStartScheduler
 .text.vPortEnterCritical
                0x0800d5c8       0x64 ./Middlewares/Third_Party/FreeRTOS/Source/portable/GCC/ARM_CM4F/port.o
                0x0800d5c8                vPortEnterCritical
 .text.vPortExitCritical
                0x0800d62c       0x54 ./Middlewares/Third_Party/FreeRTOS/Source/portable/GCC/ARM_CM4F/port.o
                0x0800d62c                vPortExitCritical
 .text.PendSV_Handler
                0x0800d680       0x68 ./Middlewares/Third_Party/FreeRTOS/Source/portable/GCC/ARM_CM4F/port.o
                0x0800d680                PendSV_Handler
 .text.xPortSysTickHandler
                0x0800d6e8       0x44 ./Middlewares/Third_Party/FreeRTOS/Source/portable/GCC/ARM_CM4F/port.o
                0x0800d6e8                xPortSysTickHandler
 .text.vPortSetupTimerInterrupt
                0x0800d72c       0x48 ./Middlewares/Third_Party/FreeRTOS/Source/portable/GCC/ARM_CM4F/port.o
                0x0800d72c                vPortSetupTimerInterrupt
 .text.vPortEnableVFP
                0x0800d774       0x14 ./Middlewares/Third_Party/FreeRTOS/Source/portable/GCC/ARM_CM4F/port.o
 .text.vPortValidateInterruptPriority
                0x0800d788       0x84 ./Middlewares/Third_Party/FreeRTOS/Source/portable/GCC/ARM_CM4F/port.o
                0x0800d788                vPortValidateInterruptPriority
 .text.pvPortMalloc
                0x0800d80c      0x19c ./Middlewares/Third_Party/FreeRTOS/Source/portable/MemMang/heap_4.o
                0x0800d80c                pvPortMalloc
 .text.vPortFree
                0x0800d9a8       0xc8 ./Middlewares/Third_Party/FreeRTOS/Source/portable/MemMang/heap_4.o
                0x0800d9a8                vPortFree
 .text.prvHeapInit
                0x0800da70       0xc4 ./Middlewares/Third_Party/FreeRTOS/Source/portable/MemMang/heap_4.o
 .text.prvInsertBlockIntoFreeList
                0x0800db34       0xb4 ./Middlewares/Third_Party/FreeRTOS/Source/portable/MemMang/heap_4.o
 .text.__cvt    0x0800dbe8       0xca /Applications/STM32CubeIDE.app/Contents/Eclipse/plugins/com.st.stm32cube.ide.mcu.externaltools.gnu-tools-for-stm32.13.3.rel1.macos64_1.0.0.202411102158/tools/bin/../lib/gcc/arm-none-eabi/13.3.1/../../../../arm-none-eabi/lib/thumb/v7e-m+fp/hard/libc_nano.a(libc_a-nano-vfprintf_float.o)
                0x0800dbe8                __cvt
 .text.__exponent
                0x0800dcb2       0x74 /Applications/STM32CubeIDE.app/Contents/Eclipse/plugins/com.st.stm32cube.ide.mcu.externaltools.gnu-tools-for-stm32.13.3.rel1.macos64_1.0.0.202411102158/tools/bin/../lib/gcc/arm-none-eabi/13.3.1/../../../../arm-none-eabi/lib/thumb/v7e-m+fp/hard/libc_nano.a(libc_a-nano-vfprintf_float.o)
                0x0800dcb2                __exponent
 *fill*         0x0800dd26        0x2 
 .text._printf_float
                0x0800dd28      0x454 /Applications/STM32CubeIDE.app/Contents/Eclipse/plugins/com.st.stm32cube.ide.mcu.externaltools.gnu-tools-for-stm32.13.3.rel1.macos64_1.0.0.202411102158/tools/bin/../lib/gcc/arm-none-eabi/13.3.1/../../../../arm-none-eabi/lib/thumb/v7e-m+fp/hard/libc_nano.a(libc_a-nano-vfprintf_float.o)
                0x0800dd28                _printf_float
 .text.malloc   0x0800e17c       0x10 /Applications/STM32CubeIDE.app/Contents/Eclipse/plugins/com.st.stm32cube.ide.mcu.externaltools.gnu-tools-for-stm32.13.3.rel1.macos64_1.0.0.202411102158/tools/bin/../lib/gcc/arm-none-eabi/13.3.1/../../../../arm-none-eabi/lib/thumb/v7e-m+fp/hard/libc_nano.a(libc_a-malloc.o)
                0x0800e17c                malloc
 .text.free     0x0800e18c       0x10 /Applications/STM32CubeIDE.app/Contents/Eclipse/plugins/com.st.stm32cube.ide.mcu.externaltools.gnu-tools-for-stm32.13.3.rel1.macos64_1.0.0.202411102158/tools/bin/../lib/gcc/arm-none-eabi/13.3.1/../../../../arm-none-eabi/lib/thumb/v7e-m+fp/hard/libc_nano.a(libc_a-malloc.o)
                0x0800e18c                free
 .text.sbrk_aligned
                0x0800e19c       0x44 /Applications/STM32CubeIDE.app/Contents/Eclipse/plugins/com.st.stm32cube.ide.mcu.externaltools.gnu-tools-for-stm32.13.3.rel1.macos64_1.0.0.202411102158/tools/bin/../lib/gcc/arm-none-eabi/13.3.1/../../../../arm-none-eabi/lib/thumb/v7e-m+fp/hard/libc_nano.a(libc_a-mallocr.o)
 .text._malloc_r
                0x0800e1e0      0x100 /Applications/STM32CubeIDE.app/Contents/Eclipse/plugins/com.st.stm32cube.ide.mcu.externaltools.gnu-tools-for-stm32.13.3.rel1.macos64_1.0.0.202411102158/tools/bin/../lib/gcc/arm-none-eabi/13.3.1/../../../../arm-none-eabi/lib/thumb/v7e-m+fp/hard/libc_nano.a(libc_a-mallocr.o)
                0x0800e1e0                _malloc_r
 .text._printf_common
                0x0800e2e0       0xda /Applications/STM32CubeIDE.app/Contents/Eclipse/plugins/com.st.stm32cube.ide.mcu.externaltools.gnu-tools-for-stm32.13.3.rel1.macos64_1.0.0.202411102158/tools/bin/../lib/gcc/arm-none-eabi/13.3.1/../../../../arm-none-eabi/lib/thumb/v7e-m+fp/hard/libc_nano.a(libc_a-nano-vfprintf_i.o)
                0x0800e2e0                _printf_common
 *fill*         0x0800e3ba        0x2 
 .text._printf_i
                0x0800e3bc      0x23c /Applications/STM32CubeIDE.app/Contents/Eclipse/plugins/com.st.stm32cube.ide.mcu.externaltools.gnu-tools-for-stm32.13.3.rel1.macos64_1.0.0.202411102158/tools/bin/../lib/gcc/arm-none-eabi/13.3.1/../../../../arm-none-eabi/lib/thumb/v7e-m+fp/hard/libc_nano.a(libc_a-nano-vfprintf_i.o)
                0x0800e3bc                _printf_i
 .text.snprintf
                0x0800e5f8       0x6c /Applications/STM32CubeIDE.app/Contents/Eclipse/plugins/com.st.stm32cube.ide.mcu.externaltools.gnu-tools-for-stm32.13.3.rel1.macos64_1.0.0.202411102158/tools/bin/../lib/gcc/arm-none-eabi/13.3.1/../../../../arm-none-eabi/lib/thumb/v7e-m+fp/hard/libc_nano.a(libc_a-snprintf.o)
                0x0800e5f8                snprintf
                0x0800e5f8                sniprintf
 .text.__malloc_lock
                0x0800e664        0xc /Applications/STM32CubeIDE.app/Contents/Eclipse/plugins/com.st.stm32cube.ide.mcu.externaltools.gnu-tools-for-stm32.13.3.rel1.macos64_1.0.0.202411102158/tools/bin/../lib/gcc/arm-none-eabi/13.3.1/../../../../arm-none-eabi/lib/thumb/v7e-m+fp/hard/libc_nano.a(libc_a-mlock.o)
                0x0800e664                __malloc_lock
 .text.__malloc_unlock
                0x0800e670        0xc /Applications/STM32CubeIDE.app/Contents/Eclipse/plugins/com.st.stm32cube.ide.mcu.externaltools.gnu-tools-for-stm32.13.3.rel1.macos64_1.0.0.202411102158/tools/bin/../lib/gcc/arm-none-eabi/13.3.1/../../../../arm-none-eabi/lib/thumb/v7e-m+fp/hard/libc_nano.a(libc_a-mlock.o)
                0x0800e670                __malloc_unlock
 .text.std      0x0800e67c       0x6c /Applications/STM32CubeIDE.app/Contents/Eclipse/plugins/com.st.stm32cube.ide.mcu.externaltools.gnu-tools-for-stm32.13.3.rel1.macos64_1.0.0.202411102158/tools/bin/../lib/gcc/arm-none-eabi/13.3.1/../../../../arm-none-eabi/lib/thumb/v7e-m+fp/hard/libc_nano.a(libc_a-findfp.o)
 .text.stdio_exit_handler
                0x0800e6e8       0x18 /Applications/STM32CubeIDE.app/Contents/Eclipse/plugins/com.st.stm32cube.ide.mcu.externaltools.gnu-tools-for-stm32.13.3.rel1.macos64_1.0.0.202411102158/tools/bin/../lib/gcc/arm-none-eabi/13.3.1/../../../../arm-none-eabi/lib/thumb/v7e-m+fp/hard/libc_nano.a(libc_a-findfp.o)
 .text.cleanup_stdio
                0x0800e700       0x40 /Applications/STM32CubeIDE.app/Contents/Eclipse/plugins/com.st.stm32cube.ide.mcu.externaltools.gnu-tools-for-stm32.13.3.rel1.macos64_1.0.0.202411102158/tools/bin/../lib/gcc/arm-none-eabi/13.3.1/../../../../arm-none-eabi/lib/thumb/v7e-m+fp/hard/libc_nano.a(libc_a-findfp.o)
 .text.global_stdio_init.part.0
                0x0800e740       0x3c /Applications/STM32CubeIDE.app/Contents/Eclipse/plugins/com.st.stm32cube.ide.mcu.externaltools.gnu-tools-for-stm32.13.3.rel1.macos64_1.0.0.202411102158/tools/bin/../lib/gcc/arm-none-eabi/13.3.1/../../../../arm-none-eabi/lib/thumb/v7e-m+fp/hard/libc_nano.a(libc_a-findfp.o)
 .text.__sfp_lock_acquire
                0x0800e77c        0xc /Applications/STM32CubeIDE.app/Contents/Eclipse/plugins/com.st.stm32cube.ide.mcu.externaltools.gnu-tools-for-stm32.13.3.rel1.macos64_1.0.0.202411102158/tools/bin/../lib/gcc/arm-none-eabi/13.3.1/../../../../arm-none-eabi/lib/thumb/v7e-m+fp/hard/libc_nano.a(libc_a-findfp.o)
                0x0800e77c                __sfp_lock_acquire
 .text.__sfp_lock_release
                0x0800e788        0xc /Applications/STM32CubeIDE.app/Contents/Eclipse/plugins/com.st.stm32cube.ide.mcu.externaltools.gnu-tools-for-stm32.13.3.rel1.macos64_1.0.0.202411102158/tools/bin/../lib/gcc/arm-none-eabi/13.3.1/../../../../arm-none-eabi/lib/thumb/v7e-m+fp/hard/libc_nano.a(libc_a-findfp.o)
                0x0800e788                __sfp_lock_release
 .text.__sinit  0x0800e794       0x30 /Applications/STM32CubeIDE.app/Contents/Eclipse/plugins/com.st.stm32cube.ide.mcu.externaltools.gnu-tools-for-stm32.13.3.rel1.macos64_1.0.0.202411102158/tools/bin/../lib/gcc/arm-none-eabi/13.3.1/../../../../arm-none-eabi/lib/thumb/v7e-m+fp/hard/libc_nano.a(libc_a-findfp.o)
                0x0800e794                __sinit
 .text.sulp     0x0800e7c4       0x3c /Applications/STM32CubeIDE.app/Contents/Eclipse/plugins/com.st.stm32cube.ide.mcu.externaltools.gnu-tools-for-stm32.13.3.rel1.macos64_1.0.0.202411102158/tools/bin/../lib/gcc/arm-none-eabi/13.3.1/../../../../arm-none-eabi/lib/thumb/v7e-m+fp/hard/libc_nano.a(libc_a-strtod.o)
 .text._strtod_l
                0x0800e800      0xbc8 /Applications/STM32CubeIDE.app/Contents/Eclipse/plugins/com.st.stm32cube.ide.mcu.externaltools.gnu-tools-for-stm32.13.3.rel1.macos64_1.0.0.202411102158/tools/bin/../lib/gcc/arm-none-eabi/13.3.1/../../../../arm-none-eabi/lib/thumb/v7e-m+fp/hard/libc_nano.a(libc_a-strtod.o)
                0x0800e800                _strtod_l
 .text.strtof   0x0800f3c8       0xc8 /Applications/STM32CubeIDE.app/Contents/Eclipse/plugins/com.st.stm32cube.ide.mcu.externaltools.gnu-tools-for-stm32.13.3.rel1.macos64_1.0.0.202411102158/tools/bin/../lib/gcc/arm-none-eabi/13.3.1/../../../../arm-none-eabi/lib/thumb/v7e-m+fp/hard/libc_nano.a(libc_a-strtod.o)
                0x0800f3c8                strtof
 .text._strtol_l.isra.0
                0x0800f490       0xf4 /Applications/STM32CubeIDE.app/Contents/Eclipse/plugins/com.st.stm32cube.ide.mcu.externaltools.gnu-tools-for-stm32.13.3.rel1.macos64_1.0.0.202411102158/tools/bin/../lib/gcc/arm-none-eabi/13.3.1/../../../../arm-none-eabi/lib/thumb/v7e-m+fp/hard/libc_nano.a(libc_a-strtol.o)
 .text.strtol   0x0800f584       0x14 /Applications/STM32CubeIDE.app/Contents/Eclipse/plugins/com.st.stm32cube.ide.mcu.externaltools.gnu-tools-for-stm32.13.3.rel1.macos64_1.0.0.202411102158/tools/bin/../lib/gcc/arm-none-eabi/13.3.1/../../../../arm-none-eabi/lib/thumb/v7e-m+fp/hard/libc_nano.a(libc_a-strtol.o)
                0x0800f584                strtol
 .text._fwalk_sglue
                0x0800f598       0x3c /Applications/STM32CubeIDE.app/Contents/Eclipse/plugins/com.st.stm32cube.ide.mcu.externaltools.gnu-tools-for-stm32.13.3.rel1.macos64_1.0.0.202411102158/tools/bin/../lib/gcc/arm-none-eabi/13.3.1/../../../../arm-none-eabi/lib/thumb/v7e-m+fp/hard/libc_nano.a(libc_a-fwalk.o)
                0x0800f598                _fwalk_sglue
 .text.memset   0x0800f5d4       0x10 /Applications/STM32CubeIDE.app/Contents/Eclipse/plugins/com.st.stm32cube.ide.mcu.externaltools.gnu-tools-for-stm32.13.3.rel1.macos64_1.0.0.202411102158/tools/bin/../lib/gcc/arm-none-eabi/13.3.1/../../../../arm-none-eabi/lib/thumb/v7e-m+fp/hard/libc_nano.a(libc_a-memset.o)
                0x0800f5d4                memset
 .text.strchr   0x0800f5e4       0x1a /Applications/STM32CubeIDE.app/Contents/Eclipse/plugins/com.st.stm32cube.ide.mcu.externaltools.gnu-tools-for-stm32.13.3.rel1.macos64_1.0.0.202411102158/tools/bin/../lib/gcc/arm-none-eabi/13.3.1/../../../../arm-none-eabi/lib/thumb/v7e-m+fp/hard/libc_nano.a(libc_a-strchr.o)
                0x0800f5e4                strchr
 .text.strncmp  0x0800f5fe       0x24 /Applications/STM32CubeIDE.app/Contents/Eclipse/plugins/com.st.stm32cube.ide.mcu.externaltools.gnu-tools-for-stm32.13.3.rel1.macos64_1.0.0.202411102158/tools/bin/../lib/gcc/arm-none-eabi/13.3.1/../../../../arm-none-eabi/lib/thumb/v7e-m+fp/hard/libc_nano.a(libc_a-strncmp.o)
                0x0800f5fe                strncmp
 *fill*         0x0800f622        0x2 
 .text._sbrk_r  0x0800f624       0x20 /Applications/STM32CubeIDE.app/Contents/Eclipse/plugins/com.st.stm32cube.ide.mcu.externaltools.gnu-tools-for-stm32.13.3.rel1.macos64_1.0.0.202411102158/tools/bin/../lib/gcc/arm-none-eabi/13.3.1/../../../../arm-none-eabi/lib/thumb/v7e-m+fp/hard/libc_nano.a(libc_a-sbrkr.o)
                0x0800f624                _sbrk_r
 .text.__errno  0x0800f644        0xc /Applications/STM32CubeIDE.app/Contents/Eclipse/plugins/com.st.stm32cube.ide.mcu.externaltools.gnu-tools-for-stm32.13.3.rel1.macos64_1.0.0.202411102158/tools/bin/../lib/gcc/arm-none-eabi/13.3.1/../../../../arm-none-eabi/lib/thumb/v7e-m+fp/hard/libc_nano.a(libc_a-errno.o)
                0x0800f644                __errno
 .text.__libc_init_array
                0x0800f650       0x48 /Applications/STM32CubeIDE.app/Contents/Eclipse/plugins/com.st.stm32cube.ide.mcu.externaltools.gnu-tools-for-stm32.13.3.rel1.macos64_1.0.0.202411102158/tools/bin/../lib/gcc/arm-none-eabi/13.3.1/../../../../arm-none-eabi/lib/thumb/v7e-m+fp/hard/libc_nano.a(libc_a-init.o)
                0x0800f650                __libc_init_array
 .text.__retarget_lock_init_recursive
                0x0800f698        0x2 /Applications/STM32CubeIDE.app/Contents/Eclipse/plugins/com.st.stm32cube.ide.mcu.externaltools.gnu-tools-for-stm32.13.3.rel1.macos64_1.0.0.202411102158/tools/bin/../lib/gcc/arm-none-eabi/13.3.1/../../../../arm-none-eabi/lib/thumb/v7e-m+fp/hard/libc_nano.a(libc_a-lock.o)
                0x0800f698                __retarget_lock_init_recursive
 .text.__retarget_lock_acquire_recursive
                0x0800f69a        0x2 /Applications/STM32CubeIDE.app/Contents/Eclipse/plugins/com.st.stm32cube.ide.mcu.externaltools.gnu-tools-for-stm32.13.3.rel1.macos64_1.0.0.202411102158/tools/bin/../lib/gcc/arm-none-eabi/13.3.1/../../../../arm-none-eabi/lib/thumb/v7e-m+fp/hard/libc_nano.a(libc_a-lock.o)
                0x0800f69a                __retarget_lock_acquire_recursive
 .text.__retarget_lock_release_recursive
                0x0800f69c        0x2 /Applications/STM32CubeIDE.app/Contents/Eclipse/plugins/com.st.stm32cube.ide.mcu.externaltools.gnu-tools-for-stm32.13.3.rel1.macos64_1.0.0.202411102158/tools/bin/../lib/gcc/arm-none-eabi/13.3.1/../../../../arm-none-eabi/lib/thumb/v7e-m+fp/hard/libc_nano.a(libc_a-lock.o)
                0x0800f69c                __retarget_lock_release_recursive
 *fill*         0x0800f69e        0x2 
 .text._localeconv_r
                0x0800f6a0        0x8 /Applications/STM32CubeIDE.app/Contents/Eclipse/plugins/com.st.stm32cube.ide.mcu.externaltools.gnu-tools-for-stm32.13.3.rel1.macos64_1.0.0.202411102158/tools/bin/../lib/gcc/arm-none-eabi/13.3.1/../../../../arm-none-eabi/lib/thumb/v7e-m+fp/hard/libc_nano.a(libc_a-localeconv.o)
                0x0800f6a0                _localeconv_r
 .text.memcpy   0x0800f6a8       0x1c /Applications/STM32CubeIDE.app/Contents/Eclipse/plugins/com.st.stm32cube.ide.mcu.externaltools.gnu-tools-for-stm32.13.3.rel1.macos64_1.0.0.202411102158/tools/bin/../lib/gcc/arm-none-eabi/13.3.1/../../../../arm-none-eabi/lib/thumb/v7e-m+fp/hard/libc_nano.a(libc_a-memcpy-stub.o)
                0x0800f6a8                memcpy
 *fill*         0x0800f6c4        0x4 
 .text.nan      0x0800f6c8       0x10 /Applications/STM32CubeIDE.app/Contents/Eclipse/plugins/com.st.stm32cube.ide.mcu.externaltools.gnu-tools-for-stm32.13.3.rel1.macos64_1.0.0.202411102158/tools/bin/../lib/gcc/arm-none-eabi/13.3.1/../../../../arm-none-eabi/lib/thumb/v7e-m+fp/hard/libc_nano.a(libm_a-s_nan.o)
                0x0800f6c8                nan
 .text.nanf     0x0800f6d8        0xc /Applications/STM32CubeIDE.app/Contents/Eclipse/plugins/com.st.stm32cube.ide.mcu.externaltools.gnu-tools-for-stm32.13.3.rel1.macos64_1.0.0.202411102158/tools/bin/../lib/gcc/arm-none-eabi/13.3.1/../../../../arm-none-eabi/lib/thumb/v7e-m+fp/hard/libc_nano.a(libm_a-sf_nan.o)
                0x0800f6d8                nanf
 .text.quorem   0x0800f6e4      0x110 /Applications/STM32CubeIDE.app/Contents/Eclipse/plugins/com.st.stm32cube.ide.mcu.externaltools.gnu-tools-for-stm32.13.3.rel1.macos64_1.0.0.202411102158/tools/bin/../lib/gcc/arm-none-eabi/13.3.1/../../../../arm-none-eabi/lib/thumb/v7e-m+fp/hard/libc_nano.a(libc_a-dtoa.o)
 *fill*         0x0800f7f4        0x4 
 .text._dtoa_r  0x0800f7f8      0xba0 /Applications/STM32CubeIDE.app/Contents/Eclipse/plugins/com.st.stm32cube.ide.mcu.externaltools.gnu-tools-for-stm32.13.3.rel1.macos64_1.0.0.202411102158/tools/bin/../lib/gcc/arm-none-eabi/13.3.1/../../../../arm-none-eabi/lib/thumb/v7e-m+fp/hard/libc_nano.a(libc_a-dtoa.o)
                0x0800f7f8                _dtoa_r
 .text._free_r  0x08010398       0x94 /Applications/STM32CubeIDE.app/Contents/Eclipse/plugins/com.st.stm32cube.ide.mcu.externaltools.gnu-tools-for-stm32.13.3.rel1.macos64_1.0.0.202411102158/tools/bin/../lib/gcc/arm-none-eabi/13.3.1/../../../../arm-none-eabi/lib/thumb/v7e-m+fp/hard/libc_nano.a(libc_a-freer.o)
                0x08010398                _free_r
 .text.rshift   0x0801042c       0xa4 /Applications/STM32CubeIDE.app/Contents/Eclipse/plugins/com.st.stm32cube.ide.mcu.externaltools.gnu-tools-for-stm32.13.3.rel1.macos64_1.0.0.202411102158/tools/bin/../lib/gcc/arm-none-eabi/13.3.1/../../../../arm-none-eabi/lib/thumb/v7e-m+fp/hard/libc_nano.a(libc_a-gdtoa-gethex.o)
 .text.__hexdig_fun
                0x080104d0       0x2a /Applications/STM32CubeIDE.app/Contents/Eclipse/plugins/com.st.stm32cube.ide.mcu.externaltools.gnu-tools-for-stm32.13.3.rel1.macos64_1.0.0.202411102158/tools/bin/../lib/gcc/arm-none-eabi/13.3.1/../../../../arm-none-eabi/lib/thumb/v7e-m+fp/hard/libc_nano.a(libc_a-gdtoa-gethex.o)
                0x080104d0                __hexdig_fun
 *fill*         0x080104fa        0x2 
 .text.__gethex
                0x080104fc      0x420 /Applications/STM32CubeIDE.app/Contents/Eclipse/plugins/com.st.stm32cube.ide.mcu.externaltools.gnu-tools-for-stm32.13.3.rel1.macos64_1.0.0.202411102158/tools/bin/../lib/gcc/arm-none-eabi/13.3.1/../../../../arm-none-eabi/lib/thumb/v7e-m+fp/hard/libc_nano.a(libc_a-gdtoa-gethex.o)
                0x080104fc                __gethex
 .text.L_shift  0x0801091c       0x24 /Applications/STM32CubeIDE.app/Contents/Eclipse/plugins/com.st.stm32cube.ide.mcu.externaltools.gnu-tools-for-stm32.13.3.rel1.macos64_1.0.0.202411102158/tools/bin/../lib/gcc/arm-none-eabi/13.3.1/../../../../arm-none-eabi/lib/thumb/v7e-m+fp/hard/libc_nano.a(libc_a-gdtoa-hexnan.o)
 .text.__match  0x08010940       0x28 /Applications/STM32CubeIDE.app/Contents/Eclipse/plugins/com.st.stm32cube.ide.mcu.externaltools.gnu-tools-for-stm32.13.3.rel1.macos64_1.0.0.202411102158/tools/bin/../lib/gcc/arm-none-eabi/13.3.1/../../../../arm-none-eabi/lib/thumb/v7e-m+fp/hard/libc_nano.a(libc_a-gdtoa-hexnan.o)
                0x08010940                __match
 .text.__hexnan
                0x08010968      0x136 /Applications/STM32CubeIDE.app/Contents/Eclipse/plugins/com.st.stm32cube.ide.mcu.externaltools.gnu-tools-for-stm32.13.3.rel1.macos64_1.0.0.202411102158/tools/bin/../lib/gcc/arm-none-eabi/13.3.1/../../../../arm-none-eabi/lib/thumb/v7e-m+fp/hard/libc_nano.a(libc_a-gdtoa-hexnan.o)
                0x08010968                __hexnan
 .text.__ssputs_r
                0x08010a9e       0xb6 /Applications/STM32CubeIDE.app/Contents/Eclipse/plugins/com.st.stm32cube.ide.mcu.externaltools.gnu-tools-for-stm32.13.3.rel1.macos64_1.0.0.202411102158/tools/bin/../lib/gcc/arm-none-eabi/13.3.1/../../../../arm-none-eabi/lib/thumb/v7e-m+fp/hard/libc_nano.a(libc_a-nano-svfprintf.o)
                0x08010a9e                __ssputs_r
 .text._svfprintf_r
                0x08010b54      0x1f8 /Applications/STM32CubeIDE.app/Contents/Eclipse/plugins/com.st.stm32cube.ide.mcu.externaltools.gnu-tools-for-stm32.13.3.rel1.macos64_1.0.0.202411102158/tools/bin/../lib/gcc/arm-none-eabi/13.3.1/../../../../arm-none-eabi/lib/thumb/v7e-m+fp/hard/libc_nano.a(libc_a-nano-svfprintf.o)
                0x08010b54                _svfprintf_r
                0x08010b54                _svfiprintf_r
 .text.__ascii_mbtowc
                0x08010d4c       0x24 /Applications/STM32CubeIDE.app/Contents/Eclipse/plugins/com.st.stm32cube.ide.mcu.externaltools.gnu-tools-for-stm32.13.3.rel1.macos64_1.0.0.202411102158/tools/bin/../lib/gcc/arm-none-eabi/13.3.1/../../../../arm-none-eabi/lib/thumb/v7e-m+fp/hard/libc_nano.a(libc_a-mbtowc_r.o)
                0x08010d4c                __ascii_mbtowc
 .text.__sflush_r
                0x08010d70      0x108 /Applications/STM32CubeIDE.app/Contents/Eclipse/plugins/com.st.stm32cube.ide.mcu.externaltools.gnu-tools-for-stm32.13.3.rel1.macos64_1.0.0.202411102158/tools/bin/../lib/gcc/arm-none-eabi/13.3.1/../../../../arm-none-eabi/lib/thumb/v7e-m+fp/hard/libc_nano.a(libc_a-fflush.o)
                0x08010d70                __sflush_r
 .text._fflush_r
                0x08010e78       0x50 /Applications/STM32CubeIDE.app/Contents/Eclipse/plugins/com.st.stm32cube.ide.mcu.externaltools.gnu-tools-for-stm32.13.3.rel1.macos64_1.0.0.202411102158/tools/bin/../lib/gcc/arm-none-eabi/13.3.1/../../../../arm-none-eabi/lib/thumb/v7e-m+fp/hard/libc_nano.a(libc_a-fflush.o)
                0x08010e78                _fflush_r
 .text._Balloc  0x08010ec8       0x80 /Applications/STM32CubeIDE.app/Contents/Eclipse/plugins/com.st.stm32cube.ide.mcu.externaltools.gnu-tools-for-stm32.13.3.rel1.macos64_1.0.0.202411102158/tools/bin/../lib/gcc/arm-none-eabi/13.3.1/../../../../arm-none-eabi/lib/thumb/v7e-m+fp/hard/libc_nano.a(libc_a-mprec.o)
                0x08010ec8                _Balloc
 .text._Bfree   0x08010f48       0x44 /Applications/STM32CubeIDE.app/Contents/Eclipse/plugins/com.st.stm32cube.ide.mcu.externaltools.gnu-tools-for-stm32.13.3.rel1.macos64_1.0.0.202411102158/tools/bin/../lib/gcc/arm-none-eabi/13.3.1/../../../../arm-none-eabi/lib/thumb/v7e-m+fp/hard/libc_nano.a(libc_a-mprec.o)
                0x08010f48                _Bfree
 .text.__multadd
                0x08010f8c       0x8c /Applications/STM32CubeIDE.app/Contents/Eclipse/plugins/com.st.stm32cube.ide.mcu.externaltools.gnu-tools-for-stm32.13.3.rel1.macos64_1.0.0.202411102158/tools/bin/../lib/gcc/arm-none-eabi/13.3.1/../../../../arm-none-eabi/lib/thumb/v7e-m+fp/hard/libc_nano.a(libc_a-mprec.o)
                0x08010f8c                __multadd
 .text.__s2b    0x08011018       0x94 /Applications/STM32CubeIDE.app/Contents/Eclipse/plugins/com.st.stm32cube.ide.mcu.externaltools.gnu-tools-for-stm32.13.3.rel1.macos64_1.0.0.202411102158/tools/bin/../lib/gcc/arm-none-eabi/13.3.1/../../../../arm-none-eabi/lib/thumb/v7e-m+fp/hard/libc_nano.a(libc_a-mprec.o)
                0x08011018                __s2b
 .text.__hi0bits
                0x080110ac       0x3e /Applications/STM32CubeIDE.app/Contents/Eclipse/plugins/com.st.stm32cube.ide.mcu.externaltools.gnu-tools-for-stm32.13.3.rel1.macos64_1.0.0.202411102158/tools/bin/../lib/gcc/arm-none-eabi/13.3.1/../../../../arm-none-eabi/lib/thumb/v7e-m+fp/hard/libc_nano.a(libc_a-mprec.o)
                0x080110ac                __hi0bits
 .text.__lo0bits
                0x080110ea       0x5a /Applications/STM32CubeIDE.app/Contents/Eclipse/plugins/com.st.stm32cube.ide.mcu.externaltools.gnu-tools-for-stm32.13.3.rel1.macos64_1.0.0.202411102158/tools/bin/../lib/gcc/arm-none-eabi/13.3.1/../../../../arm-none-eabi/lib/thumb/v7e-m+fp/hard/libc_nano.a(libc_a-mprec.o)
                0x080110ea                __lo0bits
 .text.__i2b    0x08011144       0x2c /Applications/STM32CubeIDE.app/Contents/Eclipse/plugins/com.st.stm32cube.ide.mcu.externaltools.gnu-tools-for-stm32.13.3.rel1.macos64_1.0.0.202411102158/tools/bin/../lib/gcc/arm-none-eabi/13.3.1/../../../../arm-none-eabi/lib/thumb/v7e-m+fp/hard/libc_nano.a(libc_a-mprec.o)
                0x08011144                __i2b
 .text.__multiply
                0x08011170      0x144 /Applications/STM32CubeIDE.app/Contents/Eclipse/plugins/com.st.stm32cube.ide.mcu.externaltools.gnu-tools-for-stm32.13.3.rel1.macos64_1.0.0.202411102158/tools/bin/../lib/gcc/arm-none-eabi/13.3.1/../../../../arm-none-eabi/lib/thumb/v7e-m+fp/hard/libc_nano.a(libc_a-mprec.o)
                0x08011170                __multiply
 .text.__pow5mult
                0x080112b4       0xb4 /Applications/STM32CubeIDE.app/Contents/Eclipse/plugins/com.st.stm32cube.ide.mcu.externaltools.gnu-tools-for-stm32.13.3.rel1.macos64_1.0.0.202411102158/tools/bin/../lib/gcc/arm-none-eabi/13.3.1/../../../../arm-none-eabi/lib/thumb/v7e-m+fp/hard/libc_nano.a(libc_a-mprec.o)
                0x080112b4                __pow5mult
 .text.__lshift
                0x08011368       0xd8 /Applications/STM32CubeIDE.app/Contents/Eclipse/plugins/com.st.stm32cube.ide.mcu.externaltools.gnu-tools-for-stm32.13.3.rel1.macos64_1.0.0.202411102158/tools/bin/../lib/gcc/arm-none-eabi/13.3.1/../../../../arm-none-eabi/lib/thumb/v7e-m+fp/hard/libc_nano.a(libc_a-mprec.o)
                0x08011368                __lshift
 .text.__mcmp   0x08011440       0x36 /Applications/STM32CubeIDE.app/Contents/Eclipse/plugins/com.st.stm32cube.ide.mcu.externaltools.gnu-tools-for-stm32.13.3.rel1.macos64_1.0.0.202411102158/tools/bin/../lib/gcc/arm-none-eabi/13.3.1/../../../../arm-none-eabi/lib/thumb/v7e-m+fp/hard/libc_nano.a(libc_a-mprec.o)
                0x08011440                __mcmp
 *fill*         0x08011476        0x2 
 .text.__mdiff  0x08011478      0x128 /Applications/STM32CubeIDE.app/Contents/Eclipse/plugins/com.st.stm32cube.ide.mcu.externaltools.gnu-tools-for-stm32.13.3.rel1.macos64_1.0.0.202411102158/tools/bin/../lib/gcc/arm-none-eabi/13.3.1/../../../../arm-none-eabi/lib/thumb/v7e-m+fp/hard/libc_nano.a(libc_a-mprec.o)
                0x08011478                __mdiff
 .text.__ulp    0x080115a0       0x4c /Applications/STM32CubeIDE.app/Contents/Eclipse/plugins/com.st.stm32cube.ide.mcu.externaltools.gnu-tools-for-stm32.13.3.rel1.macos64_1.0.0.202411102158/tools/bin/../lib/gcc/arm-none-eabi/13.3.1/../../../../arm-none-eabi/lib/thumb/v7e-m+fp/hard/libc_nano.a(libc_a-mprec.o)
                0x080115a0                __ulp
 .text.__b2d    0x080115ec       0x94 /Applications/STM32CubeIDE.app/Contents/Eclipse/plugins/com.st.stm32cube.ide.mcu.externaltools.gnu-tools-for-stm32.13.3.rel1.macos64_1.0.0.202411102158/tools/bin/../lib/gcc/arm-none-eabi/13.3.1/../../../../arm-none-eabi/lib/thumb/v7e-m+fp/hard/libc_nano.a(libc_a-mprec.o)
                0x080115ec                __b2d
 .text.__d2b    0x08011680       0xb0 /Applications/STM32CubeIDE.app/Contents/Eclipse/plugins/com.st.stm32cube.ide.mcu.externaltools.gnu-tools-for-stm32.13.3.rel1.macos64_1.0.0.202411102158/tools/bin/../lib/gcc/arm-none-eabi/13.3.1/../../../../arm-none-eabi/lib/thumb/v7e-m+fp/hard/libc_nano.a(libc_a-mprec.o)
                0x08011680                __d2b
 .text.__ratio  0x08011730       0x64 /Applications/STM32CubeIDE.app/Contents/Eclipse/plugins/com.st.stm32cube.ide.mcu.externaltools.gnu-tools-for-stm32.13.3.rel1.macos64_1.0.0.202411102158/tools/bin/../lib/gcc/arm-none-eabi/13.3.1/../../../../arm-none-eabi/lib/thumb/v7e-m+fp/hard/libc_nano.a(libc_a-mprec.o)
                0x08011730                __ratio
 .text.__copybits
                0x08011794       0x46 /Applications/STM32CubeIDE.app/Contents/Eclipse/plugins/com.st.stm32cube.ide.mcu.externaltools.gnu-tools-for-stm32.13.3.rel1.macos64_1.0.0.202411102158/tools/bin/../lib/gcc/arm-none-eabi/13.3.1/../../../../arm-none-eabi/lib/thumb/v7e-m+fp/hard/libc_nano.a(libc_a-mprec.o)
                0x08011794                __copybits
 .text.__any_on
                0x080117da       0x42 /Applications/STM32CubeIDE.app/Contents/Eclipse/plugins/com.st.stm32cube.ide.mcu.externaltools.gnu-tools-for-stm32.13.3.rel1.macos64_1.0.0.202411102158/tools/bin/../lib/gcc/arm-none-eabi/13.3.1/../../../../arm-none-eabi/lib/thumb/v7e-m+fp/hard/libc_nano.a(libc_a-mprec.o)
                0x080117da                __any_on
 .text.__sread  0x0801181c       0x22 /Applications/STM32CubeIDE.app/Contents/Eclipse/plugins/com.st.stm32cube.ide.mcu.externaltools.gnu-tools-for-stm32.13.3.rel1.macos64_1.0.0.202411102158/tools/bin/../lib/gcc/arm-none-eabi/13.3.1/../../../../arm-none-eabi/lib/thumb/v7e-m+fp/hard/libc_nano.a(libc_a-stdio.o)
                0x0801181c                __sread
 .text.__swrite
                0x0801183e       0x38 /Applications/STM32CubeIDE.app/Contents/Eclipse/plugins/com.st.stm32cube.ide.mcu.externaltools.gnu-tools-for-stm32.13.3.rel1.macos64_1.0.0.202411102158/tools/bin/../lib/gcc/arm-none-eabi/13.3.1/../../../../arm-none-eabi/lib/thumb/v7e-m+fp/hard/libc_nano.a(libc_a-stdio.o)
                0x0801183e                __swrite
 .text.__sseek  0x08011876       0x24 /Applications/STM32CubeIDE.app/Contents/Eclipse/plugins/com.st.stm32cube.ide.mcu.externaltools.gnu-tools-for-stm32.13.3.rel1.macos64_1.0.0.202411102158/tools/bin/../lib/gcc/arm-none-eabi/13.3.1/../../../../arm-none-eabi/lib/thumb/v7e-m+fp/hard/libc_nano.a(libc_a-stdio.o)
                0x08011876                __sseek
 .text.__sclose
                0x0801189a        0x8 /Applications/STM32CubeIDE.app/Contents/Eclipse/plugins/com.st.stm32cube.ide.mcu.externaltools.gnu-tools-for-stm32.13.3.rel1.macos64_1.0.0.202411102158/tools/bin/../lib/gcc/arm-none-eabi/13.3.1/../../../../arm-none-eabi/lib/thumb/v7e-m+fp/hard/libc_nano.a(libc_a-stdio.o)
                0x0801189a                __sclose
 .text._realloc_r
                0x080118a2       0x5c /Applications/STM32CubeIDE.app/Contents/Eclipse/plugins/com.st.stm32cube.ide.mcu.externaltools.gnu-tools-for-stm32.13.3.rel1.macos64_1.0.0.202411102158/tools/bin/../lib/gcc/arm-none-eabi/13.3.1/../../../../arm-none-eabi/lib/thumb/v7e-m+fp/hard/libc_nano.a(libc_a-reallocr.o)
                0x080118a2                _realloc_r
 .text.__ascii_wctomb
                0x080118fe       0x1a /Applications/STM32CubeIDE.app/Contents/Eclipse/plugins/com.st.stm32cube.ide.mcu.externaltools.gnu-tools-for-stm32.13.3.rel1.macos64_1.0.0.202411102158/tools/bin/../lib/gcc/arm-none-eabi/13.3.1/../../../../arm-none-eabi/lib/thumb/v7e-m+fp/hard/libc_nano.a(libc_a-wctomb_r.o)
                0x080118fe                __ascii_wctomb
 .text.memmove  0x08011918       0x34 /Applications/STM32CubeIDE.app/Contents/Eclipse/plugins/com.st.stm32cube.ide.mcu.externaltools.gnu-tools-for-stm32.13.3.rel1.macos64_1.0.0.202411102158/tools/bin/../lib/gcc/arm-none-eabi/13.3.1/../../../../arm-none-eabi/lib/thumb/v7e-m+fp/hard/libc_nano.a(libc_a-memmove.o)
                0x08011918                memmove
 .text._lseek_r
                0x0801194c       0x24 /Applications/STM32CubeIDE.app/Contents/Eclipse/plugins/com.st.stm32cube.ide.mcu.externaltools.gnu-tools-for-stm32.13.3.rel1.macos64_1.0.0.202411102158/tools/bin/../lib/gcc/arm-none-eabi/13.3.1/../../../../arm-none-eabi/lib/thumb/v7e-m+fp/hard/libc_nano.a(libc_a-lseekr.o)
                0x0801194c                _lseek_r
 .text._read_r  0x08011970       0x24 /Applications/STM32CubeIDE.app/Contents/Eclipse/plugins/com.st.stm32cube.ide.mcu.externaltools.gnu-tools-for-stm32.13.3.rel1.macos64_1.0.0.202411102158/tools/bin/../lib/gcc/arm-none-eabi/13.3.1/../../../../arm-none-eabi/lib/thumb/v7e-m+fp/hard/libc_nano.a(libc_a-readr.o)
                0x08011970                _read_r
 .text._write_r
                0x08011994       0x24 /Applications/STM32CubeIDE.app/Contents/Eclipse/plugins/com.st.stm32cube.ide.mcu.externaltools.gnu-tools-for-stm32.13.3.rel1.macos64_1.0.0.202411102158/tools/bin/../lib/gcc/arm-none-eabi/13.3.1/../../../../arm-none-eabi/lib/thumb/v7e-m+fp/hard/libc_nano.a(libc_a-writer.o)
                0x08011994                _write_r
 .text._close_r
                0x080119b8       0x20 /Applications/STM32CubeIDE.app/Contents/Eclipse/plugins/com.st.stm32cube.ide.mcu.externaltools.gnu-tools-for-stm32.13.3.rel1.macos64_1.0.0.202411102158/tools/bin/../lib/gcc/arm-none-eabi/13.3.1/../../../../arm-none-eabi/lib/thumb/v7e-m+fp/hard/libc_nano.a(libc_a-closer.o)
                0x080119b8                _close_r
 .text.__assert_func
                0x080119d8       0x3c /Applications/STM32CubeIDE.app/Contents/Eclipse/plugins/com.st.stm32cube.ide.mcu.externaltools.gnu-tools-for-stm32.13.3.rel1.macos64_1.0.0.202411102158/tools/bin/../lib/gcc/arm-none-eabi/13.3.1/../../../../arm-none-eabi/lib/thumb/v7e-m+fp/hard/libc_nano.a(libc_a-assert.o)
                0x080119d8                __assert_func
 .text._calloc_r