../Core/Src/imu.c:35:13:imu_i2c_lock	8	static
../Core/Src/imu.c:46:13:imu_i2c_unlock	8	static
../Core/Src/imu.c:53:13:mag_cal_reset_	4	static
../Core/Src/imu.c:68:21:wrap180	16	static
../Core/Src/imu.c:90:13:imu_calibrate_bias_	32	static
../Core/Src/imu.c:116:6:imu_init	24	static
../Core/Src/imu.c:145:6:imu_calibrate_bias_blocking	32	static
../Core/Src/imu.c:160:7:imu_get_yaw	4	static
../Core/Src/imu.c:165:6:imu_zero_yaw	4	static
../Core/Src/imu.c:169:6:imu_mag_reset_calibration	8	static
../Core/Src/imu.c:173:5:imu_read_temperature_c	24	static
../Core/Src/imu.c:184:5:imu_read_mag_heading_deg	80	static
../Core/Src/imu.c:228:6:Gyro_Read_Z	24	static
../Core/Src/imu.c:250:6:imu_update_yaw_100Hz	16	static
../Core/Src/imu.c:280:7:imu_get_gyro_bias	4	static
../Core/Src/imu.c:285:6:imu_set_gyro_bias	16	static
../Core/Src/imu.c:290:7:imu_get_scale_factor	4	static
../Core/Src/imu.c:295:6:imu_set_scale_factor	16	static
